Archive member included to satisfy reference by file (symbol)

/home/huekh/SimplicityStudio/v4_workspace/Mesh_Empty_Recieve_Data/protocol/bluetooth/lib/EFR32XG13X/GCC/libpsstore.a(store.c.obj)
                              (__nvm3Base)
/home/huekh/SimplicityStudio/v4_workspace/Mesh_Empty_Recieve_Data/protocol/bluetooth/lib/EFR32XG13X/GCC/libpsstore.a(crc32.c.obj)
                              store.c.obj (symbol from plugin) (bg_crc_init)
/home/huekh/SimplicityStudio/v4_workspace/Mesh_Empty_Recieve_Data/protocol/bluetooth/lib/EFR32XG13X/GCC/libbluetooth_mesh.a(bgapi.c.obj)
                              ./main.o (symbol from plugin) (gecko_cmd_msg_buf)
/home/huekh/SimplicityStudio/v4_workspace/Mesh_Empty_Recieve_Data/protocol/bluetooth/lib/EFR32XG13X/GCC/libbluetooth_mesh.a(bgapi_gatt.c.obj)
                              bgapi.c.obj (symbol from plugin) (bgapi_gatt_listener)
/home/huekh/SimplicityStudio/v4_workspace/Mesh_Empty_Recieve_Data/protocol/bluetooth/lib/EFR32XG13X/GCC/libbluetooth_mesh.a(bgapi_gatt_lib.c.obj)
                              ./main.o (symbol from plugin) (sli_bt_cmd_gatt_server_send_user_write_response)
/home/huekh/SimplicityStudio/v4_workspace/Mesh_Empty_Recieve_Data/protocol/bluetooth/lib/EFR32XG13X/GCC/libbluetooth_mesh.a(bgapi_hardware.c.obj)
                              ./main.o (symbol from plugin) (sli_bt_cmd_hardware_set_soft_timer)
/home/huekh/SimplicityStudio/v4_workspace/Mesh_Empty_Recieve_Data/protocol/bluetooth/lib/EFR32XG13X/GCC/libbluetooth_mesh.a(bgapi_le_connection.c.obj)
                              ./main.o (symbol from plugin) (sli_bt_cmd_le_connection_close)
/home/huekh/SimplicityStudio/v4_workspace/Mesh_Empty_Recieve_Data/protocol/bluetooth/lib/EFR32XG13X/GCC/libbluetooth_mesh.a(bgapi_ps.c.obj)
                              ./main.o (symbol from plugin) (sli_bt_cmd_flash_ps_erase_all)
/home/huekh/SimplicityStudio/v4_workspace/Mesh_Empty_Recieve_Data/protocol/bluetooth/lib/EFR32XG13X/GCC/libbluetooth_mesh.a(bgapi_system.c.obj)
                              ./main.o (symbol from plugin) (sli_bt_cmd_system_get_bt_address)
/home/huekh/SimplicityStudio/v4_workspace/Mesh_Empty_Recieve_Data/protocol/bluetooth/lib/EFR32XG13X/GCC/libbluetooth_mesh.a(bgbuf.c.obj)
                              bgapi.c.obj (symbol from plugin) (bgbuf_chain_free)
/home/huekh/SimplicityStudio/v4_workspace/Mesh_Empty_Recieve_Data/protocol/bluetooth/lib/EFR32XG13X/GCC/libbluetooth_mesh.a(bglib.c.obj)
                              ./main.o (symbol from plugin) (gecko_wait_event)
/home/huekh/SimplicityStudio/v4_workspace/Mesh_Empty_Recieve_Data/protocol/bluetooth/lib/EFR32XG13X/GCC/libbluetooth_mesh.a(bondingdb.c.obj)
                              bglib.c.obj (symbol from plugin) (bondingdb_get_max_bonds)
/home/huekh/SimplicityStudio/v4_workspace/Mesh_Empty_Recieve_Data/protocol/bluetooth/lib/EFR32XG13X/GCC/libbluetooth_mesh.a(btl_interface.c.obj)
                              bgapi.c.obj (symbol from plugin) (bootloader_getInfo)
/home/huekh/SimplicityStudio/v4_workspace/Mesh_Empty_Recieve_Data/protocol/bluetooth/lib/EFR32XG13X/GCC/libbluetooth_mesh.a(efr32xg1x.c.obj)
                              bglib.c.obj (symbol from plugin) (bg_hal_set_ctune)
/home/huekh/SimplicityStudio/v4_workspace/Mesh_Empty_Recieve_Data/protocol/bluetooth/lib/EFR32XG13X/GCC/libbluetooth_mesh.a(gap.c.obj)
                              bglib.c.obj (symbol from plugin) (gap_reset_state)
/home/huekh/SimplicityStudio/v4_workspace/Mesh_Empty_Recieve_Data/protocol/bluetooth/lib/EFR32XG13X/GCC/libbluetooth_mesh.a(gap_adv.c.obj)
                              gap.c.obj (symbol from plugin) (gap_adv_update)
/home/huekh/SimplicityStudio/v4_workspace/Mesh_Empty_Recieve_Data/protocol/bluetooth/lib/EFR32XG13X/GCC/libbluetooth_mesh.a(gap_periodic_adv-stubs.c.obj)
                              bglib.c.obj (symbol from plugin) (ubt_gap_alloc_periodic_adv)
/home/huekh/SimplicityStudio/v4_workspace/Mesh_Empty_Recieve_Data/protocol/bluetooth/lib/EFR32XG13X/GCC/libbluetooth_mesh.a(gap_periodic_scan-stubs.c.obj)
                              bglib.c.obj (symbol from plugin) (ubt_gap_alloc_periodic_scan)
/home/huekh/SimplicityStudio/v4_workspace/Mesh_Empty_Recieve_Data/protocol/bluetooth/lib/EFR32XG13X/GCC/libbluetooth_mesh.a(gap_resolver.c.obj)
                              gap.c.obj (symbol from plugin) (gap_address_resolver_step)
/home/huekh/SimplicityStudio/v4_workspace/Mesh_Empty_Recieve_Data/protocol/bluetooth/lib/EFR32XG13X/GCC/libbluetooth_mesh.a(gap_scan.c.obj)
                              gap.c.obj (symbol from plugin) (gap_status_set_scan_packet)
/home/huekh/SimplicityStudio/v4_workspace/Mesh_Empty_Recieve_Data/protocol/bluetooth/lib/EFR32XG13X/GCC/libbluetooth_mesh.a(gap_whitelist-stubs.c.obj)
                              bondingdb.c.obj (symbol from plugin) (gap_whitelist_clear_list)
/home/huekh/SimplicityStudio/v4_workspace/Mesh_Empty_Recieve_Data/protocol/bluetooth/lib/EFR32XG13X/GCC/libbluetooth_mesh.a(gatt.c.obj)
[...]
Memory Configuration

Name             Origin             Length             Attributes
FLASH_BOOTLOADER 0x000000000fe10000 0x0000000000004000 xr
FLASH            0x0000000000000000 0x0000000000080000 xr
RAM              0x0000000020000000 0x0000000000010000 xrw
*default*        0x0000000000000000 0xffffffffffffffff

Linker script and memory map

LOAD /opt/SimplicityStudio_v4/developer/toolchains/gnu_arm/7.2_2017q4/bin/../lib/gcc/arm-none-eabi/7.2.1/thumb/v7e-m/fpv4-sp/softfp/crti.o
LOAD /opt/SimplicityStudio_v4/developer/toolchains/gnu_arm/7.2_2017q4/bin/../lib/gcc/arm-none-eabi/7.2.1/thumb/v7e-m/fpv4-sp/softfp/crtbegin.o
LOAD /opt/SimplicityStudio_v4/developer/toolchains/gnu_arm/7.2_2017q4/bin/../lib/gcc/arm-none-eabi/7.2.1/../../../../arm-none-eabi/lib/thumb/v7e-m/fpv4-sp/softfp/crt0.o
START GROUP
LOAD /tmp/ccqSbVja.ltrans0.ltrans.o
LOAD /tmp/ccqSbVja.ltrans1.ltrans.o
LOAD /tmp/ccqSbVja.ltrans2.ltrans.o
LOAD /tmp/ccqSbVja.ltrans3.ltrans.o
LOAD /tmp/ccqSbVja.ltrans4.ltrans.o
LOAD /tmp/ccqSbVja.ltrans5.ltrans.o
LOAD /tmp/ccqSbVja.ltrans6.ltrans.o
LOAD /tmp/ccqSbVja.ltrans7.ltrans.o
LOAD /home/huekh/SimplicityStudio/v4_workspace/Mesh_Empty_Recieve_Data/protocol/bluetooth/lib/EFR32XG13X/GCC/libpsstore.a
LOAD /home/huekh/SimplicityStudio/v4_workspace/Mesh_Empty_Recieve_Data/protocol/bluetooth/lib/EFR32XG13X/GCC/binapploader.o
LOAD /home/huekh/SimplicityStudio/v4_workspace/Mesh_Empty_Recieve_Data/protocol/bluetooth/lib/EFR32XG13X/GCC/libcoex.a
LOAD /home/huekh/SimplicityStudio/v4_workspace/Mesh_Empty_Recieve_Data/protocol/bluetooth/lib/EFR32XG13X/GCC/libbluetooth_mesh.a
LOAD /opt/SimplicityStudio_v4/developer/toolchains/gnu_arm/7.2_2017q4/bin/../lib/gcc/arm-none-eabi/7.2.1/../../../../arm-none-eabi/lib/thumb/v7e-m/fpv4-sp/softfp/libm.a
END GROUP
START GROUP
LOAD /opt/SimplicityStudio_v4/developer/toolchains/gnu_arm/7.2_2017q4/bin/../lib/gcc/arm-none-eabi/7.2.1/thumb/v7e-m/fpv4-sp/softfp/libgcc.a
LOAD /opt/SimplicityStudio_v4/developer/toolchains/gnu_arm/7.2_2017q4/bin/../lib/gcc/arm-none-eabi/7.2.1/../../../../arm-none-eabi/lib/thumb/v7e-m/fpv4-sp/softfp/libc_nano.a
LOAD /opt/SimplicityStudio_v4/developer/toolchains/gnu_arm/7.2_2017q4/bin/../lib/gcc/arm-none-eabi/7.2.1/../../../../arm-none-eabi/lib/thumb/v7e-m/fpv4-sp/softfp/libnosys.a
END GROUP
START GROUP
LOAD /opt/SimplicityStudio_v4/developer/toolchains/gnu_arm/7.2_2017q4/bin/../lib/gcc/arm-none-eabi/7.2.1/thumb/v7e-m/fpv4-sp/softfp/libgcc.a
LOAD /opt/SimplicityStudio_v4/developer/toolchains/gnu_arm/7.2_2017q4/bin/../lib/gcc/arm-none-eabi/7.2.1/../../../../arm-none-eabi/lib/thumb/v7e-m/fpv4-sp/softfp/libg_nano.a
LOAD /opt/SimplicityStudio_v4/developer/toolchains/gnu_arm/7.2_2017q4/bin/../lib/gcc/arm-none-eabi/7.2.1/../../../../arm-none-eabi/lib/thumb/v7e-m/fpv4-sp/softfp/libc_nano.a
END GROUP
START GROUP
LOAD /opt/SimplicityStudio_v4/developer/toolchains/gnu_arm/7.2_2017q4/bin/../lib/gcc/arm-none-eabi/7.2.1/thumb/v7e-m/fpv4-sp/softfp/libgcc.a
LOAD /opt/SimplicityStudio_v4/developer/toolchains/gnu_arm/7.2_2017q4/bin/../lib/gcc/arm-none-eabi/7.2.1/../../../../arm-none-eabi/lib/thumb/v7e-m/fpv4-sp/softfp/libc_nano.a
END GROUP
LOAD /opt/SimplicityStudio_v4/developer/toolchains/gnu_arm/7.2_2017q4/bin/../lib/gcc/arm-none-eabi/7.2.1/thumb/v7e-m/fpv4-sp/softfp/crtend.o
LOAD /opt/SimplicityStudio_v4/developer/toolchains/gnu_arm/7.2_2017q4/bin/../lib/gcc/arm-none-eabi/7.2.1/thumb/v7e-m/fpv4-sp/softfp/crtn.o

.text_bootloader
                0x000000000fe10000        0x0
 *(.binbootloader*)
                0x000000000fe10000                . = ALIGN (0x4000)

.text_apploader
                0x0000000000000000     0xa7c0
 *(.binapploader*)
 .binapploader  0x0000000000000000     0xa7c0 /home/huekh/SimplicityStudio/v4_workspace/Mesh_Empty_Recieve_Data/protocol/bluetooth/lib/EFR32XG13X/GCC/binapploader.o

.text_signature
                0x000000000000a7c0       0x40
                0x000000000000a800                . = ALIGN (0x800)
 *fill*         0x000000000000a7c0       0x40 
                0x000000000000a800                __text_start__ = .

.text_application
                0x000000000000a800    0x36da8
 *(.vectors)
 .vectors       0x000000000000a800       0xfc /tmp/ccqSbVja.ltrans0.ltrans.o
                0x000000000000a800                __Vectors
                0x000000000000a8fc                __Vectors_End = .
                0x00000000000000fc                __Vectors_Size = (__Vectors_End - __Vectors)
                0x000000000000a8fc                __end__ = .
 *(.application_properties)
 .application_properties
                0x000000000000a8fc       0x40 /tmp/ccqSbVja.ltrans0.ltrans.o
                0x000000000000a8fc                bg_application_properties
 *(.gecko_configuration)
 *(.xo_configuration)
 *(.gatt_header)
 .gatt_header   0x000000000000a93c       0x34 /tmp/ccqSbVja.ltrans7.ltrans.o
                0x000000000000a93c                bg_gattdb_data
 *(.gatt_data)
 .gatt_data     0x000000000000a970      0x2b8 /tmp/ccqSbVja.ltrans7.ltrans.o
                0x000000000000a970                bg_gattdb_data_attribute_field_30
                0x000000000000a978                bg_gattdb_data_attribute_field_29
                0x000000000000a98e                bg_gattdb_data_attribute_field_28
                0x000000000000a9a0                bg_gattdb_data_attribute_field_26
                0x000000000000a9a8                bg_gattdb_data_attribute_field_25
                0x000000000000a9b0                bg_gattdb_data_attribute_field_24
                0x000000000000a9b8                bg_gattdb_data_attribute_field_23
                0x000000000000a9c0                bg_gattdb_data_attribute_field_22
                0x000000000000a9c4                bg_gattdb_data_attribute_field_20
                0x000000000000a9cc                bg_gattdb_data_attribute_field_19
                0x000000000000a9d4                bg_gattdb_data_attribute_field_18
                0x000000000000a9dc                bg_gattdb_data_attribute_field_17
                0x000000000000a9e4                bg_gattdb_data_attribute_field_16
                0x000000000000a9e8                bg_gattdb_data_attribute_field_15
                0x000000000000a9f6                bg_gattdb_data_attribute_field_14
                0x000000000000a9fe                bg_gattdb_data_attribute_field_13
                0x000000000000aa02                bg_gattdb_data_attribute_field_12
                0x000000000000aa06                bg_gattdb_data_attribute_field_11
                0x000000000000aa10                bg_gattdb_data_attribute_field_10
                0x000000000000aa18                bg_gattdb_data_attribute_field_9
                0x000000000000aa20                bg_gattdb_data_attribute_field_8
                0x000000000000aa24                bg_gattdb_data_attribute_field_7
                0x000000000000aa2c                bg_gattdb_data_attribute_field_6
                0x000000000000aa34                bg_gattdb_data_attribute_field_5
                0x000000000000aa3c                bg_gattdb_data_attribute_field_4
                0x000000000000aa44                bg_gattdb_data_attribute_field_2
                0x000000000000aa4c                bg_gattdb_data_attribute_field_1
                0x000000000000aa54                bg_gattdb_data_attribute_field_0
                0x000000000000aa58                bg_gattdb_data_adv_uuid128_map
                0x000000000000aa59                bg_gattdb_data_adv_uuid16_map
                0x000000000000aa5a                bg_gattdb_data_attributes_dynamic_mapping_map
                0x000000000000aa6c                bg_gattdb_data_uuidtable_128_map
                0x000000000000aa8c                bg_gattdb_data_uuidtable_16_map
                0x000000000000aab4                bg_gattdb_data_attributes_map
 *(.text*)
 .text          0x000000000000ac28       0x40 /opt/SimplicityStudio_v4/developer/toolchains/gnu_arm/7.2_2017q4/bin/../lib/gcc/arm-none-eabi/7.2.1/thumb/v7e-m/fpv4-sp/softfp/crtbegin.o
 .text          0x000000000000ac68       0x74 /opt/SimplicityStudio_v4/developer/toolchains/gnu_arm/7.2_2017q4/bin/../lib/gcc/arm-none-eabi/7.2.1/../../../../arm-none-eabi/lib/thumb/v7e-m/fpv4-sp/softfp/crt0.o
                0x000000000000ac68                _start
                0x000000000000ac68                _mainCRTStartup
 .text          0x000000000000acdc     0x6520 /tmp/ccqSbVja.ltrans0.ltrans.o
                0x000000000000af86                gecko_init_alloc
                0x000000000000b9a0                sleepCallbackWrapper.lto_priv.357
                0x000000000000bbc6                CRYPTO0_IRQHandler
                0x000000000000bbc6                EMU_IRQHandler
                0x000000000000bbc6                Default_Handler
                0x000000000000bf3c                Reset_Handler
                0x000000000000bf7c                CORE_EnterCritical
                0x000000000000bf84                hci_increase_token
                0x000000000000bf96                gatt_db_find_attribute_by_type
                0x000000000000bfcc                gatt_db_get_16bit_char_handle
                0x000000000000bff2                gatt_db_get_data
                0x000000000000c130                gatt_db_calculate_hash
                0x000000000000c208                validate_scanning_phymask.lto_priv.496
                0x000000000000c238                gap_set_advertising_timeout.part.6
                0x000000000000c2a4                check_private_address_and_timer
                0x000000000000c374                bondingdb_handle_valid.lto_priv.394
                0x000000000000c398                ubt_sm_get_bond_data
                0x000000000000c5b0                bondingdb_is_bonded
                0x000000000000c5d0                ubt_sm_set_bond_data
                0x000000000000c6f8                handle_database_changed.part.4.lto_priv.397
                0x000000000000c774                gecko_stack_update_callback
                0x000000000000c784                bgbuf_chain_add
                0x000000000000c798                bgbuf_chain_len
                0x000000000000ca30                gap_stop_advertising
                0x000000000000ca5c                bgbuf_prepend_no_alloc
                0x000000000000ca9e                bgbuf_chain_pop_packet
                0x000000000000cac4                bgbuf_append_data
                0x000000000000cae8                header_invalid
                0x000000000000cb06                crc32_calc.lto_priv.391
                0x000000000000cb34                find_obj
                0x000000000000cb90                flash_write_u32.lto_priv.390
                0x000000000000cc58                DMD_writeColor.part.2
                0x000000000000d01c                SYSTEM_ChipRevisionGet
                0x000000000000d050                MSC_Deinit
                0x000000000000d064                MSC_Init
                0x000000000000d084                erase_db
                0x000000000000d0b4                GPIO_PinModeSet
                0x000000000000d124                EMU_DCDCLnRcoBandSet
                0x000000000000d14c                EMU_VScaleGet.lto_priv.395
                0x000000000000d160                CORE_SetNvicRamTableHandler
                0x000000000000d170                CORE_EnterAtomic
                0x000000000000d178                CORE_ExitCritical
                0x000000000000d17e                hci_send_command
                0x000000000000d1b8                hci_state_listener_init
                0x000000000000d1de                gap_scan_update
                0x000000000000d2e4                gap_listener
                0x000000000000d4c4                bgbuf_free
                0x000000000000d53c                hci_state_listener_init_default_data_length
                0x000000000000d5ac                bgbuf_chain_defragment
                0x000000000000d638                bgbuf_chain_drop_end
                0x000000000000d67a                bgbuf_chain_drop
                0x000000000000d6a8                bgbuf_chain_free
                0x000000000000d8e8                ubt_gap_set_adv_data
                0x000000000000d9b8                bgbuf_alloc_int.lto_priv.389
                0x000000000000da64                bgbuf_alloc_size
                0x000000000000da72                bgbuf_chain_append_data
                0x000000000000dc28                bgbuf_clone
                0x000000000000dc9a                bgbuf_alloc
                0x000000000000dca6                gap_start_advertising.part.22
                0x000000000000e066                bgbuf_prepend
                0x000000000000e08a                CORE_ExitAtomic
                0x000000000000e08e                CMU_OscillatorEnable
                0x000000000000e200                SystemHFXOClockGet
                0x000000000000e20c                CMU_ClockSelectGet
                0x000000000000e2d4                CMU_ClockEnable
                0x000000000000e3a0                SystemULFRCOClockGet
                0x000000000000e3a6                SystemLFXOClockGet
                0x000000000000e3b0                SystemLFRCOClockGet
                0x000000000000e3b6                CMU_UpdateWaitStates
                0x000000000000e3d4                setHfLeConfig.lto_priv.396
                0x000000000000e418                SystemHFClockGet
                0x000000000000e460                EMU_VScaleEM01ByClock
                0x000000000000e58c                CMU_ClockFreqGet
                0x000000000000e5dc                CMU_ClockSelectSet
                0x000000000000eb74                _write
                0x000000000000ebb4                _sbrk
                0x000000000000ebd8                _read
                0x000000000000ec68                _lseek
                0x000000000000ec6c                _isatty
                0x000000000000ec70                _fstat
                0x000000000000ec7a                _exit
                0x000000000000ec7c                _close
                0x000000000000ec80                handle_bgapi_output.lto_priv.477
                0x000000000000ecfc                sli_bt_cmd_handler_delegate
                0x000000000000eff0                user_signal_message_handler.lto_priv.356
                0x000000000000f214                sli_bt_cmd_gatt_server_send_characteristic_notification
                0x000000000000f2d4                bgapi_ubt_listener
                0x000000000000f98c                gatt_db_set_data
                0x000000000000fe88                hci_state_listener_idle
 .text.unlikely
                0x00000000000111fc      0x2f8 /tmp/ccqSbVja.ltrans0.ltrans.o
 .text.startup  0x00000000000114f4     0x1414 /tmp/ccqSbVja.ltrans0.ltrans.o
                0x00000000000114f4                main
 .text          0x0000000000012908     0x6968 /tmp/ccqSbVja.ltrans1.ltrans.o
                0x0000000000012908                s6801f12e37631de1284d53ef6f6e5ed4de89f69891f548b571fa3b8c3658cc72.lto_priv.443
                0x00000000000129e0                s08f300a53679656f7a691f031653d5a079f699cd242c80ee7ee101d49884e7e2.lto_priv.676
                0x0000000000012a88                sc2829fe1f5af06e126e91def717b3c205456d283def0690ba0e09b009b55c646
                0x0000000000012a8a                sbde8c2c415256194a0da294c6b4b38230bac99a3674220b7c206ee26e25382bc
                0x0000000000012a8c                s4a3dfe68b0c3ece19a76ddac7fc3d22c9712546e2b402b205bc0989e7144008b
                0x0000000000012a8e                se052e0e3a58d655e66b2ac6dc74cf990601b244849e565475a888a8e2410fd7f
                0x0000000000012a90                s296fe457d5d38d726974d312ed27c8e5e88d9964276f42db7b1a9d6fd3c4ae9f
                0x0000000000012a92                s95f4668d503d21a8742c80de947833e3de1c81d4599c66fce6cd24a472573da0
                0x0000000000012a94                s0732959c87574cf53dd95a0d09b405347cc64a5c8b28142f2a1eabb642b3ae00
                0x0000000000012a96                sfe53256a12faabb58c8232ccc2d5a6f5d86b40e6fc9e01efa8bd335e93dda1c2
                0x0000000000012a98                s9c147ab568a918f92b2337614bd85f97f13a0ba522f8f5842a7ea15092c3a182
                0x0000000000012a9a                s068d430e772d93cc669479c0d88b3a1f8b691b92a02a08aab993f9fae4909e8d
                0x0000000000012a9c                secb6c4528d148169abcf9f0ffb3cd43e9ca73aa9fbb039754090378c04c7fce7
                0x0000000000012a9e                s56b14098bac058d604bc1df11fe5b246130b0f76f51643747897127fdc889362
                0x0000000000012aa0                s27ae8c0e57787277cba352da75d6fd207f6c68bf72237e3343a4ddf38da00d68
                0x0000000000012aa2                s6f8a2e0cf38b799b23e16f421bd25426e126954e2fa31f41522825fd91db58ff
                0x0000000000012aa4                sfe764f00786f10f50cd442a1a48680760ab2332b1652bb07e9fc715fad5070eb
                0x0000000000012b00                s519737c89b8e680c7cb288c4450c3c5844c9361bc5f32f5dba2a25669d31d5ad
                0x0000000000012eb4                sb5a3a9ce23201295b98551da023572a5d1ca8f6b831c32d84db07b998dab03ab
                0x0000000000012f04                s23966422c2326d52fd00dbfbc20224afff437bccb633b3439b17335b5c9ba23a
                0x0000000000012f54                s82dfac3e3fee79a1a8c136b59fa11ab34556bf7364cae3dce25c748ad3397196
                0x0000000000012fcc                se4f67e26c41ed5f4980859fa9eb6f66d25da153275dd812111b717cd701a5613
                0x0000000000013010                sd7c5610a732a8c55a25640249560e440bb753811d02b503ed845dbf1d87396e9
                0x00000000000130f0                s64c6780e1763fcffaa0550ac1ab2020fa74234b18e97ec3a9fb155f96c2a3895.lto_priv.654
                0x000000000001318c                sa8030dd62a0946ce3dfbf7a043b19ee71c0d0389ec0be621f5206139580d9976
                0x00000000000131f0                s182bd13ca3d3761da8bddee6bda81802161b67ce404c05c8aafa93588416d31f
                0x00000000000132d4                s950e5aab3600be84f789d87d736a04cfdc262c5b2e31f09d574fe970de5b10a4
                0x00000000000133d0                sb6602d5351aba4e4dcc948a0e5f7821ba87d9f0c415d49402e79725210a38a93
                0x0000000000013434                sd012ce4a5af41f866995ed4d631b8b869fa0777c650fec537287236fe6031af6
                0x00000000000134fc                sf56b857d34a4f4eb4afdb23d8be80f73a693fca1e5e1338d5b6af41dc266852d
                0x0000000000013564                sd6d702cbb0b1a00f1be8a4052c42fb1e0afb56bb7e3f2fa4e4d484060f719c32
                0x00000000000135cc                s3ce935510d9e0a44f39abb2610fab836ef2294173d17708df279fde64f666cb6
                0x0000000000013620                s968e1826538a86aa3c23d4f2e438ccc79c0d0bb5ffc92315aad569316a353766
                0x0000000000013684                s1d61e6e8a814014fac39ced112e149fcdcc4184ae95988b0e8083cc2268755e0
                0x0000000000013730                s882722de04130611b69423100d3d8c3bba6f0f4ecde9c55a861da16c5cbda0de
                0x00000000000137dc                sae66348c2ba52375277ec2f59efecd3934a5beb8b72896c87892a6a55fd3930a
                0x0000000000013840                s4db4dd9320c5a494380e7cdfc57567a73bc02e9ea183f9519f4f323851e8fa10
                0x000000000001389c                s534f865205914a3d90cbeaa98648bdccd16260990d894085324c9c30a18c5a55
                0x0000000000013b34                sf7ee67a5ecafbdf89b116b0dbef2658ab83fc345fc8af1b0aaabdaff8db8f84e
                0x0000000000013b68                sd735c821edcbf584b5e5ae29409bfe0a9a262b8ba2b629c20f82c25a2942c774
                0x0000000000013b6a                s3a2a130fd52166218540215cba0ad4a327a93cf3ed4108c4576dd96e8901bd94
                0x0000000000013b6c                sfa7ef5b68614b42c15a73f82f9c4eaeef0239bccd77c397c705ed91035fefd8c
                0x0000000000013de0                acl_release_
                0x0000000000013e90                s7546421cdb8aa8b69f9bd10cc459b77e86eda37de397ecc2ba052673a603a4a6.lto_priv.710
                0x0000000000013ece                s52f559f119b2e272efa88a909348ec631e76f6e8fe9c01dfbbd506abe830f92f.lto_priv.709
                0x0000000000013ef8                s846b6b1d954d062f67e4a0f0c19005936a1ae0decf3720cfc4ad2a0f22b53703
                0x0000000000014144                sdea0398d9279334432a021bdccde5c561f9172dd1929f4ea4b8fb3dae5e29b6c
                0x00000000000141c4                sf90db44990eb445bfe8e6401f928575d7358006720683f80ba86c71d6205ce33
                0x0000000000014252                s44e2b304507c41f2a763c8ecb9a45233440daeeca3de3d3bf5501fc74668a839
                0x00000000000142c8                se5104406c1906cc192f4a8656e43da3495d50fd4ae32e02ab896adf50e24a2b3
                0x00000000000143a0                s10fab920edbca654661b02833f886ed4c05c1827aa6ed0c816a2988fadca3227.lto_priv.703
                0x00000000000143c8                sdd7987253c08ef9460ff9ac3e8c4e2fb7a25b64d33a7d5311ebe4f9cce5b749a.lto_priv.700
                0x00000000000143f8                s3274609a54f012d5821ac36d6d473909243159a95c1132db4ab4b81681448767.lto_priv.699
                0x000000000001442c                s435eba3e851c8f0ed61ab63a87c98a410eaef3325dadada4e1b8e93fe7e07df5
                0x0000000000014756                s5d9003ac70c291214db021091bea15f87b05f66ebfb3437ce76dc557a1888f58.part.6
                0x0000000000014806                s107d921df766ac0eb07f19f3fa544fc78f46fd5c0582e358bdb88d8736560846.part.1
                0x0000000000014b76                s63308863141501af2cee2ad03cec503b7e47afb47dfdf2c816bb50fc8e1b4a79.lto_priv.412.lto_priv.436
                0x0000000000014b76                s63308863141501af2cee2ad03cec503b7e47afb47dfdf2c816bb50fc8e1b4a79.lto_priv.413.lto_priv.414
                0x0000000000014b76                s63308863141501af2cee2ad03cec503b7e47afb47dfdf2c816bb50fc8e1b4a79.lto_priv.505.lto_priv.629
                0x0000000000014b76                s63308863141501af2cee2ad03cec503b7e47afb47dfdf2c816bb50fc8e1b4a79.lto_priv.501.lto_priv.633
                0x0000000000014b76                s63308863141501af2cee2ad03cec503b7e47afb47dfdf2c816bb50fc8e1b4a79.lto_priv.504.lto_priv.604
                0x0000000000014b76                s63308863141501af2cee2ad03cec503b7e47afb47dfdf2c816bb50fc8e1b4a79.lto_priv.506.lto_priv.597
                0x0000000000014b76                s63308863141501af2cee2ad03cec503b7e47afb47dfdf2c816bb50fc8e1b4a79.lto_priv.502.lto_priv.630
                0x0000000000014b76                s63308863141501af2cee2ad03cec503b7e47afb47dfdf2c816bb50fc8e1b4a79.lto_priv.499.lto_priv.641
                0x0000000000014b76                s63308863141501af2cee2ad03cec503b7e47afb47dfdf2c816bb50fc8e1b4a79.lto_priv.507.lto_priv.594
                0x0000000000014b76                s63308863141501af2cee2ad03cec503b7e47afb47dfdf2c816bb50fc8e1b4a79.lto_priv.503.lto_priv.605
                0x0000000000014b76                s63308863141501af2cee2ad03cec503b7e47afb47dfdf2c816bb50fc8e1b4a79.lto_priv.508.lto_priv.592
                0x0000000000014b76                s63308863141501af2cee2ad03cec503b7e47afb47dfdf2c816bb50fc8e1b4a79.lto_priv.500.lto_priv.635
                0x0000000000014b9a                s5e46356693875abf0f2324da55af43e9664afe3381bd88ed40506d7121cc13d7.lto_priv.611
                0x0000000000014bcc                se51ab19f5bda2bf51d0f1520317514077c4ca6dbce96ce46bfc384a258ec3fcc.lto_priv.677
                0x0000000000014cc0                s949c8a8bb33ee778dc9d86a593d789eacf0786118e408b947d4e4746be0635a3.lto_priv.675
                0x0000000000014d0c                s3ccb8c055bcc88e2fa4b8546e75745b97c344a121795cb2669c2d92671425dfc
                0x0000000000014e08                sbe7c83c825b59a8cb689a6f3594de9dd163070c4e35c0e8dc32411eb2fd39b1e
                0x0000000000014f08                s28ab48ec51276be757e397e630efcfad7baa1a6b9133e25e089772f3fa432901
                0x0000000000014f3c                s87fcd18ce23b770a0a73262f7610c8ad5450ecf56cdbcac6a501691a28d94054
                0x000000000001515e                s47f254a0923e832eaae03a30295bc0b78d5bdf58789a8cffdac5ab145e0a30b8
                0x00000000000151c8                s31b7db45ee9cca47c4caef9e7bf615f9eb022b24a36fa69bbbab62cc0136470c
                0x0000000000015890                s4b47b79c131a3e1c0b0a41ec75414976ba369965233a0d38a1bb553691859a12
                0x00000000000158b0                s9f28a4120978f9c05d68497575e6466bf08a8ccb12bfc3b5676e2c7b61448dda.lto_priv.718
                0x0000000000015918                bgbuf_chain_links.lto_priv.516.lto_priv.717
                0x0000000000015918                bgbuf_chain_links.lto_priv.511.lto_priv.613
                0x0000000000015918                bgbuf_chain_links.lto_priv.513.lto_priv.601
                0x0000000000015918                bgbuf_chain_links.lto_priv.512.lto_priv.792
                0x0000000000015928                sc96a7764545327165e016ab8e2b14377315eb74f11b17df857f661d5428b61e2
                0x0000000000015994                s4e4d7eb332c6b55cedf79971a07fa4ba5a5c82584c45138af89ede00d375cd95
                0x0000000000015aac                s6b6cfe17bd837844bb663e83acedf2bfd3a341b3c1e8b564836b7f832202e824.part.1
                0x0000000000015b3c                s3494918d1d483913c41e62eeb2a7cc8175fecb20d143729a7d1526fa2060c5d4
                0x0000000000015ca0                sec73a9d38c5706d505310fb1e10c08a97fee5b763202229e2922d3a8aceafd6c
                0x0000000000015df0                s55fb040aa08b291eaa549f779cc083e2d34768dbcf20b7bd68c8424e04476dc3.isra.12.lto_priv.415
                0x0000000000015df2                see038fd8a57f6b7c6943dbf678c6c4e3793c032c8e0d1365ed42f4ff9232e93c.isra.8.lto_priv.715
                0x0000000000015df4                s43e51157db489758167bdfc4aa1309ff5cce44da3f7e3a218b1bb9babeec65fb.isra.7.lto_priv.713
                0x0000000000015df6                sd798f764c4e07a091ad64c2d513f6c99befd3ecd2a4dd03018f4c59e12b3cb62.lto_priv.632
                0x0000000000015e60                seb560195611597f180888781c34b14d166a52baba42e9f3c2b5b7302d8569844.lto_priv.631
                0x0000000000015e80                s56469c5978a86441c52d9238e2e48b7dbfdf0ba918ca57437b12488e34b8b0d7
                0x0000000000015eb0                s05a8b7ffac750c1feffda8a6c29b4a841a98988699c150abb3cf463bbc474cc5.lto_priv.417
                0x0000000000015f00                sca7434e6bc3d4a097e73020db66800e23d1af7e4c6d0b9135906eeca6396733f.lto_priv.640
                0x0000000000015f38                sa3af9e91bad0d9fcff495db86ec8f6f70fbf9fb7264fb10bd6a0bac7e5b694d8.lto_priv.406.lto_priv.434
                0x0000000000015f38                sa3af9e91bad0d9fcff495db86ec8f6f70fbf9fb7264fb10bd6a0bac7e5b694d8.lto_priv.518.lto_priv.596
                0x0000000000015f38                sa3af9e91bad0d9fcff495db86ec8f6f70fbf9fb7264fb10bd6a0bac7e5b694d8.lto_priv.407.lto_priv.408
                0x0000000000015f44                s9f0320dd93305954e434ad6f5fc16af422617a807dd69601bbeaf95dcf039d33.lto_priv.521.lto_priv.638
                0x0000000000015f44                s9f0320dd93305954e434ad6f5fc16af422617a807dd69601bbeaf95dcf039d33.lto_priv.520.lto_priv.612
                0x0000000000015f44                s9f0320dd93305954e434ad6f5fc16af422617a807dd69601bbeaf95dcf039d33.lto_priv.523.lto_priv.595
                0x0000000000015f44                s9f0320dd93305954e434ad6f5fc16af422617a807dd69601bbeaf95dcf039d33.lto_priv.522.lto_priv.719
                0x0000000000015f54                s866452f9fcf8a95fbb51e99fb351f7ac90bbb5e7a221322bc5d70e8620575f03.lto_priv.409.lto_priv.435
                0x0000000000015f54                s866452f9fcf8a95fbb51e99fb351f7ac90bbb5e7a221322bc5d70e8620575f03.lto_priv.410.lto_priv.411
                0x0000000000015f54                s866452f9fcf8a95fbb51e99fb351f7ac90bbb5e7a221322bc5d70e8620575f03.lto_priv.600
                0x0000000000015f62                sb241d02f9cbb6308c14fe38687e8dd1d1f5f8f2a91412a0f2e320e711f9ab8c3.lto_priv.639
                0x0000000000015fcc                s33724cc52462d0268c706a4a6a7ff79fcd44e2538b280683628cf5400834a48d.lto_priv.527.lto_priv.642
                0x0000000000015fcc                s33724cc52462d0268c706a4a6a7ff79fcd44e2538b280683628cf5400834a48d.lto_priv.526.lto_priv.599
                0x0000000000015fcc                s33724cc52462d0268c706a4a6a7ff79fcd44e2538b280683628cf5400834a48d.lto_priv.525.lto_priv.602
                0x0000000000015fd6                s20f6f9f05b408c288729b40753f84bdda8ad9dd5dd00c8a8cf5e6241969ad91f.isra.22.lto_priv.714
                0x0000000000016114                mesh_trans_send_sdu
                0x00000000000164a0                sc6943775ea9926eff57d62ecd54e4fcfc0bb8e210f189d53fd6b6f4778514ebb
                0x0000000000016506                sebd6a51a88c320ef50a7d70c081850c8cb3c0acc8744d3a77efbc562c688ee32.part.20
                0x0000000000016686                sa3f32c3bb9a19e372ac8e2a3c0a055911db3d992f146e1076056b397ea7aeefc.lto_priv.708
                0x000000000001683c                s96168397d6ca046bd04fdcb496072f8b43207c64916ff26037234a9cb534fae4
                0x00000000000168f8                s2e7dc317f8c96f9edeac535fa6731b9f858cf8ee2a40d7950b8dd99fc9a4e08d.lto_priv.702
                0x0000000000016978                s8c5210abc04863abe3913b65a4daa1270007a7d051540344b222af084027e005.lto_priv.701
                0x0000000000017478                s21ca876d2abe45e41156bde10314747ff7e3c5f3f9ab45e5c394435b429ce737
                0x0000000000017a54                s27b586a344b939e721764e80750615cb28d585f222faec646e428757f04881e7.lto_priv.416
                0x0000000000017c84                sa94f4db31908df26a302b7aa2c2ed417800a7d8564a626b358807d42b9d6647d.lto_priv.711
                0x0000000000017cd8                s6b50ff9b9e7c33f6b66779a3cca787a8d18a5406d5ff069aa233563e8c841340
 .text.unlikely
                0x0000000000019270       0x12 /tmp/ccqSbVja.ltrans1.ltrans.o
                0x0000000000019270                sd9458b43d1175bf8ca5a63fd22f1490373b73d79aad36849565b419965aadb20.lto_priv.593
 *fill*         0x0000000000019282        0x2 
 .text          0x0000000000019284     0x62d4 /tmp/ccqSbVja.ltrans2.ltrans.o
                0x0000000000019374                sc785ef8de60e84bbce74c76403bc73a44f021803f067017d01032dfe15bc7154
                0x0000000000019376                sff31fd901ed768bfeac3718826234a9e83febe44880a5e6dca958bba918ea4ad.lto_priv.687
                0x00000000000193bc                sfd7e6cd9879f13db0d70b7a813e1a8cc44b5f56f40b0355b979a89be2703b47c.lto_priv.666
                0x0000000000019480                sd5a29bbd5a740d419b817e60051ed2f1a05287e38ab4f0b25ed1e2c63d9ec03d.lto_priv.530
                0x00000000000194bc                s3c9a8bc8cac6ce11f25eaf0e56455839c84bd8bb5d289b38670031e846794e82.lto_priv.529
                0x0000000000019550                sc0271a2e28c9e15e53edb0e8d2a3c96d7ef18d0d62f9a1dfcf85c198e3ed8ae6.lto_priv.689
                0x0000000000019588                se9aca1401a4aeeb4ad2a6d894d69a12d0a4ffd97ea2f28496601479e956c55d7.lto_priv.688
                0x00000000000196ae                s57f8c7eb3cf2b4ef86d7e43e3397e8eb65517761d02dec4391588d56dc94f337.lto_priv.363
                0x00000000000196f8                s51cdf91e2c5753a507b803e34c0a34f4ced47b51f44f3fb3bea61e1237a84027
                0x00000000000197f2                s258899977d8361c3467c5cfa905db17d7f1c7bf8d51c1734dedfdee7af5ba7b3
                0x0000000000019808                s486fd7b951dbfc8cdb9291a07b8aeb7086799e83a6c32c9a997a79363b02f97f
                0x0000000000019834                s1e8d1e607c3e4de9a4e1d9301c925f5915de70a7b683a635906e27ee9c26334a.lto_priv.610
                0x00000000000198f8                s461da4995be371d5229d4ef6df27eb288009c04575a828cd5190c73fc9bb7701.lto_priv.607
                0x0000000000019918                sa69955766f78372ecbd9ba75d61dc3ecd1212602b499ec291d504f6382c1d6da.lto_priv.606
                0x0000000000019934                s5bd7fc0094645465a48876a6bb3d737a25dcef0a2fae361618a60d377273f2a9.lto_priv.598
                0x0000000000019944                s489cc45e477392026d2b7e3ce559fd9c5b5600674f552d67b27eb768eeb71420.part.2.lto_priv.568
                0x0000000000019974                s970b34b10c910c0f80a4fa9fc26e848e43fad4fb80880b45904ca99a98216e29.lto_priv.573
                0x0000000000019994                s8461f37184966dd9e134ff828eb356269de12a1d19ae191d03b3304b2c1ffc08.lto_priv.566
                0x00000000000199b8                se2632604085a3cccccf8ffe31018216024f8bef695db7499d3c2333f7873176d.lto_priv.563
                0x0000000000019a04                sbe495096f2db26c98af3eec82575eff5bc48a4bfda54536cc70012962e7810f1.lto_priv.567
                0x0000000000019a30                s6319678aa5bd717f42308ae6e708a96d712211dae9be9802697acc37926bf1de.lto_priv.572
                0x0000000000019af0                sa0e709cd206419051b883298c25e6cb3ad596597ddc590ee6fa8eef6f92d5688
                0x0000000000019b20                sa47352d654fe09080c21fb8c1de49345966ba8b026b9253de5c8f8ff5bab8138.lto_priv.564
                0x0000000000019b40                sc2c9e4310f24c7c5ad892ec81da7b9fd495e8a13f351e4b26e5edf47b4a3f45e
                0x0000000000019b98                sd7493ad56df85e15955128d0a20931396233c0d033851d3723e9dd0b1f9fd25a.lto_priv.424
                0x0000000000019bbc                s399fdc63618d22a676634b4565ca74f64cc69e4689922e1f8446ac153ac4d2d4.lto_priv.720
                0x0000000000019d14                s8ae99f3d2e6cbfd3ceb13957e77ea3128eafdceb290144ef7fa29980bae37ab3.lto_priv.686
                0x0000000000019df8                s931a59b64b47d3864eddbb43efa9a7b7cda1f0325d0c354e5d30edff56ac09d6.lto_priv.576
                0x0000000000019e40                s8443096ca4d82da7d2ac8319b00d7fc633546656b72007b8365c5b9497ee22af.lto_priv.562
                0x0000000000019e5c                s2ff6044af5259ab8f6d2bde0b5d8ef529886ab300131a30389ad8e55ac96543d.lto_priv.609
                0x000000000001a09c                s0a4b4c393976893c81cff6bde2e2683b15a58bf14f13039db10bb869aa6af8dd.lto_priv.712
                0x000000000001a0bc                sf38ec184796d8892eeea210be6c553dd5c5a37a48fc668c9d0cc8085df1b630f.lto_priv.653
                0x000000000001a110                s1137bc52329f341771933a286526e40f9c3528a73a3675dcd47aaadf5348fe0f
                0x000000000001a138                se5ab3fcfa8068d1a59e05e582a4a1d944f9668211282b7892c2065423f4c5f7f
                0x000000000001a154                sc8bcac38c05d97472593f5d0123d5b71918689eecfe172a0521397c331a41f4b
                0x000000000001a178                sd605f9b8a0d15aff07d935be73157f57e2066612cd76c2d9b9af44349bd5c6e1.lto_priv.722
                0x000000000001a240                s0d4f15001cecf01d7a3298020be54bb99cb6c1f5c2a0c096dd643b6005dd61e8
                0x000000000001a274                sdd95b2dd1c2c3da0512add0327637f784afb060131facbcfb036898424e72335
                0x000000000001a2d0                sb0d1e38bc099e67b6b98bb58f507a0841c180a1ba7b821060db8850284c3dc21
                0x000000000001a2f6                s0d9d1f76664be79ba1abcce97fcba0730e367ac4879063606d19347e8e4ba7f3
                0x000000000001a318                sde23a69ce523c5822190f6f97ed8287decca88fa76c9a7ebba9d5e9be97a920e.part.0
                0x000000000001a420                s27b345de3593e2e07c3ac1a4fd5542c0c94b7bcc39754536a223702164f00cb9
                0x000000000001a468                s6499df689077a11366c7e9d7f961a2a007cf99edf025c5dd63562dc219824797
                0x000000000001a5c4                s2fb2ed474264015c59430d3514046cd88ac77d30448716aca80af0d1aed6440e
                0x000000000001a614                sa102bf3ee23c43066cb3b66ce3aa54a319701cbc811de6725b1fa63cc8d2cba2
                0x000000000001a62c                scbaec31ddb5d13107208f0117b324ca50a584e926a059f4dfd20e589637814bd
                0x000000000001a65c                scfcf336de942625c1dc69a2180ef78bf0e53bd749897df74adc0a2e46614ea09
                0x000000000001a68c                sccc56680471fe250f84449308bbd32474e021701ea624002d2be52ed2ce0543e
                0x000000000001a708                s1578580c0eb764fef6b052bff1363da5c2af7728cc242c03b7bd8b73383765f6
                0x000000000001a74c                sde47def65c476ed5edbbf5d7a211ab8667e354daaaa0eea188c767a301f036c5
                0x000000000001a788                sc3c21926092b809147ac0e795b67b0db471ab0820961d84b2556ee9702295266
                0x000000000001a7c4                sd4e2e89a6d06adae5094b21aca093181a850c49f296e655ba59f7be2ea7c2fe1
                0x000000000001a7f4                s90c84759621cefa52e71aa7d21e3d173e147aee079b783c749689a6759cd2cc7
                0x000000000001a810                sc1c8581158f8d54ccb651101605d39e5fa3f151ed30f2b05c08354eea1fc6af8.lto_priv.570
                0x000000000001a840                sd0af30e7c4384bb0d9ca4ab41c7e3e174d3cd5fd6768702cc73587f3a9bc1e50.lto_priv.571
                0x000000000001a92c                s8a3d080902d91a7fff048ff6398e1c7353cdc4434aca2ad298f6faf12c8c5949
                0x000000000001a958                s118cde1233641081c5a5bdfe1f74ed900c28760b25271918349b65a6abfe4759
                0x000000000001a980                saf5a8ad5d06e4d135258360e380791baac2bf976b859ccabbc52c9edd421d120
                0x000000000001a9f8                sc50bb134d61e263df618595fcf333e80c110accd730f57652064f57c40267dca
                0x000000000001aa6c                sb51d0ed49c4fb7c87d32cb731da6371fe612a792f857b7658f0ac0f1fee1ca09
                0x000000000001abda                sd10f4c30a81441836a494eb673bb61a057b81a9730be8d7533511ed8ca137ad8
                0x000000000001ac54                s4708308c1860c342151c15307959d52bd3110396ba50f1b3ef7732f67f7c921e
                0x000000000001ad28                sba6e51f2126b71ce0b8d03dee72585d0b84b8491e62ebf2a433b210dd98bcbd9
                0x000000000001add4                sb2472d255e3762b53fb06043006e2e8dc97c115e823e8a5b6c7bda10d29e408e
                0x000000000001af0c                s3bca6196714eb9a6b0a747fc979d44c11b939bf2c32b31884fb22bda09f8a97b
                0x000000000001af4c                s9543d0d0c06e52a3801b95739eb33736c05090b34755023d0ca2c6686263dcb6.lto_priv.565
                0x000000000001b078                sb58242c17b67f77b932a8ab52b7a2118bd9ec219729d3da6eab72c04261e1598
                0x000000000001b300                s3b8a5216a21b409b2af84a8b102c099761b9d39f59e35fa2563dd624294a63ca
                0x000000000001b34c                sb546fd4627ded084e00827cd19c78651a24dad1bb85af71a7987d92c4c4d8a32
                0x000000000001b3a8                s6e261926ec77bdda7866b3f6242d836d5609cb6c04164bea1326ff75d4b5b5ea
                0x000000000001b3fc                sb57dcb140a9739228c3e3d80af9cbc0ce31be8626f87416a28a7dec1bcd1a728
                0x000000000001b414                scc641f9636927c6efc2da1e7272a8b8372428138e306acbf76afbf49282a5b20
                0x000000000001bd58                s1b5e0d66e35958bb09b77590caf03d791c49d2c841a2e0616238096f8edfc2c8
                0x000000000001c008                s465558b8dc97aee94bcf2b1dc9a735c1a01afe68f9a389b90f25855f4b860068
                0x000000000001c094                s815d2e653b39b9edf8d8248691e6fa2f8764bc535bfe291d9b17fda9bf764b9c
                0x000000000001c100                sa221b5f123ea6393b638cfaff07f1262d7c1cbcb74510b96115d843f4609e6e0.lto_priv.716
                0x000000000001c2a4                s3a59ff4400674636b70ce2fd38f13edb1d523ce95735a00d20e74b1b4d2e741f
                0x000000000001c4e0                sd3ca2fd91bf5a7176a312f3df1d5b47d4ec273275976eb9abcc8a2b2efc1e06e.lto_priv.608
                0x000000000001c678                se1adfd5fb5f0b29d457d086a2536fdc87f0a43a5a185ae343aca08532478c40e
                0x000000000001c720                sace1e8f3cbf5bd6755973b40129a887ad8e36e093f5248329cf55cba9d23e8f3.lto_priv.418
                0x000000000001c79c                s6166fb75fff0be28fe9fa0837e48de177e55f76f65954655c591fcdf98ccac3c
                0x000000000001ce4c                sbc16681b03f21d269738323b9d2a04547a282b2eb25c3943c6a1dab5bea5b7e6.lto_priv.690
                0x000000000001cfd4                s973ddd6c0ca2ee60ed7d60061c7865b6135e1583c879de78c2b44515426d212d
                0x000000000001d004                s39db7ebd3e5ed573254afa2bc3386b07f7da85ff53c967b731b4807df502a35b.lto_priv.705
                0x000000000001d0fc                s69aace4aa0cb043b5f6ee96cd6701b1567491e9b7477b193efaa725695fb747b.lto_priv.707
                0x000000000001d3b4                s82df7e6bb506393a66088a5a1c405770e21615bfb9cbb749d8c96e59adffc5eb.lto_priv.665
 .text.unlikely
                0x000000000001f558      0x3ac /tmp/ccqSbVja.ltrans2.ltrans.o
                0x000000000001f5c0                s6ef512d855cd8f96886e9d5d6e10c70edf4a3c6d5be679021f0fdb17b0c3409c.part.4.lto_priv.575
                0x000000000001f624                s172e37252c8a9282762437e126db6695a7c20107fe803c17a5a816a7f8855a59.lto_priv.574
                0x000000000001f658                s89433602994c78984dc8abcabdc81d32e51211d447f734d51eadf3801a395059
                0x000000000001f6fc                s8179729d6e4a21631a9029b482a063d81e1e5d717ecf0bf36b3f6cc739ca86a5
                0x000000000001f75e                s4c39e9736c3187430b993ac21531e1965908c1b1e8302ef37664394a968ee4f0.lto_priv.569
 .text          0x000000000001f904     0x5e3c /tmp/ccqSbVja.ltrans3.ltrans.o
                0x000000000001f904                s11387e75193375e040f5a4b2573ea7da320de47f01b0335ec2ddc182cdb94006
                0x000000000001f932                sc958ded43eaaf4a3a9e0b0b46178999dfa8e06abe7c86c85da085c3654adbb25
                0x000000000001f9b0                s8b3512f9ccc786cca68b5df23cf0cb92ca349dfbe8c01ae4848c8a1715d14941
                0x000000000001fc26                s11099a2a8099b33432298acbecd454db74b48c170ebaa4a91fa545af69071c63.lto_priv.691
                0x000000000001fc58                ccm_aes_setkey_wrap.lto_priv.386
                0x000000000001fc8c                bgapi_test_lib_msg_handler
                0x000000000001fce4                sli_bt_cmd_le_gap_set_advertise_configuration
                0x000000000001fdb0                sli_bt_cmd_le_gap_set_advertise_report_scan_request
                0x000000000001fe20                sli_bt_cmd_le_gap_set_advertise_channel_map
                0x000000000001ff28                s0b1355cfd4b9add1a5ddc1db885078922d8f91c35d8049291812052837ffceb6
                0x000000000001ff44                sb98c317e83862427c21911c889332b6671ccb3a943ba36e2ee6b5e9d794f3fae
                0x0000000000020408                sli_bt_cmd_le_gap_set_discovery_type
                0x0000000000020460                sli_bt_cmd_le_gap_set_discovery_timing
                0x00000000000204dc                sli_bt_cmd_le_gap_start_discovery
                0x000000000002056c                sli_bt_cmd_le_gap_end_procedure
                0x00000000000205b8                sli_bt_cmd_le_gap_stop_advertising
                0x00000000000205e8                sli_bt_cmd_le_gap_start_advertising
                0x0000000000020630                sli_bt_cmd_le_gap_set_advertise_timing
                0x00000000000206c8                sli_bt_cmd_le_gap_bt5_set_adv_data
                0x0000000000020740                s17041161af5b13ead5148671cf3343643168b7a1ed4bb2c928f8a9df180612fa.lto_priv.431
                0x0000000000020790                s13ffcfe03672183607a508b9edf195305036f9f6269f9ac97d92b261677e1971
                0x00000000000207fc                s035841cd0b09bec3661afc7a9d5acb9abb35cc334c73116c61f9074fc690507a
                0x0000000000020838                s8d3530dc39603e345396a2e796410f927692864ddb9873feff71d3b61ef307c3
                0x0000000000020838                bgbuf_copy_to
                0x0000000000020896                s8a5bef321cc3d9647dbff8dd66eb6ba40679510bed54d07be193b0d30c8ea3f5
                0x00000000000208de                swapl.lto_priv.438.lto_priv.561
                0x00000000000208e2                sf323aa71ec3db59fc5804d5465b26fd019cbade3b9e8abef9a9c4023798ac85d
                0x0000000000020a84                sbbcedd3d6bf5f54c79d7dde6d595a05a07c791f5e8c9829e42128264b25b21fb
                0x0000000000020c14                sb3b3599c6b1ecc5aaac6d85192b1a1aca93f29e6ef02194f686c5e16a47dae57
                0x0000000000020c20                s0230b1d8afaa2775510cb74740ad43103feaadac11dfd6c9442272eb757f63c1.lto_priv.603
                0x0000000000020c38                sd178d478e36585d4b199798b8de5dba308f0f2d5e125c647136402c876068230
                0x0000000000020c82                s574e042e7edc8182eadc6eca0efea1bcc85e0c56ecd66d89daca568539d1dfce
                0x0000000000020c96                s737faf453539424f2397f9cbc4a622a81ba0ce1268995fc8bd5f65f324c0fa2e.lto_priv.422
                0x0000000000020cb0                sb34b8e73ee2fae33b115ab313a899c588df3e9da61498665c078fb5c32a396ce.lto_priv.392
                0x0000000000020cf8                sf4d0076aa46b9c217b12fefc033f11f9f4254c09b5ba5382d97cc84db24a7508
                0x0000000000020d18                sccf905d264644590f10a3f24feb2f8f134a7a30cf162fd6884354074d0b73a27
                0x0000000000020e2c                sa85afd833f7f23350d35f3c6496d54a5eea4e5a320657f4919667c2f85be8914.lto_priv.796
                0x0000000000020ea4                ll_linkGetWindowWidening
                0x0000000000020efc                ll_connEncDataToBuffer
                0x0000000000020f24                ll_connEncBufferToData
                0x0000000000020f50                ll_connValidateParams
                0x0000000000020f8a                ll_connUpdateMaxPacketLengths
                0x0000000000020ffc                ll_connGetHandleByConn
                0x0000000000021028                ll_connGetByHandle
                0x0000000000021050                bg_bit_clr_exclusive.lto_priv.447.lto_priv.736
                0x0000000000021050                bg_bit_clr_exclusive.lto_priv.449.lto_priv.737
                0x0000000000021050                bg_bit_clr_exclusive.lto_priv.448.lto_priv.742
                0x0000000000021050                bg_bit_clr_exclusive.lto_priv.446.lto_priv.740
                0x0000000000021050                bg_bit_clr_exclusive.lto_priv.450.lto_priv.734
                0x0000000000021062                bg_bit_set_exclusive.lto_priv.451.lto_priv.745
                0x0000000000021062                bg_bit_set_exclusive.lto_priv.453.lto_priv.727
                0x0000000000021062                bg_bit_set_exclusive.lto_priv.455.lto_priv.735
                0x0000000000021062                bg_bit_set_exclusive.lto_priv.402.lto_priv.403
                0x0000000000021062                bg_bit_set_exclusive.lto_priv.452.lto_priv.744
                0x0000000000021062                bg_bit_set_exclusive.lto_priv.401.lto_priv.433
                0x0000000000021072                ll_connEncryptionConnectionInit
                0x00000000000210a8                ll_connRaiseEvents
                0x00000000000212f4                bg_bit_clr_atomic.lto_priv.458.lto_priv.795
                0x00000000000212f4                bg_bit_clr_atomic.lto_priv.456.lto_priv.728
                0x00000000000212f4                bg_bit_clr_atomic.lto_priv.457.lto_priv.726
                0x000000000002130c                bg_bit_set_atomic.lto_priv.399.lto_priv.400
                0x000000000002130c                bg_bit_set_atomic.lto_priv.398.lto_priv.432
                0x000000000002130c                bg_bit_set_atomic.lto_priv.460.lto_priv.725
                0x00000000000217b4                ll_channelmapUpdate
                0x0000000000021832                ll_connInitNew
                0x0000000000021a20                ll_channelmapUsedChannels
                0x0000000000021a48                ll_channelmapGetChannelMap
                0x0000000000021a60                ll_connUpdatedChannelClassification
                0x0000000000021ac8                ll_advExtUpdateChannelMap
                0x0000000000021ae8                ll_advGetByHandle
                0x0000000000021b30                set_change_awareness
                0x0000000000021b68                set_client_features
                0x0000000000021bc8                crypto_management_release
                0x0000000000021bfc                CRYPTO_DataReadUnaligned.lto_priv.467.lto_priv.746
                0x0000000000021bfc                CRYPTO_DataReadUnaligned.lto_priv.468.lto_priv.738
                0x0000000000021c3a                CRYPTO_DataWriteUnaligned.lto_priv.469.lto_priv.747
                0x0000000000021c3a                CRYPTO_DataWriteUnaligned.lto_priv.470.lto_priv.739
                0x0000000000021c7e                mbedtls_aes_init.part.4
                0x0000000000021c86                mbedtls_aes_setkey_enc
                0x0000000000021cc2                aes_setkey_enc_wrap.lto_priv.382
                0x0000000000021cc4                mbedtls_cipher_update
                0x0000000000021d68                mbedtls_cipher_cmac_update
                0x0000000000021e30                mbedtls_cipher_setup
                0x0000000000021e64                mbedtls_mpi_cmp_mpi
                0x0000000000021ee4                mbedtls_mpi_cmp_int
                0x0000000000021efe                mbedtls_mpi_bitlen
                0x0000000000021f3e                bg_pool_free
                0x0000000000021f90                bg_pool_alloc
                0x0000000000021fac                bg_message_run
                0x0000000000022040                bg_message_call
                0x000000000002206e                bg_message_remove_receivers
                0x00000000000220a0                bg_message_enqueue_free_callback.lto_priv.393
                0x0000000000022154                bg_message_send
                0x00000000000222b4                sc953a6367c6256e3020b7afec84180819689fca8cff6568ca5753dd20446e831
                0x0000000000022358                bg_message_cancel_matching
                0x00000000000223b0                s97a5396703eb6ca51dfbe67b56bf9a5c419b55a9d5b388843dbed9f725cc1f9b
                0x0000000000022404                sc4605ce1ec44172e02c1d703c61cbd40d66df20e508336eefa0f65b3b0bcf0c9
                0x00000000000224bc                s4857d65f4633e93043b3f2ca2b4c133009204f81d083a085fef0c54b96137113
                0x0000000000022504                s32895e2d81863832c2fd3096921295ad085b7ac38654368e3b3489cd111f897c
                0x0000000000022548                s5132fcb547516bb17ef6290ea96d29a6bb00ff4b545a9772998f7c8d650f89e3.lto_priv.790
                0x000000000002255a                bg_malloc
                0x0000000000022578                sc700b159814d1fcb458736d216103eb43bc0c0dc93787529c62236d0ce1823ab.lto_priv.420
                0x000000000002266c                sfb0cf5d8585993fe4b3f66f86597a294acbb616aa4cd313f03fed171dcc5a593
                0x00000000000226b0                s5402b93321248c6d7a79ba38e68d2b5c52185b6869c5f9160fc92c8d78c01d93.lto_priv.421
                0x0000000000022792                s99dd0bc6b2959371a49dc7b77bd462f8768183f91a9460986b6ba187f6a2d9bc
                0x0000000000022904                s21391b019880d10eb12c2d6fe9c6358f4fa977f7abe2bfc7ac3a0cd10c34d697
                0x0000000000022942                s7e10d94f1709404cee62ef67a8efb974c733f628768641709a32e1983b4aeeae
                0x0000000000022958                sc458a71ec5d79d9e96bc35dc9f4504f398908a7444d0099d85c28046f838ddfa
                0x00000000000229b0                s14ecc8d9f88ba9f03cbd05ec00f6a2ca380c9a38610d273541d374752474e688.part.5
                0x0000000000022a08                bg_message_add_receiver
                0x0000000000022a2c                bg_event_allocate
                0x0000000000022a54                att_buf_send
                0x0000000000022a70                att_send_pdu
                0x0000000000022a7c                att_alloc_pdu_copy_data
                0x0000000000022ab6                att_alloc_buf
                0x0000000000022ace                att_alloc_pdu
                0x0000000000022ade                att_send_execute_write_response
                0x0000000000022af8                att_send_write_response
                0x0000000000022b12                att_send_error_response
                0x0000000000022b38                acl_find_by_index
                0x0000000000022b54                acl_find_by_hci_handle
                0x0000000000022b70                sl_free
                0x0000000000022b86                aes_ctx_free.lto_priv.385
                0x0000000000022b98                ccm_ctx_free.lto_priv.388
                0x0000000000022ba8                mbedtls_mpi_free
                0x0000000000022bd4                mbedtls_ecp_point_free.part.8
                0x0000000000022bee                mbedtls_ecp_point_free
                0x0000000000022bf4                sl_calloc
                0x0000000000022c0c                aes_ctx_alloc.lto_priv.384
                0x0000000000022c22                ccm_ctx_alloc.lto_priv.387
                0x0000000000022c3c                mbedtls_mpi_grow
                0x0000000000022c90                mbedtls_mpi_lset
                0x0000000000022cb8                mbedtls_mpi_shift_r
                0x0000000000022d2c                mbedtls_mpi_read_binary
                0x0000000000022d98                mbedtls_mpi_copy
                0x0000000000022dec                mbedtls_ecp_copy
                0x00000000000235a4                mbedtls_mpi_sub_mpi
                0x0000000000023a5c                mbedtls_ecp_check_pubkey
                0x0000000000023c60                ll_connFree
                0x0000000000023cb8                ll_advTaskStopHandle
                0x0000000000024160                ll_advExtTaskHandlerWaitTx
                0x0000000000024388                ll_advTaskHandlerWaitTx
                0x00000000000244ac                ll_connAlloc
                0x0000000000024508                ll_advUpdateMaxEventLength
                0x0000000000024608                crypto_management_acquire_preemption
                0x0000000000024784                crypto_management_release_preemption
                0x0000000000024c18                ll_connSendData
                0x0000000000024de8                ll_connEnableDataFlow
                0x0000000000024e00                ll_connEncryptionFail
                0x0000000000024e50                CRYPTO_KeyBufWriteUnaligned.lto_priv.465.lto_priv.748
                0x0000000000024e50                CRYPTO_KeyBufWriteUnaligned.lto_priv.466.lto_priv.743
                0x0000000000024e9c                ll_connEncryptionSetSessionKey
                0x00000000000250f4                aes_crypt_ctr_wrap.lto_priv.381
                0x0000000000025138                bg_random_get_data
                0x00000000000251dc                sf238338105397a76180f46e05f70cd56fbe1b70dd6ce5ab16d08e2d93e673a53.lto_priv.430
                0x00000000000251fc                s5762796d7f1ec335080def26241af2e2ef5624611cd110f4067311ca42c87e38.lto_priv.429
                0x0000000000025260                s8a56ca17e991cd3fd8d1df0a00cf40672b06e79d23582bd88e76424be3a57f52.lto_priv.428
                0x00000000000252ae                se4871fd4159aced756c5d1e74a092c538de59273b96e45d4a673a1e04b2a5301
                0x00000000000252ba                mbedtls_aes_crypt_ecb
                0x000000000002535c                aes_crypt_ecb_wrap.lto_priv.380
                0x000000000002535e                aes_setkey_dec_wrap.lto_priv.383
                0x0000000000025470                se804accd20a669736116a5118995909c30c964eb7ff52e585ae4c5d82659b884
                0x00000000000255a4                mbedtls_ecp_group_free
                0x0000000000025602                mbedtls_cipher_cmac_finish
                0x0000000000025710                mbedtls_cipher_free
 .text.unlikely
                0x0000000000025740      0x3e8 /tmp/ccqSbVja.ltrans3.ltrans.o
                0x00000000000257ce                mbedtls_mpi_safe_cond_assign
                0x0000000000025836                ecp_safe_invert_jac.lto_priv.425
                0x000000000002587e                ecp_normalize_jac_many.lto_priv.426
                0x0000000000025af0                s65193894a691d8a2be1f5d816dd0c7d085935218511aec3e595356424046a1f0.lto_priv.794
 .text          0x0000000000025b28     0x4cb8 /tmp/ccqSbVja.ltrans4.ltrans.o
                0x0000000000025c18                ll_radioTimerExpired.lto_priv.684
                0x0000000000025d0c                bg_pre_sleep
                0x0000000000025d0e                bg_post_wakeup
                0x0000000000025d10                ll_hciCmdLeReadPhy
                0x0000000000025f32                ll_bgbuf_callback.lto_priv.359
                0x00000000000261e0                ll_hciCmdSetAdvertisingSetRandomAddress
                0x0000000000026220                ll_hciCmdSetExtendedScanResponseData
                0x000000000002625c                ll_hciCmdSetExtendedAdvertisingData
                0x0000000000026298                ll_radioGetMaxTxPower
                0x00000000000262b0                ll_hciCmdSetExtendedAdvertisingParameters
                0x00000000000264a8                ll_radioLoadPacket
                0x00000000000264f4                ll_radioGetPacketTimeWithPhy
                0x0000000000026518                ll_radioRandom
                0x000000000002653c                ll_randomInit
                0x000000000002655c                ll_radioReadRxPacketDetails
                0x00000000000265b4                ll_radioReadRxPacket
                0x00000000000266c0                ll_hciCall
                0x00000000000266e0                hci_command_shared_response
                0x00000000000266f0                hci_command_init_shared
                0x0000000000026718                hci_command_alloc
                0x0000000000026746                hci_le_set_ext_scan_enable
                0x000000000002677c                hci_le_set_extended_advertising_enable
                0x00000000000267b8                hci_close_acl
                0x0000000000026800                hci_state_listener
                0x00000000000268cc                ll_radioSetMaxTxPower
                0x000000000002694c                ll_radioSetRfPathCompensation
                0x0000000000026970                ll_radioInit
                0x0000000000026aa8                ll_startOrQueueProcedure
                0x0000000000026d68                hci_send_acl
                0x0000000000026e5c                l2cap_send_update_parameters_response.lto_priv.793
                0x0000000000026ea4                l2cap_message_handler
                0x0000000000026ee0                l2cap_send_fixed_channel
                0x0000000000027830                ll_llcpUpdateChannelMap_sender.lto_priv.444
                0x0000000000027bdc                ll_radioRxAfterTx
                0x0000000000027c3c                ll_radioTxAfterRx
                0x0000000000027d38                ll_radioTxSchedule
                0x0000000000027d88                ll_radioTxStart
                0x0000000000027dc0                ll_radioStop
                0x000000000002804c                ll_radioRxSchedule
                0x0000000000028134                ll_radioConfigureChannel
                0x0000000000028bd6                ll_scanTaskPrimaryHandler
                0x0000000000028edc                gecko_priority_handle
                0x000000000002a780                ll_randomAesCtrEncrypt.lto_priv.404
 .text          0x000000000002a7e0     0x3fdc /tmp/ccqSbVja.ltrans5.ltrans.o
                0x000000000002a7e0                BG_PRORTC_IRQHandler
                0x000000000002a810                timer_get_counter
                0x000000000002a81c                ll_task_default_callback.lto_priv.358
                0x000000000002aee8                ubt_event_free
                0x000000000002af50                sli_bt_cmd_mesh_friend_init
                0x000000000002b078                sli_bt_cmd_mesh_node_get_element_address
                0x000000000002b0bc                sli_bt_cmd_mesh_generic_server_init
                0x000000000002b4bc                sli_bt_cmd_mesh_node_start_unprov_beaconing
                0x000000000002b734                s016e44ad02430fe1c887dcb26e8e278c1956ab61fa50bdfddcd1db9abaa78f37
                0x000000000002b794                seb4ab25b7c58875998ac40b1bec88bf551f981f2469001e19ff54f2b09481d16.lto_priv.646
                0x000000000002b888                s7812746f63333791fb6872ed16748790b01034a8eef02f22476ee32a6e4c1941.lto_priv.645
                0x000000000002b8ec                sd6923ba4408c8366fcdcf4f0fcd99f09f4af006f323837969d9527a15ffb8f63.lto_priv.634
                0x000000000002b91c                sdc854476dedba7ee62449ead0ca4a5e87d864f604676abd573962c4415133edb.isra.2.lto_priv.637
                0x000000000002b958                uuid_to_handle
                0x000000000002b9bc                timer_get_time
                0x000000000002b9e4                smp_ah
                0x000000000002ba74                usch_SendEvent
                0x000000000002ba84                usch_RemoveTask
                0x000000000002bab4                task_fail.lto_priv.741
                0x000000000002babc                add_task.lto_priv.478
                0x000000000002bb1c                ecode2bg
                0x000000000002bb5c                ubt_pskey_read_callback
                0x000000000002bb72                ubt_pskey_write_callback
                0x000000000002bb88                nvm3_deleteObjects
                0x000000000002bcc4                ll_to_hci_event_handler.lto_priv.360
                0x000000000002bdac                s2e04433c0822684cffc5a5454423cda380c368077ad6f96ed63e9d811f83b5f1
                0x000000000002cf4a                sli_bt_cmd_mesh_node_init
                0x000000000002e608                usch_Schedule
                0x000000000002e74c                BTLE_LLToHCIEventSAP
                0x000000000002e7a0                BTLE_LL_EventRaise
 .text.unlikely
                0x000000000002e7bc       0x34 /tmp/ccqSbVja.ltrans5.ltrans.o
                0x000000000002e7bc                s5c9b2146e76590c364a7b494a5df0097346856494689e9ab2b88049a5c887c05
 .text          0x000000000002e7f0     0x4188 /tmp/ccqSbVja.ltrans6.ltrans.o
                0x000000000002e7f0                s68ccb8d7295aae82723abd2ee86cc0d0b4ddb333fdde5c865e6c7e8ea3973fb4.lto_priv.559
                0x000000000002e84c                s68c186a188f35900e39c0ae2772fd237d7513b5bdca06baf38aa21b8b7252a07.lto_priv.545
                0x000000000002e888                s7220e11fbac8be6e74d468c84342c848708fac58ffadabb02852153b24aa86b6.lto_priv.542
                0x000000000002e8c4                se1ab775bdf4c907127f346f2764a565aa3707303e3374b8a43b038a18b14f457.lto_priv.548
                0x000000000002e900                sb2493ea6e56fdc16b74279d7469a515951cef65d2d6fe8c79914f489699663e3
                0x000000000002e954                sdc8ad32b852f2e30c1d45bdb6acfa01444808e0054485188e8b6b4576d9862c5.lto_priv.661
                0x000000000002e9a4                scd40c369c6d78fddc3678f3f8d35193fa73503a89727028d425eee9274f1e53d
                0x000000000002ea44                s4c479b2eee7450534f3061860b9a070753f5aa8f80eddd4360e79ff93bbd4356
                0x000000000002ea94                sd45e870e9993edb51c25ecd1c7d26e0892a3b33570c2877c2790663e66304613
                0x000000000002eab4                sc22d9ab7ae3d129d63d1cda4be29c75bf00d322ff543d42d0aa56929d525797f.lto_priv.547
                0x000000000002eb84                s5006e623a3b7aad690c054ca77e09985e67d068a9a32b176300b8014367cc38c.lto_priv.544
                0x000000000002ecf0                s77fc152b09d10bfa9e2b05bcfeaac5bce5b94b7701167f9d39ceb1761394d9ee.lto_priv.554
                0x000000000002edd4                sf62d5c91f6c97b55c49bba88456235237f3b473019ff9402fdbc4a533eb3e762.lto_priv.538
                0x000000000002ee7c                s57da09ef4ec44576289283820e740dcc38fffc5a6a76817ee1c3533e07b7a9fe.lto_priv.534
                0x000000000002f218                sfb1bf8d0a01446c5b9819bbe0c18617ab9ab6cd707a67370f0dc6bba68aef73b
                0x000000000002f33c                sdda762f7744f32643252943ebc07db784567cac72755e9b5eb35882ffcced39d
                0x000000000002f3b4                s448cd72d43d6f1088eac23b0b1649db12d265087f79b34807e244bc146a6566a.lto_priv.582
                0x000000000002f420                s599218964e85e6026d05ac27d5d7dcd4e60897006be80bb877fb6b2120a4889b.lto_priv.581
                0x000000000002f47c                s8ca97d8a66fe153d82e96e6f2db7520d72fb6bc11a34354d0afca358b3dd84c0.lto_priv.558
                0x000000000002f4f2                s8304d2cd63fe87ad914acc8325105a7477595999635bfb6971dd2e1ad52264e0
                0x000000000002f504                s18d6f8b81e93324591bb53d0d78880ade8c75d0ad6e13a15d23652efcd799c27
                0x000000000002f55c                se6b7cf5bdcf7bd91807383390e58a2a6d17e734cac5c1d604a16244aa533239b
                0x000000000002f590                sf6e7c29a4de48ce643f997ca0ea84fd1181c1553e14f6e735a1fc97a7edea306
                0x000000000002f5ec                s85f031a0e0c5d7523633587cce80d02bb5662ba956c3721d9fe3b7dd0307ae8a.lto_priv.427
                0x000000000002f5fe                s996b6f370069b2a8679db0a68204813f5b511bacd993deb3bcd6c7bf905f0f98
                0x000000000002f60c                saff78508d7eedfd4fff316cff0870b176cfa53c48259577d402a204015857712
                0x000000000002f66e                scddf2fccce0c4f397222f8b06a23f9ba025e86ec12130be62509708da743c0a6
                0x000000000002f6ac                s4260b6f5e7e0258cda3d61fc89cb49c46f671d89e0fdcfa74a857fcb8ea35818
                0x000000000002f6e8                s7e080c7932e2a4ae387b25cab56ed09a2620003932ce6420b8c95862e795691d.lto_priv.540
                0x000000000002f73c                s910344c50e5df2ef86b098063ef39a0f0a640897ad377439ac70e54e97ed3121
                0x000000000002f778                sa46a82cbaef428f50ea45c688fe384212d1603d6f75b687fd8f0f728c30537a7.lto_priv.555
                0x000000000002f81a                sb108ce08bbdee17237d2979665288939207b4a493486a3ac0accc2ae7d1c945d.lto_priv.552
                0x000000000002f888                s4742f94c5ed1718f6a41379d7703604a7544fee3f86a19799e80625eba9839d3
                0x000000000002f8a4                se3d78df30c5006da53264ca5583d124eb8ea8280f50f56b5d710e45543ece3d2.lto_priv.536
                0x000000000002f8e2                sb45a2b36dbcb76da1a28b6d7166b45d9c073576b51ec290117a2c2394b05a867
                0x000000000002f91c                s043d8d903587d64b02ca49055934b3811f209c2d9c13f139cd7a0dcad7b3507a.lto_priv.549
                0x000000000002f9a0                s13cbf65614d2a85dead471ecbb7ffb42bec8860bd8493fc9c856642b1a92f103
                0x000000000002f9bc                s8ac4bfeab67bdcfb4e3aff2d4860dc5423636e6e9172f5e9038685f1b6890a39.lto_priv.532
                0x000000000002f9fa                s3fd72205c3101d35be4d2b19b40b990439888e3c62e54829ab6d5be07a7ea7e5.lto_priv.580
                0x000000000002fa3e                sb948b4333fe4a5edb53a6727e6ebb4b3c4bbe2da92e7b34a1e5241310c37ba57.lto_priv.419
                0x000000000002fa90                s588f0cc452bdb20a816bb1462443bcf5eb49f79ebd6448a43e16b5c8eb32e861
                0x000000000002fadc                s4d5835ca036f7c45ffe44c3dd317029c27aa47a98765f42d970d435246ffdda4
                0x000000000002fdf4                sd66343d2671728b6ab57c9470420f4127c5170889ff9dd0bdc138cf9c7839f49
                0x000000000002fe64                s9ba4aa346d44be1bc1f17327a53fc3026e1c93c326d057730596bb02d749b8ee
                0x000000000002fe70                sde68398e67febec1931a8069383b6f8d09bdcd2172cf3a9603a5569ffc85768e.lto_priv.706
                0x000000000002ffa0                sa31a3cc7a82119f04720693772e4e5f91eee14ee2840572e8c847532e4100f69.lto_priv.587.lto_priv.724
                0x0000000000030378                s0336f54085a34ad31c957c5893fe919e6dde1abd4988794e044232e3986b9322.lto_priv.423
                0x00000000000303f0                se5e21b5b180ca3c25567280efaf98787d97c260009505f641239b1af83a915c6.lto_priv.361
                0x0000000000030458                s640ecaba92ca16d989f7d03dd659397e3c504e1beb719214bcc6ad9d4c64ebc6
                0x0000000000030494                s82b871aead03acf56d57f2e2f9218299409bdeb36e49d2bed52d6d2616dd53c4
                0x00000000000304d0                s4b0b0bc3698f588a47a2752cdb8a6d6374d9a1937ae17b0e2227a6a6689cb8b8
                0x0000000000030514                s304e6b46b77c3fb2693e64cada2e9a4c50f4f2cfa823c0f08e512f66ba583d00
                0x000000000003053c                s0de2033cc70869f44f3b608433b68280048bee4a51f43ead06681c98bc6688f6.lto_priv.405
                0x0000000000030558                s4d9ff0d2d722a13beed26089e46f05fd4bf99c3d300d9bf71d0dda2a9ed5e98f.lto_priv.721
                0x000000000003078c                s373490a6d42d43fab7e4b5c3afd95168a3caa161467e01a06eb68fc1a8db3c01.lto_priv.590.lto_priv.636
                0x000000000003078c                s373490a6d42d43fab7e4b5c3afd95168a3caa161467e01a06eb68fc1a8db3c01.lto_priv.591.lto_priv.723
                0x000000000003078c                s373490a6d42d43fab7e4b5c3afd95168a3caa161467e01a06eb68fc1a8db3c01.lto_priv.589.lto_priv.644
                0x0000000000030792                s7d80bef3951baa1e84bb810d1c50d3fff54ac6288cd0cd6481371b03aeb6cffa.lto_priv.704
                0x00000000000307e0                s5c75606b08626b42af15b8ad1e08422b24b9707430786558f886e2106212d42c
                0x0000000000030858                s7514114587e469f166421282eab3abf2b2b5026b0aa766ae533c73aed082d6dc
                0x0000000000030884                sc32bd942c73d401ab11a103bda641797f43e3dfcbe45c249580b29e90334c34c
                0x000000000003094c                s61d59556a7d1ed0f44be5a9935a173f4113205689c2546f9ede33b6957b8fdad
                0x000000000003095e                s93baf23e1d3581910833384a0dc10bfd03e7d4a7e887b49dca1e3db7cb683065
                0x000000000003096a                s5c978a41eb7fa086718f3a0c3be455a73c42ba912adba8dc1cf62e470f7025da
                0x0000000000030984                sa834b71f15d26482783303ba2ed6d661b56d1d59c95b4f04031778f1ee417941
                0x000000000003099c                s01d4a9be3ac7630264948e12d040c22f973ca3912ea10da9e4165499537f0651.lto_priv.560
                0x0000000000030a8c                s1841e867cd87b6f500b4e41872f2f6fd84774117b9bfb0aed1c68f69daff2ebf.lto_priv.556
                0x0000000000030b84                s00c4152acdf4d5e2c5275032a6aab36b09cdc4e6b6685eca406bc56c65b3828c.lto_priv.550
                0x0000000000030c0c                sf1877a0067b14231509de91f051409fd8fdd2d2a6fb82e1035b0d608d9594822.lto_priv.541
                0x0000000000030cdc                s91e1a5dbccf2d191f4cf7a354c5bf56de684d7ad14675a4742e9947e57b3d640.lto_priv.553
                0x0000000000030eec                sc385d001a934a220e7418b76fc6c307e696dc86cd5008c8e9ed2f97024dd5a7b.lto_priv.537
                0x00000000000312b6                s1f549200246743ece72f5f0ae0f996ee72a28976c75d66df536f184ba4a6ca77.lto_priv.533
                0x0000000000031418                sb725418cf9e714c04a8238de550d78788026ed9aa69c6925eb59949db4e88240.lto_priv.577
                0x0000000000031474                s432294e565f9a9963b441789125c60a86b4024d7b65375ff511930d2f6915649.lto_priv.578
                0x00000000000314f4                s90e533c2f193ac076ede8adac33bb6e46852d842dca7958bcf86ed6c7ef91627.lto_priv.579
                0x0000000000031588                sa16d047bc4bfe50f3eb09b08455f9718280dd7df867b506ea8b9e88a27adfcfa
                0x000000000003161a                s7bc4232235400be7a9102278633e7a9723a08a51e55fbbe5a74b5fa094c8d550.lto_priv.557
                0x00000000000316c2                s683ed1994d452065e77df84243e5932f70dc1dee29fc438810cb44f2bf064507.lto_priv.543
                0x0000000000031730                sc4d6080986657530647c96e9a4141e9e2db8988260de31bd0748e552edcab3e6.lto_priv.539
                0x00000000000317bc                s760af789375fffc08ec3dbfbc5cbec146ed35f97b7c581e00edb61f4f7eee7b7.lto_priv.551
                0x0000000000031884                s3faf9ed6ac1f034d1b3a865a03010c5daf4a8bd097a1d16cfed7299628dee088.lto_priv.535
                0x00000000000318f2                s207d057603e78e21eb0b6ad4310e812201b586be5a926a6a22b8a6eeb91fdcec.lto_priv.546
                0x000000000003197c                s1028701150f3bee5954e51a9418291b4c1f4899706a46f9165cb5b598dd14693.lto_priv.531
                0x0000000000031ad0                sedf9700db641f277fec86a933b7324a42a26688e175f4901172a513d7578f020.lto_priv.660
                0x0000000000031ca4                s67fbd12e2899f50a814201b537e071ecd43ef12141c17c8d503a97806d05dfb5
                0x0000000000031e90                sa1cb5e23a5031f760dd776792721692457e390d3c8dee77fd829aa1245867095
                0x0000000000031ebe                s8d1a3c0d75c0375dcebe986bc3a5c9e54692c77cdef0a35642126340b0a6f233
                0x0000000000032270                s2b4f20553f5516d49e52be7dd8b338e79af2e36dc20b35ea8eb0a206e449264d.lto_priv.362
                0x0000000000032670                s718026dad46d9ff5fb8018461e4503fa9c3fd73a1b019e430fcfd7221621af01
                0x0000000000032758                sd429e6787924edae20c9d75a77fe22bad3fd35b5777ccb7eeda18e24643e5e80
                0x0000000000032820                s84782d9238cfb2284aa6cecbf7a2481a3d80d9247cea9cc23319692ff30b4671
                0x000000000003286e                s93648730a9090fb3f80241287de9a035e5127c8559de5e5740d763b5178bfc83
                0x00000000000328d0                s11da25d0c6a1b1664385caecaacf00715fee8e62eae94a7e2fecaf867af616ac
                0x000000000003292e                sdefdef071267b906150ce1a5d8f18de3bab7cb1642559c518553018e0d13f837.lto_priv.662
 .text.unlikely
                0x0000000000032978      0x224 /tmp/ccqSbVja.ltrans6.ltrans.o
                0x0000000000032978                sd0966d64f0d3e6b82d71702aaca1acf5a13b6fd7e8f9cb120ae51e50447cca81
                0x00000000000329b2                sd560fe4cd43270458ec69d8ccd9ee16e89c2d76ec55e454dce7c01e10bafca2f
                0x00000000000329d8                s8558d02283b0f31c917f79321809070660d023208bfd8ef40ec8ad4f466f4594
                0x0000000000032a22                s0836cdc9d68313e1a231a5201246767d8e21005529f9e2ab36f1124fc54387b1
                0x0000000000032acc                sfece315909b0830bc1b6dbe978863afded4a01c148eb636e248be2e75223d9c3
                0x0000000000032b28                sed01a6a64c0eaef1d699d2ef34c8eb5b0a77e724b24558efff2de2709409cefe
 .text          0x0000000000032b9c     0x3a74 /tmp/ccqSbVja.ltrans7.ltrans.o
                0x0000000000032c0c                s3b589556edc6a267efe7b4376fbce04785ed80759da71d04a339c5ff222ef1cf.lto_priv.694
                0x0000000000032d48                sadef9eacdca53769fc67c73c5ff692f8bd7a3cb6a4103196e6c7afbcb47342cf.lto_priv.698
                0x0000000000032db0                s868d0f1ac6c67bbe0e49b5b5f24ca083b289822b6147f8a6de807a235b4ad311.lto_priv.696
                0x0000000000032db4                s0c2b662bae0bdcfc01036c725e6863fb6c786a796321f679c37a9ceb9122e03e.lto_priv.695
                0x0000000000032e00                s81faadf2240d32e0f0d10a504cc060509d59cdd6ba54e99cfb931b545528941a.lto_priv.693
                0x0000000000032e30                s6a62e765c5b6378a8836ba160e501c532995f57fca44fd9a840708ac28426953.lto_priv.692
                0x0000000000032e86                graphPrintCenter.constprop.345
                0x000000000003303c                USART_InitSync.constprop.329
                0x0000000000033100                bgbuf_alloc_copy_data.constprop.309
                0x000000000003312a                ccm_auth_crypt.constprop.301
                0x00000000000333e4                mbedtls_ccm_setkey.constprop.297
                0x000000000003343c                se41e706e69954bea5efc184520f1cb0c4989540580c3ab8c05c21c29b2f141a2.constprop.290
                0x000000000003348c                s7e70bd2e3c33ef4832233e8b7a8d20298b5843292d53128a92c9c067b8075960.constprop.278
                0x00000000000334e0                s6c332994fe473d8c6d7287fdba27655babb8a34b76917cb56e491ea6c5c41e59.constprop.277
                0x0000000000033512                gecko_register_bgapi_library.constprop.262
                0x0000000000033550                nvm3_readData.constprop.252
                0x0000000000033584                bondingdb_find_by_data.part.2.constprop.211
                0x00000000000335d4                hci_command_init_shared_bgbuf.constprop.209
                0x0000000000033628                swap_endianess.constprop.206
                0x0000000000033644                gatt_set_enabled_caps.constprop.191
                0x000000000003369c                ll_randomGetData.constprop.168
                0x000000000003370c                gecko_cmd_le_gap_bt5_set_adv_data.constprop.148
                0x0000000000033764                _mesh_foundation_send_byte_array_impl.constprop.137
                0x0000000000033816                s57105b6b67a5a1a57af2d2fa7124fa5b3af61d1e8649d44ca5c585f11d77b20d.constprop.136
                0x00000000000338e0                s19a087910183f906f9c481b4f4b761e4d5d16b17c8f79e2d16fd446a1ecb3d00.part.5.constprop.122
                0x0000000000033964                sf1698a540af62f2121c58cc977681babcabb135582d1b2417945a35da0c6f5ed.part.4.constprop.120
                0x00000000000339d2                sec937d638b1ad69c2f309cf0e8825cf768c0cc8f16b26cd0d71167f02738a7bc.constprop.102
                0x00000000000339f0                ubt_gap_set_le_mode.constprop.101
                0x0000000000033a50                s5bf33b4513e161d24959069ee87afdc55c29797ef4321b6da8869ae856800478.constprop.87
                0x0000000000033b38                s5a4e287e1b4db84be60319078ff3918896758de951dbdaf86b6717d9c9da2ed1.constprop.83
                0x0000000000033c0c                se185ffc91aeeb4a5aeb3b3ea8719f7da202c48669109586304c6073c2d8a5801.constprop.82
                0x0000000000033d08                mbedtls_mpi_write_binary.constprop.74
                0x0000000000033d4e                mbedtls_ecp_group_load.constprop.55
                0x0000000000033dbc                s3f6a38eb1bfdacae3f0e68e44668dfdaf160c3583459004817a2692535ee2c62.constprop.24
                0x0000000000033e20                s5fb30ffe26eae07e6bad21b12f2a12b4f4e1dfea9c26686590d8b89649a7c443.constprop.22
                0x0000000000033eec                s1ea8fbfc842ce6700084b1f8e8dea7a55db626adb8f5d85c1a3de9251ad199e4.constprop.17
                0x0000000000034062                sea74f342f3b5ae9d3bbcdd1c04a8cb82d3502de20242cf8aeeca782a9ad933be.constprop.14
                0x0000000000034244                s97384b00fa713f098c904a25f2557e96fae651874fa37e5fab1c40e7f494f8e4.constprop.6
                0x00000000000342a8                sbc1e964e0cfb70c840bbd2e9a2d0ff19b85677b90e3b4a3219befba3c43b42c8.constprop.5
                0x000000000003430c                ecp_crypto_device_init.isra.0.lto_priv.480
                0x0000000000034350                mbedtls_internal_ecp_grp_capable
                0x000000000003435a                ecp_crypto_ddata_write.lto_priv.481
                0x00000000000343d0                mpitobigint.lto_priv.479
                0x000000000003440e                CRYPTO_InstructionSequenceWait.lto_priv.365.lto_priv.483
                0x000000000003440e                CRYPTO_InstructionSequenceWait.lto_priv.364.lto_priv.490
                0x0000000000034416                CRYPTO_DDataRead.lto_priv.370.lto_priv.492
                0x0000000000034416                CRYPTO_DDataRead.lto_priv.371.lto_priv.484
                0x000000000003443a                CRYPTO_DData0Read260.lto_priv.368.lto_priv.491
                0x0000000000034450                CRYPTO_DDataWrite.lto_priv.373.lto_priv.488
                0x0000000000034450                CRYPTO_DDataWrite.lto_priv.374.lto_priv.482
                0x0000000000034450                CRYPTO_DDataWrite.lto_priv.372.lto_priv.493
                0x0000000000034474                CRYPTO_DData0Write260.lto_priv.366.lto_priv.489
                0x000000000003448c                mbedtls_zeroize.lto_priv.375.lto_priv.643
                0x000000000003448c                mbedtls_zeroize.lto_priv.379.lto_priv.476
                0x000000000003448c                mbedtls_zeroize.lto_priv.376.lto_priv.495
                0x000000000003448c                mbedtls_zeroize.lto_priv.377.lto_priv.494
                0x000000000003448c                zeroize
                0x000000000003448c                mbedtls_zeroize.lto_priv.378.lto_priv.487
                0x000000000003449c                mbedtls_ccm_free
                0x00000000000344ae                mbedtls_cipher_cmac_starts.constprop.293
                0x00000000000344f8                sf2ec41a186290a57328682ef27e19418484459f6998cd81cc73b9c44c0be194e.part.3.lto_priv.475
                0x00000000000344f8                s7f7323da7602612d7f812f15f1be00a6e63f5691f05c640dc23d0eaa61641d2b.part.2.lto_priv.497
                0x0000000000034518                s7f7323da7602612d7f812f15f1be00a6e63f5691f05c640dc23d0eaa61641d2b.lto_priv.697
                0x0000000000034536                nvm3_writeData.constprop.302
                0x00000000000347b4                ll_advSetData.constprop.171
                0x0000000000034844                ecp_crypto_ddata_read.lto_priv.486
                0x0000000000034c00                crypto_mpi_div_mod.lto_priv.485
                0x0000000000034e18                mbedtls_internal_ecp_normalize_jac
                0x0000000000034efc                mbedtls_ecp_mul.constprop.61
                0x0000000000035334                sc6a25cac090e3d88461f2ef441ffa4e45f6bdd6ba3a708ec0a17ede69a6db060.constprop.296
                0x00000000000353e0                s7a1d99921dd719eb99e34f994a371ba26495385612b2aeafb68c4d7581143085.constprop.286
                0x00000000000355ac                s5ce090ba1cd7e4ad2374973b49164c0ed7e79867f2f8cb15bd75251fbbc85c46.constprop.131
                0x0000000000035662                sb89eacf60e8a63411e636a6d5cb2f77b51d9163cd23ab901b044ac784c78344a.constprop.114
                0x0000000000035844                gecko_stack_init.constprop.231
                0x0000000000036394                s56c6f2598a4a6c0fdb4f70af33c9463af1ae50012b2479b6d11220e172cb6844.constprop.142
                0x0000000000036408                s624b99905ea1c7499f5a4eeccdc73f98dbed46764f8ce71ffe7671dd0eb930d0.constprop.141
 .text.unlikely
                0x0000000000036610       0xb2 /tmp/ccqSbVja.ltrans7.ltrans.o
                0x000000000003667a                l2cap_send_command_reject.constprop.189
 *fill*         0x00000000000366c2        0x2 
 .text.RAIL_InitTxPowerCurvesAlt
                0x00000000000366c4       0x20 /home/huekh/SimplicityStudio/v4_workspace/Mesh_Empty_Recieve_Data/protocol/bluetooth/lib/EFR32XG13X/GCC/libbluetooth_mesh.a(pa_conversions_efr32.o)
                0x00000000000366c4                RAIL_InitTxPowerCurvesAlt
 .text.RAIL_ConvertDbmToRaw
                0x00000000000366e4       0xc0 /home/huekh/SimplicityStudio/v4_workspace/Mesh_Empty_Recieve_Data/protocol/bluetooth/lib/EFR32XG13X/GCC/libbluetooth_mesh.a(pa_conversions_efr32.o)
                0x00000000000366e4                RAIL_ConvertDbmToRaw
 .text.RAIL_ConvertRawToDbm
                0x00000000000367a4       0xb0 /home/huekh/SimplicityStudio/v4_workspace/Mesh_Empty_Recieve_Data/protocol/bluetooth/lib/EFR32XG13X/GCC/libbluetooth_mesh.a(pa_conversions_efr32.o)
                0x00000000000367a4                RAIL_ConvertRawToDbm
 .text.RAILCore_BLE_Init
                0x0000000000036854       0x1c /home/huekh/SimplicityStudio/v4_workspace/Mesh_Empty_Recieve_Data/protocol/bluetooth/lib/EFR32XG13X/GCC/libbluetooth_mesh.a(rail_ble.o)
                0x0000000000036854                RAILINT_5068bbb2b6fcc434fb14cc631c1d5448
 .text.RAIL_BLE_Init
                0x0000000000036870        0x8 /home/huekh/SimplicityStudio/v4_workspace/Mesh_Empty_Recieve_Data/protocol/bluetooth/lib/EFR32XG13X/GCC/libbluetooth_mesh.a(rail_ble.o)
                0x0000000000036870                RAIL_BLE_Init
 .text.RAILCore_BLE_ConfigPhy1MbpsViterbi
                0x0000000000036878       0x28 /home/huekh/SimplicityStudio/v4_workspace/Mesh_Empty_Recieve_Data/protocol/bluetooth/lib/EFR32XG13X/GCC/libbluetooth_mesh.a(rail_ble.o)
                0x0000000000036878                RAILINT_e88543c9b596792889571c0f7b731dba
 .text.RAIL_BLE_ConfigPhy1MbpsViterbi
                0x00000000000368a0        0x8 /home/huekh/SimplicityStudio/v4_workspace/Mesh_Empty_Recieve_Data/protocol/bluetooth/lib/EFR32XG13X/GCC/libbluetooth_mesh.a(rail_ble.o)
                0x00000000000368a0                RAIL_BLE_ConfigPhy1MbpsViterbi
 .text.RAILCore_BLE_ConfigPhy2MbpsViterbi
                0x00000000000368a8       0x28 /home/huekh/SimplicityStudio/v4_workspace/Mesh_Empty_Recieve_Data/protocol/bluetooth/lib/EFR32XG13X/GCC/libbluetooth_mesh.a(rail_ble.o)
                0x00000000000368a8                RAILINT_1bbb34915939a1132d22091036a46419
 .text.RAIL_BLE_ConfigPhy2MbpsViterbi
                0x00000000000368d0        0x8 /home/huekh/SimplicityStudio/v4_workspace/Mesh_Empty_Recieve_Data/protocol/bluetooth/lib/EFR32XG13X/GCC/libbluetooth_mesh.a(rail_ble.o)
                0x00000000000368d0                RAIL_BLE_ConfigPhy2MbpsViterbi
 .text.RAILCore_BLE_ConfigPhyCoded
                0x00000000000368d8       0x2c /home/huekh/SimplicityStudio/v4_workspace/Mesh_Empty_Recieve_Data/protocol/bluetooth/lib/EFR32XG13X/GCC/libbluetooth_mesh.a(rail_ble.o)
                0x00000000000368d8                RAILINT_2ee23e3f7dca1747f4df921175595919
 .text.RAIL_BLE_ConfigPhyCoded
                0x0000000000036904        0x8 /home/huekh/SimplicityStudio/v4_workspace/Mesh_Empty_Recieve_Data/protocol/bluetooth/lib/EFR32XG13X/GCC/libbluetooth_mesh.a(rail_ble.o)
                0x0000000000036904                RAIL_BLE_ConfigPhyCoded
 .text.RAILCore_BLE_ConfigChannelRadioParams
                0x000000000003690c       0x52 /home/huekh/SimplicityStudio/v4_workspace/Mesh_Empty_Recieve_Data/protocol/bluetooth/lib/EFR32XG13X/GCC/libbluetooth_mesh.a(rail_ble.o)
                0x000000000003690c                RAILINT_301fd6966b03cc938549fcaff8ed0b8e
 .text.RAIL_BLE_ConfigChannelRadioParams
                0x000000000003695e       0x12 /home/huekh/SimplicityStudio/v4_workspace/Mesh_Empty_Recieve_Data/protocol/bluetooth/lib/EFR32XG13X/GCC/libbluetooth_mesh.a(rail_ble.o)
                0x000000000003695e                RAIL_BLE_ConfigChannelRadioParams
 .text.RAIL_BLE_PhySwitchToRx
                0x0000000000036970       0x20 /home/huekh/SimplicityStudio/v4_workspace/Mesh_Empty_Recieve_Data/protocol/bluetooth/lib/EFR32XG13X/GCC/libbluetooth_mesh.a(rail_ble.o)
                0x0000000000036970                RAIL_BLE_PhySwitchToRx
 .text.RFHAL_ConfigBle2MbpsViterbi
                0x0000000000036990       0x1c /home/huekh/SimplicityStudio/v4_workspace/Mesh_Empty_Recieve_Data/protocol/bluetooth/lib/EFR32XG13X/GCC/libbluetooth_mesh.a(rail_ble_rf_hal.o)
                0x0000000000036990                RAILINT_779afa263ed7c3c82ebba499c78a7403
 .text.RFHAL_ConfigBle1MbpsViterbi
                0x00000000000369ac       0x1c /home/huekh/SimplicityStudio/v4_workspace/Mesh_Empty_Recieve_Data/protocol/bluetooth/lib/EFR32XG13X/GCC/libbluetooth_mesh.a(rail_ble_rf_hal.o)
                0x00000000000369ac                RAILINT_66ff65441ee5a52a57deeb36588ce487
 .text.RFHAL_ConfigBleCoded
                0x00000000000369c8       0x38 /home/huekh/SimplicityStudio/v4_workspace/Mesh_Empty_Recieve_Data/protocol/bluetooth/lib/EFR32XG13X/GCC/libbluetooth_mesh.a(rail_ble_rf_hal.o)
                0x00000000000369c8                RAILINT_909b6a7ef307e72517ccf71f477853a4
 .text.RFHAL_BleReinit
                0x0000000000036a00       0x1c /home/huekh/SimplicityStudio/v4_workspace/Mesh_Empty_Recieve_Data/protocol/bluetooth/lib/EFR32XG13X/GCC/libbluetooth_mesh.a(rail_ble_rf_hal.o)
                0x0000000000036a00                RAILINT_04333b69a0dca60b3c740e5ea8c3aaab
 .text.RFHAL_BleInit
                0x0000000000036a1c       0x12 /home/huekh/SimplicityStudio/v4_workspace/Mesh_Empty_Recieve_Data/protocol/bluetooth/lib/EFR32XG13X/GCC/libbluetooth_mesh.a(rail_ble_rf_hal.o)
                0x0000000000036a1c                RAILINT_c9e391ec0aca95ac3fcb39c2a85bfbd7
 .text.RFHAL_IsBleLongRangeEnabled
                0x0000000000036a2e        0xe /home/huekh/SimplicityStudio/v4_workspace/Mesh_Empty_Recieve_Data/protocol/bluetooth/lib/EFR32XG13X/GCC/libbluetooth_mesh.a(rail_ble_rf_hal.o)
                0x0000000000036a2e                RAILINT_b1bc1368cb0ab6c3a512d68344391b7e
 .text.RFHAL_BLEPreambleSyncWordSet
                0x0000000000036a3c       0x44 /home/huekh/SimplicityStudio/v4_workspace/Mesh_Empty_Recieve_Data/protocol/bluetooth/lib/EFR32XG13X/GCC/libbluetooth_mesh.a(rail_ble_rf_hal.o)
                0x0000000000036a3c                RAILINT_ea38e09a46dca6f91d142e88e3db7e0e
 .text.RFHAL_BLEWhiteningSet
                0x0000000000036a80       0x68 /home/huekh/SimplicityStudio/v4_workspace/Mesh_Empty_Recieve_Data/protocol/bluetooth/lib/EFR32XG13X/GCC/libbluetooth_mesh.a(rail_ble_rf_hal.o)
                0x0000000000036a80                RAILINT_f866b70e0793b3932db6c314ddec02ae
 .text.RFHAL_BlePhySwitchToRx
                0x0000000000036ae8       0xe0 /home/huekh/SimplicityStudio/v4_workspace/Mesh_Empty_Recieve_Data/protocol/bluetooth/lib/EFR32XG13X/GCC/libbluetooth_mesh.a(rail_ble_rf_hal.o)
                0x0000000000036ae8                RAILINT_385c26eda9eb82a18dffc09180dc91d8
 .text.RAIL_WriteTxFifo
                0x0000000000036bc8        0x8 /home/huekh/SimplicityStudio/v4_workspace/Mesh_Empty_Recieve_Data/protocol/bluetooth/lib/EFR32XG13X/GCC/libbluetooth_mesh.a(rail_data.o)
                0x0000000000036bc8                RAIL_WriteTxFifo
 .text.RAIL_SetTxFifo
                0x0000000000036bd0        0x8 /home/huekh/SimplicityStudio/v4_workspace/Mesh_Empty_Recieve_Data/protocol/bluetooth/lib/EFR32XG13X/GCC/libbluetooth_mesh.a(rail_data.o)
                0x0000000000036bd0                RAIL_SetTxFifo
 .text.RAIL_SetRxFifo
                0x0000000000036bd8        0x8 /home/huekh/SimplicityStudio/v4_workspace/Mesh_Empty_Recieve_Data/protocol/bluetooth/lib/EFR32XG13X/GCC/libbluetooth_mesh.a(rail_data.o)
                0x0000000000036bd8                RAIL_SetRxFifo
 .text.RAILCb_SetupRxFifo
                0x0000000000036be0       0x30 /home/huekh/SimplicityStudio/v4_workspace/Mesh_Empty_Recieve_Data/protocol/bluetooth/lib/EFR32XG13X/GCC/libbluetooth_mesh.a(rail_data.o)
                0x0000000000036be0                RAILCb_SetupRxFifo
 .text.RAIL_GetRxPacketInfo
                0x0000000000036c10        0x8 /home/huekh/SimplicityStudio/v4_workspace/Mesh_Empty_Recieve_Data/protocol/bluetooth/lib/EFR32XG13X/GCC/libbluetooth_mesh.a(rail_data.o)
                0x0000000000036c10                RAIL_GetRxPacketInfo
 .text.RAIL_GetRxPacketDetailsAlt
                0x0000000000036c18        0x8 /home/huekh/SimplicityStudio/v4_workspace/Mesh_Empty_Recieve_Data/protocol/bluetooth/lib/EFR32XG13X/GCC/libbluetooth_mesh.a(rail_data.o)
                0x0000000000036c18                RAIL_GetRxPacketDetailsAlt
 .text.RAIL_GetRxTimePreambleStartAlt
                0x0000000000036c20        0x8 /home/huekh/SimplicityStudio/v4_workspace/Mesh_Empty_Recieve_Data/protocol/bluetooth/lib/EFR32XG13X/GCC/libbluetooth_mesh.a(rail_data.o)
                0x0000000000036c20                RAIL_GetRxTimePreambleStartAlt
 .text.RAIL_ResetFifo
                0x0000000000036c28       0x24 /home/huekh/SimplicityStudio/v4_workspace/Mesh_Empty_Recieve_Data/protocol/bluetooth/lib/EFR32XG13X/GCC/libbluetooth_mesh.a(rail_data.o)
                0x0000000000036c28                RAIL_ResetFifo
 .text.RAIL_ConfigPti
                0x0000000000036c4c        0x6 /home/huekh/SimplicityStudio/v4_workspace/Mesh_Empty_Recieve_Data/protocol/bluetooth/lib/EFR32XG13X/GCC/libbluetooth_mesh.a(rail_pti.o)
                0x0000000000036c4c                RAIL_ConfigPti
 .text.RAIL_EnablePti
                0x0000000000036c52        0x6 /home/huekh/SimplicityStudio/v4_workspace/Mesh_Empty_Recieve_Data/protocol/bluetooth/lib/EFR32XG13X/GCC/libbluetooth_mesh.a(rail_pti.o)
                0x0000000000036c52                RAIL_EnablePti
 .text.radioConfigChangedDefault
                0x0000000000036c58        0x2 /home/huekh/SimplicityStudio/v4_workspace/Mesh_Empty_Recieve_Data/protocol/bluetooth/lib/EFR32XG13X/GCC/libbluetooth_mesh.a(rail_rf.o)
 .text.isTransitionState
                0x0000000000036c5a       0x12 /home/huekh/SimplicityStudio/v4_workspace/Mesh_Empty_Recieve_Data/protocol/bluetooth/lib/EFR32XG13X/GCC/libbluetooth_mesh.a(rail_rf.o)
 .text.RAILCore_Idle.part.2
                0x0000000000036c6c        0xc /home/huekh/SimplicityStudio/v4_workspace/Mesh_Empty_Recieve_Data/protocol/bluetooth/lib/EFR32XG13X/GCC/libbluetooth_mesh.a(rail_rf.o)
 .text.RAIL_UnlockModule
                0x0000000000036c78        0x4 /home/huekh/SimplicityStudio/v4_workspace/Mesh_Empty_Recieve_Data/protocol/bluetooth/lib/EFR32XG13X/GCC/libbluetooth_mesh.a(rail_rf.o)
                0x0000000000036c78                RAIL_UnlockModule
 .text.RAILCore_Init
                0x0000000000036c7c       0x1e /home/huekh/SimplicityStudio/v4_workspace/Mesh_Empty_Recieve_Data/protocol/bluetooth/lib/EFR32XG13X/GCC/libbluetooth_mesh.a(rail_rf.o)
                0x0000000000036c7c                RAILINT_59121321a1358ecc506fdb12a688e30c
 *fill*         0x0000000000036c9a        0x2 
 .text.RAILInt_SetCallbackConfig
                0x0000000000036c9c       0x28 /home/huekh/SimplicityStudio/v4_workspace/Mesh_Empty_Recieve_Data/protocol/bluetooth/lib/EFR32XG13X/GCC/libbluetooth_mesh.a(rail_rf.o)
                0x0000000000036c9c                RAILINT_67b8f114888c610aba62f28a55421a70
 .text.RAILCore_Idle