Archive member included to satisfy reference by file (symbol)

C:\Users\huekh\SimplicityStudio\v4_workspace\Mesh_Transfer_AES_AD\protocol\bluetooth\lib\EFR32XG13X\GCC\libpsstore.a(store.c.obj)
                              (__nvm3Base)
C:\Users\huekh\SimplicityStudio\v4_workspace\Mesh_Transfer_AES_AD\protocol\bluetooth\lib\EFR32XG13X\GCC\libpsstore.a(crc32.c.obj)
                              store.c.obj (symbol from plugin) (bg_crc_init)
C:\Users\huekh\SimplicityStudio\v4_workspace\Mesh_Transfer_AES_AD\protocol\bluetooth\lib\EFR32XG13X\GCC\libbluetooth_mesh.a(bgapi.c.obj)
                              ./protocol/bluetooth/bt_mesh/src/mesh_lib.o (symbol from plugin) (gecko_cmd_msg_buf)
C:\Users\huekh\SimplicityStudio\v4_workspace\Mesh_Transfer_AES_AD\protocol\bluetooth\lib\EFR32XG13X\GCC\libbluetooth_mesh.a(bgapi_gap.c.obj)
                              ./main.o (symbol from plugin) (sli_bt_cmd_le_gap_bt5_set_adv_data)
C:\Users\huekh\SimplicityStudio\v4_workspace\Mesh_Transfer_AES_AD\protocol\bluetooth\lib\EFR32XG13X\GCC\libbluetooth_mesh.a(bgapi_gatt.c.obj)
                              bgapi.c.obj (symbol from plugin) (bgapi_gatt_listener)
C:\Users\huekh\SimplicityStudio\v4_workspace\Mesh_Transfer_AES_AD\protocol\bluetooth\lib\EFR32XG13X\GCC\libbluetooth_mesh.a(bgapi_hardware.c.obj)
                              ./main.o (symbol from plugin) (sli_bt_cmd_hardware_set_soft_timer)
C:\Users\huekh\SimplicityStudio\v4_workspace\Mesh_Transfer_AES_AD\protocol\bluetooth\lib\EFR32XG13X\GCC\libbluetooth_mesh.a(bgapi_ps.c.obj)
                              ./main.o (symbol from plugin) (sli_bt_cmd_flash_ps_erase_all)
C:\Users\huekh\SimplicityStudio\v4_workspace\Mesh_Transfer_AES_AD\protocol\bluetooth\lib\EFR32XG13X\GCC\libbluetooth_mesh.a(bgapi_system.c.obj)
                              ./main.o (symbol from plugin) (sli_bt_cmd_system_get_bt_address)
C:\Users\huekh\SimplicityStudio\v4_workspace\Mesh_Transfer_AES_AD\protocol\bluetooth\lib\EFR32XG13X\GCC\libbluetooth_mesh.a(bgbuf.c.obj)
                              bgapi.c.obj (symbol from plugin) (bgbuf_chain_free)
C:\Users\huekh\SimplicityStudio\v4_workspace\Mesh_Transfer_AES_AD\protocol\bluetooth\lib\EFR32XG13X\GCC\libbluetooth_mesh.a(bglib.c.obj)
                              ./main.o (symbol from plugin) (gecko_wait_event)
C:\Users\huekh\SimplicityStudio\v4_workspace\Mesh_Transfer_AES_AD\protocol\bluetooth\lib\EFR32XG13X\GCC\libbluetooth_mesh.a(bondingdb.c.obj)
                              bglib.c.obj (symbol from plugin) (bondingdb_get_max_bonds)
C:\Users\huekh\SimplicityStudio\v4_workspace\Mesh_Transfer_AES_AD\protocol\bluetooth\lib\EFR32XG13X\GCC\libbluetooth_mesh.a(btl_interface.c.obj)
                              bgapi.c.obj (symbol from plugin) (bootloader_getInfo)
C:\Users\huekh\SimplicityStudio\v4_workspace\Mesh_Transfer_AES_AD\protocol\bluetooth\lib\EFR32XG13X\GCC\libbluetooth_mesh.a(ccm.c.obj)
                              ./mbedtls/library/cipher_wrap.o (symbol from plugin) (mbedtls_ccm_init)
C:\Users\huekh\SimplicityStudio\v4_workspace\Mesh_Transfer_AES_AD\protocol\bluetooth\lib\EFR32XG13X\GCC\libbluetooth_mesh.a(efr32xg1x.c.obj)
                              bglib.c.obj (symbol from plugin) (bg_hal_set_ctune)
C:\Users\huekh\SimplicityStudio\v4_workspace\Mesh_Transfer_AES_AD\protocol\bluetooth\lib\EFR32XG13X\GCC\libbluetooth_mesh.a(gap.c.obj)
                              bglib.c.obj (symbol from plugin) (gap_reset_state)
C:\Users\huekh\SimplicityStudio\v4_workspace\Mesh_Transfer_AES_AD\protocol\bluetooth\lib\EFR32XG13X\GCC\libbluetooth_mesh.a(gap_adv.c.obj)
                              bgapi_gap.c.obj (symbol from plugin) (gap_set_advertising_timing)
C:\Users\huekh\SimplicityStudio\v4_workspace\Mesh_Transfer_AES_AD\protocol\bluetooth\lib\EFR32XG13X\GCC\libbluetooth_mesh.a(gap_deprecated.c.obj)
                              bgapi_gap.c.obj (symbol from plugin) (ubt_gap_set_adv_parameters)
C:\Users\huekh\SimplicityStudio\v4_workspace\Mesh_Transfer_AES_AD\protocol\bluetooth\lib\EFR32XG13X\GCC\libbluetooth_mesh.a(gap_periodic_adv-stubs.c.obj)
                              bglib.c.obj (symbol from plugin) (ubt_gap_alloc_periodic_adv)
C:\Users\huekh\SimplicityStudio\v4_workspace\Mesh_Transfer_AES_AD\protocol\bluetooth\lib\EFR32XG13X\GCC\libbluetooth_mesh.a(gap_periodic_scan-stubs.c.obj)
                              bglib.c.obj (symbol from plugin) (ubt_gap_alloc_periodic_scan)
C:\Users\huekh\SimplicityStudio\v4_workspace\Mesh_Transfer_AES_AD\protocol\bluetooth\lib\EFR32XG13X\GCC\libbluetooth_mesh.a(gap_resolver.c.obj)
                              gap.c.obj (symbol from plugin) (gap_address_resolver_step)
C:\Users\huekh\SimplicityStudio\v4_workspace\Mesh_Transfer_AES_AD\protocol\bluetooth\lib\EFR32XG13X\GCC\libbluetooth_mesh.a(gap_scan.c.obj)
                              gap.c.obj (symbol from plugin) (gap_status_set_scan_packet)
[...]
Memory Configuration

Name             Origin             Length             Attributes
FLASH_BOOTLOADER 0x0fe10000         0x00004000         xr
FLASH            0x00000000         0x00080000         xr
RAM              0x20000000         0x00010000         xrw
*default*        0x00000000         0xffffffff

Linker script and memory map

LOAD c:/siliconlabs/simplicitystudio/v4/developer/toolchains/gnu_arm/7.2_2017q4/bin/../lib/gcc/arm-none-eabi/7.2.1/thumb/v7e-m/fpv4-sp/softfp/crti.o
LOAD c:/siliconlabs/simplicitystudio/v4/developer/toolchains/gnu_arm/7.2_2017q4/bin/../lib/gcc/arm-none-eabi/7.2.1/thumb/v7e-m/fpv4-sp/softfp/crtbegin.o
LOAD c:/siliconlabs/simplicitystudio/v4/developer/toolchains/gnu_arm/7.2_2017q4/bin/../lib/gcc/arm-none-eabi/7.2.1/../../../../arm-none-eabi/lib/thumb/v7e-m/fpv4-sp/softfp/crt0.o
START GROUP
LOAD C:\Users\huekh\AppData\Local\Temp\cc1H0hIg.ltrans0.ltrans.o
LOAD C:\Users\huekh\AppData\Local\Temp\cc1H0hIg.ltrans1.ltrans.o
LOAD C:\Users\huekh\AppData\Local\Temp\cc1H0hIg.ltrans2.ltrans.o
LOAD C:\Users\huekh\AppData\Local\Temp\cc1H0hIg.ltrans3.ltrans.o
LOAD C:\Users\huekh\AppData\Local\Temp\cc1H0hIg.ltrans4.ltrans.o
LOAD C:\Users\huekh\AppData\Local\Temp\cc1H0hIg.ltrans5.ltrans.o
LOAD C:\Users\huekh\SimplicityStudio\v4_workspace\Mesh_Transfer_AES_AD\protocol\bluetooth\lib\EFR32XG13X\GCC\libpsstore.a
LOAD C:\Users\huekh\SimplicityStudio\v4_workspace\Mesh_Transfer_AES_AD\protocol\bluetooth\lib\EFR32XG13X\GCC\binapploader.o
LOAD C:\Users\huekh\SimplicityStudio\v4_workspace\Mesh_Transfer_AES_AD\protocol\bluetooth\lib\EFR32XG13X\GCC\libcoex.a
LOAD C:\Users\huekh\SimplicityStudio\v4_workspace\Mesh_Transfer_AES_AD\protocol\bluetooth\lib\EFR32XG13X\GCC\libbluetooth_mesh.a
LOAD c:/siliconlabs/simplicitystudio/v4/developer/toolchains/gnu_arm/7.2_2017q4/bin/../lib/gcc/arm-none-eabi/7.2.1/../../../../arm-none-eabi/lib/thumb/v7e-m/fpv4-sp/softfp\libm.a
END GROUP
START GROUP
LOAD c:/siliconlabs/simplicitystudio/v4/developer/toolchains/gnu_arm/7.2_2017q4/bin/../lib/gcc/arm-none-eabi/7.2.1/thumb/v7e-m/fpv4-sp/softfp\libgcc.a
LOAD c:/siliconlabs/simplicitystudio/v4/developer/toolchains/gnu_arm/7.2_2017q4/bin/../lib/gcc/arm-none-eabi/7.2.1/../../../../arm-none-eabi/lib/thumb/v7e-m/fpv4-sp/softfp\libc_nano.a
LOAD c:/siliconlabs/simplicitystudio/v4/developer/toolchains/gnu_arm/7.2_2017q4/bin/../lib/gcc/arm-none-eabi/7.2.1/../../../../arm-none-eabi/lib/thumb/v7e-m/fpv4-sp/softfp\libnosys.a
END GROUP
START GROUP
LOAD c:/siliconlabs/simplicitystudio/v4/developer/toolchains/gnu_arm/7.2_2017q4/bin/../lib/gcc/arm-none-eabi/7.2.1/thumb/v7e-m/fpv4-sp/softfp\libgcc.a
LOAD c:/siliconlabs/simplicitystudio/v4/developer/toolchains/gnu_arm/7.2_2017q4/bin/../lib/gcc/arm-none-eabi/7.2.1/../../../../arm-none-eabi/lib/thumb/v7e-m/fpv4-sp/softfp\libg_nano.a
LOAD c:/siliconlabs/simplicitystudio/v4/developer/toolchains/gnu_arm/7.2_2017q4/bin/../lib/gcc/arm-none-eabi/7.2.1/../../../../arm-none-eabi/lib/thumb/v7e-m/fpv4-sp/softfp\libc_nano.a
END GROUP
START GROUP
LOAD c:/siliconlabs/simplicitystudio/v4/developer/toolchains/gnu_arm/7.2_2017q4/bin/../lib/gcc/arm-none-eabi/7.2.1/thumb/v7e-m/fpv4-sp/softfp\libgcc.a
LOAD c:/siliconlabs/simplicitystudio/v4/developer/toolchains/gnu_arm/7.2_2017q4/bin/../lib/gcc/arm-none-eabi/7.2.1/../../../../arm-none-eabi/lib/thumb/v7e-m/fpv4-sp/softfp\libc_nano.a
END GROUP
LOAD c:/siliconlabs/simplicitystudio/v4/developer/toolchains/gnu_arm/7.2_2017q4/bin/../lib/gcc/arm-none-eabi/7.2.1/thumb/v7e-m/fpv4-sp/softfp/crtend.o
LOAD c:/siliconlabs/simplicitystudio/v4/developer/toolchains/gnu_arm/7.2_2017q4/bin/../lib/gcc/arm-none-eabi/7.2.1/thumb/v7e-m/fpv4-sp/softfp/crtn.o

.text_bootloader
                0x0fe10000        0x0
 *(.binbootloader*)
                0x0fe10000                . = ALIGN (0x4000)

.text_apploader
                0x00000000     0xa7c0
 *(.binapploader*)
 .binapploader  0x00000000     0xa7c0 C:\Users\huekh\SimplicityStudio\v4_workspace\Mesh_Transfer_AES_AD\protocol\bluetooth\lib\EFR32XG13X\GCC\binapploader.o

.text_signature
                0x0000a7c0       0x40
                0x0000a800                . = ALIGN (0x800)
 *fill*         0x0000a7c0       0x40 
                0x0000a800                __text_start__ = .

.text_application
                0x0000a800    0x2f44c
 *(.vectors)
 .vectors       0x0000a800       0xfc C:\Users\huekh\AppData\Local\Temp\cc1H0hIg.ltrans0.ltrans.o
                0x0000a800                __Vectors
                0x0000a8fc                __Vectors_End = .
                0x000000fc                __Vectors_Size = (__Vectors_End - __Vectors)
                0x0000a8fc                __end__ = .
 *(.application_properties)
 .application_properties
                0x0000a8fc       0x40 C:\Users\huekh\AppData\Local\Temp\cc1H0hIg.ltrans0.ltrans.o
                0x0000a8fc                bg_application_properties
 *(.gecko_configuration)
 *(.xo_configuration)
 *(.gatt_header)
 .gatt_header   0x0000a93c       0x34 C:\Users\huekh\AppData\Local\Temp\cc1H0hIg.ltrans5.ltrans.o
                0x0000a93c                bg_gattdb_data
 *(.gatt_data)
 .gatt_data     0x0000a970      0x2b6 C:\Users\huekh\AppData\Local\Temp\cc1H0hIg.ltrans5.ltrans.o
                0x0000a970                bg_gattdb_data_attributes_map
                0x0000aae4                bg_gattdb_data_attribute_field_30
                0x0000aaec                bg_gattdb_data_attribute_field_29
                0x0000ab02                bg_gattdb_data_attribute_field_28
                0x0000ab14                bg_gattdb_data_attribute_field_26
                0x0000ab1c                bg_gattdb_data_attribute_field_25
                0x0000ab24                bg_gattdb_data_attribute_field_24
                0x0000ab2c                bg_gattdb_data_attribute_field_23
                0x0000ab34                bg_gattdb_data_attribute_field_22
                0x0000ab38                bg_gattdb_data_attribute_field_20
                0x0000ab40                bg_gattdb_data_attribute_field_19
                0x0000ab48                bg_gattdb_data_attribute_field_18
                0x0000ab50                bg_gattdb_data_attribute_field_17
                0x0000ab58                bg_gattdb_data_attribute_field_16
                0x0000ab5c                bg_gattdb_data_attribute_field_15
                0x0000ab6a                bg_gattdb_data_attribute_field_14
                0x0000ab72                bg_gattdb_data_attribute_field_13
                0x0000ab76                bg_gattdb_data_attribute_field_12
                0x0000ab7a                bg_gattdb_data_attribute_field_11
                0x0000ab84                bg_gattdb_data_attribute_field_10
                0x0000ab8c                bg_gattdb_data_attribute_field_9
                0x0000ab94                bg_gattdb_data_attribute_field_8
                0x0000ab98                bg_gattdb_data_attribute_field_7
                0x0000aba0                bg_gattdb_data_attribute_field_6
                0x0000aba8                bg_gattdb_data_attribute_field_5
                0x0000abb0                bg_gattdb_data_attribute_field_4
                0x0000abb8                bg_gattdb_data_attribute_field_2
                0x0000abc0                bg_gattdb_data_attribute_field_1
                0x0000abc8                bg_gattdb_data_attribute_field_0
                0x0000abcc                bg_gattdb_data_adv_uuid128_map
                0x0000abcd                bg_gattdb_data_adv_uuid16_map
                0x0000abce                bg_gattdb_data_attributes_dynamic_mapping_map
                0x0000abe0                bg_gattdb_data_uuidtable_128_map
                0x0000ac00                bg_gattdb_data_uuidtable_16_map
 *(.text*)
 *fill*         0x0000ac26        0x2 
 .text          0x0000ac28       0x40 c:/siliconlabs/simplicitystudio/v4/developer/toolchains/gnu_arm/7.2_2017q4/bin/../lib/gcc/arm-none-eabi/7.2.1/thumb/v7e-m/fpv4-sp/softfp/crtbegin.o
 .text          0x0000ac68       0x74 c:/siliconlabs/simplicitystudio/v4/developer/toolchains/gnu_arm/7.2_2017q4/bin/../lib/gcc/arm-none-eabi/7.2.1/../../../../arm-none-eabi/lib/thumb/v7e-m/fpv4-sp/softfp/crt0.o
                0x0000ac68                _mainCRTStartup
                0x0000ac68                _start
 .text          0x0000acdc     0x5c1c C:\Users\huekh\AppData\Local\Temp\cc1H0hIg.ltrans0.ltrans.o
                0x0000ad00                gecko_init_alloc
                0x0000b6cc                sli_bt_cmd_le_gap_set_advertise_configuration
                0x0000b798                sli_bt_cmd_le_gap_set_advertise_report_scan_request
                0x0000b804                sli_bt_cmd_le_gap_set_advertise_channel_map
                0x0000b864                sli_bt_cmd_le_gap_end_procedure
                0x0000b8ac                sli_bt_cmd_system_set_tx_power
                0x0000b9b4                sli_bt_cmd_le_gap_set_discovery_type
                0x0000ba0c                sli_bt_cmd_le_gap_set_discovery_timing
                0x0000ba88                sli_bt_cmd_le_gap_stop_advertising
                0x0000bab4                sli_bt_cmd_le_gap_start_advertising
                0x0000bafc                sli_bt_cmd_le_gap_set_advertise_timing
                0x0000bc88                ccm_aes_setkey_wrap.lto_priv.378
                0x0000bc8c                Reset_Handler
                0x0000bccc                is_explicit_legacy_advertising.lto_priv.652
                0x0000bcdc                is_legacy_advertising_preferred.lto_priv.655
                0x0000bd32                check_private_address_and_timer
                0x0000be04                sli_bt_cmd_le_gap_start_discovery
                0x0000be94                gap_notify_phy_status
                0x0000bed4                gap_notify_connection_parameters
                0x0000bf34                gap_encryption_changed
                0x0000bf9c                ubt_sm_get_bond_data
                0x0000bfcc                gap_connection_complete.part.11
                0x0000c1b4                bondingdb_is_bonded
                0x0000c1d4                ubt_sm_set_bond_data
                0x0000c202                gecko_stack_update_callback
                0x0000c214                bgbuf_chain_add
                0x0000c228                bgbuf_chain_len
                0x0000c23c                gap_adv_update
                0x0000c4c0                gap_listener
                0x0000c694                bgbuf_prepend_no_alloc
                0x0000c6d6                bgbuf_chain_pop_packet
                0x0000c6fc                bgbuf_append_data
                0x0000c720                CORE_EnterCritical
                0x0000c728                header_invalid
                0x0000c746                crc32_calc.lto_priv.392
                0x0000c774                find_obj
                0x0000c7d0                flash_write_u32.lto_priv.391
                0x0000c898                SystemHFXOClockGet
                0x0000c8a4                _sbrk
                0x0000c8c8                _lseek
                0x0000c8cc                _isatty
                0x0000c8d0                _fstat
                0x0000c8da                _exit
                0x0000c8dc                _close
                0x0000c8e0                mbedtls_cipher_update
                0x0000c984                mbedtls_cipher_cmac_update
                0x0000ca4c                mbedtls_cipher_setup
                0x0000ca80                mbedtls_mpi_cmp_mpi
                0x0000cb00                mbedtls_mpi_cmp_int
                0x0000cb1a                mbedtls_mpi_bitlen
                0x0000cb5a                crypto_management_release
                0x0000cb90                CRYPTO_InstructionSequenceWait.lto_priv.388
                0x0000cb98                crypto_management_acquire_preemption
                0x0000cd14                CRYPTO_DDataWrite.lto_priv.384.lto_priv.424
                0x0000cd14                CRYPTO_DDataWrite.lto_priv.385.lto_priv.386
                0x0000cd88                ecp_crypto_device_init.isra.0.lto_priv.383
                0x0000cdcc                mbedtls_internal_ecp_grp_capable
                0x0000cdd6                ecp_crypto_ddata_write.lto_priv.387
                0x0000ce4c                CRYPTO_KeyBufWriteUnaligned.lto_priv.414.lto_priv.415
                0x0000ce4c                CRYPTO_KeyBufWriteUnaligned.lto_priv.413.lto_priv.428
                0x0000ce74                CRYPTO_DataReadUnaligned.lto_priv.419.lto_priv.430
                0x0000ce74                CRYPTO_DataReadUnaligned.lto_priv.420.lto_priv.421
                0x0000cea6                CRYPTO_DataWriteUnaligned.lto_priv.416.lto_priv.429
                0x0000cea6                CRYPTO_DataWriteUnaligned.lto_priv.417.lto_priv.418
                0x0000cedc                mbedtls_aes_init.part.4
                0x0000cee4                mbedtls_aes_setkey_enc
                0x0000cf20                aes_setkey_enc_wrap.lto_priv.374
                0x0000cf22                SystemLFXOClockGet
                0x0000cf2c                SystemULFRCOClockGet
                0x0000cf32                SystemLFRCOClockGet
                0x0000cf38                SystemHFClockGet
                0x0000d01c                SYSTEM_ChipRevisionGet
                0x0000d050                MSC_Deinit
                0x0000d064                MSC_Init
                0x0000d0b4                GPIO_PinModeSet
                0x0000d124                EMU_DCDCLnRcoBandSet
                0x0000d14c                CORE_EnterAtomic
                0x0000d154                CORE_ExitCritical
                0x0000d15a                bgbuf_free
                0x0000d1d4                bgbuf_chain_defragment
                0x0000d260                bgbuf_chain_drop_end
                0x0000d2a2                bgbuf_chain_drop
                0x0000d2d0                bgbuf_chain_free
                0x0000d2e4                cache_adv_scan_packet.lto_priv.653
                0x0000d304                ubt_gap_set_adv_data
                0x0000d3d4                sli_bt_cmd_le_gap_bt5_set_adv_data
                0x0000d44c                bgapi_ubt_listener
                0x0000db08                bgbuf_alloc_int.lto_priv.390
                0x0000dbb4                bgbuf_chain_append_data
                0x0000dc18                gap_adv_add_name.lto_priv.654
                0x0000dcb6                gap_adv_add_attribute.lto_priv.656
                0x0000dd54                bgbuf_clone
                0x0000ddc6                bgbuf_alloc
                0x0000ddd2                bgbuf_prepend
                0x0000ddf6                sl_free
                0x0000de0c                aes_ctx_free.lto_priv.377
                0x0000de1e                mbedtls_mpi_free
                0x0000de4a                mbedtls_ecp_point_free.part.8
                0x0000de64                mbedtls_ecp_point_free
                0x0000de6a                sl_calloc
                0x0000de82                aes_ctx_alloc.lto_priv.376
                0x0000de98                ccm_ctx_alloc.lto_priv.379
                0x0000df06                mbedtls_mpi_lset
                0x0000df2e                mbedtls_mpi_shift_r
                0x0000dfa2                mbedtls_mpi_read_binary
                0x0000e00e                mbedtls_mpi_copy
                0x0000e062                mbedtls_ecp_copy
                0x0000e81c                mbedtls_mpi_sub_mpi
                0x0000ecd4                mbedtls_ecp_check_pubkey
                0x0000eed8                aes_setkey_dec_wrap.lto_priv.375
                0x0000efc4                crypto_management_release_preemption
                0x0000f15c                ecp_crypto_ddata_read.lto_priv.389
                0x0000f1f0                mbedtls_internal_ecp_double_jac
                0x0000f360                mbedtls_internal_ecp_add_mixed
                0x0000f718                mbedtls_internal_ecp_normalize_jac
                0x0000f7fc                mbedtls_aes_crypt_ctr
                0x0000f9a4                aes_crypt_ctr_wrap.lto_priv.373
                0x0000f9a6                mbedtls_aes_crypt_ecb
                0x0000fa48                aes_crypt_ecb_wrap.lto_priv.372
                0x0000fa4a                CORE_ExitAtomic
                0x0000fa4e                CMU_OscillatorEnable
                0x0000fbc0                CMU_ClockSelectGet
                0x0000fd10                CMU_ClockFreqGet
                0x0000fd60                CMU_ClockSelectSet
                0x0000ff1c                CMU_ClockEnable
                0x00010254                _write
                0x00010294                _read
                0x00010494                DMD_writeColor.part.2
                0x00010734                mbedtls_ecp_group_free
                0x00010792                mbedtls_cipher_cmac_finish
                0x000108a0                mbedtls_cipher_free
                0x000108d0                mbedtls_ccm_free
                0x000108e4                ccm_ctx_free.lto_priv.380
 .text.unlikely
                0x000108f8      0x3b0 C:\Users\huekh\AppData\Local\Temp\cc1H0hIg.ltrans0.ltrans.o
                0x00010986                mbedtls_mpi_safe_cond_assign
                0x000109ee                ecp_safe_invert_jac.lto_priv.381
                0x00010a36                ecp_normalize_jac_many.lto_priv.382
 .text.startup  0x00010ca8     0x1d40 C:\Users\huekh\AppData\Local\Temp\cc1H0hIg.ltrans0.ltrans.o
                0x00010ca8                main
 .text          0x000129e8     0x532c C:\Users\huekh\AppData\Local\Temp\cc1H0hIg.ltrans1.ltrans.o
                0x000129e8                BG_PRORTC_IRQHandler
                0x00012a18                timer_get_counter
                0x00012a2c                ll_task_default_callback.lto_priv.681
                0x00012ac0                ubt_event_free
                0x00012e98                s016e44ad02430fe1c887dcb26e8e278c1956ab61fa50bdfddcd1db9abaa78f37
                0x00012efc                seb4ab25b7c58875998ac40b1bec88bf551f981f2469001e19ff54f2b09481d16.lto_priv.526
                0x00012ff0                s7812746f63333791fb6872ed16748790b01034a8eef02f22476ee32a6e4c1941.lto_priv.525
                0x00013054                sd6923ba4408c8366fcdcf4f0fcd99f09f4af006f323837969d9527a15ffb8f63.lto_priv.514
                0x00013084                sdc854476dedba7ee62449ead0ca4a5e87d864f604676abd573962c4415133edb.isra.2.lto_priv.517
                0x000130c0                uuid_to_handle
                0x00013124                bg_set_max_tx_power
                0x00013194                timer_get_time
                0x000131bc                smp_ah
                0x0001324c                usch_SendEvent
                0x0001325c                usch_RemoveTask
                0x0001328c                ll_scanTaskExtConnectReqSent
                0x0001333c                add_task.lto_priv.422
                0x0001339c                ecode2bg
                0x000133dc                ubt_pskey_read_callback
                0x000133f2                ubt_pskey_write_callback
                0x00013408                ll_scanExtRxProcess
                0x0001386c                nvm3_deleteObjects
                0x000139a8                ll_to_hci_event_handler.lto_priv.683
                0x00013a8c                BTLE_LL_EventRaise
                0x00013aa8                usch_Schedule
                0x00013bec                BTLE_LLToHCIEventSAP
                0x00013c38                s2e04433c0822684cffc5a5454423cda380c368077ad6f96ed63e9d811f83b5f1
                0x00014dea                sli_bt_cmd_mesh_node_init
                0x00016438                gecko_priority_handle
 .text.unlikely
                0x00017d14       0x34 C:\Users\huekh\AppData\Local\Temp\cc1H0hIg.ltrans1.ltrans.o
                0x00017d14                s5c9b2146e76590c364a7b494a5df0097346856494689e9ab2b88049a5c887c05
 .text          0x00017d48     0x6228 C:\Users\huekh\AppData\Local\Temp\cc1H0hIg.ltrans2.ltrans.o
                0x00017e38                sff31fd901ed768bfeac3718826234a9e83febe44880a5e6dca958bba918ea4ad.lto_priv.576
                0x00017e6c                mbedtls_internal_ecp_free
                0x00017e80                sfd7e6cd9879f13db0d70b7a813e1a8cc44b5f56f40b0355b979a89be2703b47c.lto_priv.543
                0x00017f44                sd5a29bbd5a740d419b817e60051ed2f1a05287e38ab4f0b25ed1e2c63d9ec03d.lto_priv.466
                0x00017f80                s3c9a8bc8cac6ce11f25eaf0e56455839c84bd8bb5d289b38670031e846794e82.lto_priv.465
                0x00018014                sc0271a2e28c9e15e53edb0e8d2a3c96d7ef18d0d62f9a1dfcf85c198e3ed8ae6.lto_priv.578
                0x0001804c                se9aca1401a4aeeb4ad2a6d894d69a12d0a4ffd97ea2f28496601479e956c55d7.lto_priv.577
                0x000181cc                s8ae99f3d2e6cbfd3ceb13957e77ea3128eafdceb290144ef7fa29980bae37ab3.lto_priv.575
                0x000183ae                s51cdf91e2c5753a507b803e34c0a34f4ced47b51f44f3fb3bea61e1237a84027
                0x000184a8                s57f8c7eb3cf2b4ef86d7e43e3397e8eb65517761d02dec4391588d56dc94f337.lto_priv.342
                0x000184f4                s258899977d8361c3467c5cfa905db17d7f1c7bf8d51c1734dedfdee7af5ba7b3
                0x0001850c                s486fd7b951dbfc8cdb9291a07b8aeb7086799e83a6c32c9a997a79363b02f97f
                0x00018538                s1e8d1e607c3e4de9a4e1d9301c925f5915de70a7b683a635906e27ee9c26334a.lto_priv.489
                0x000185fc                s461da4995be371d5229d4ef6df27eb288009c04575a828cd5190c73fc9bb7701.lto_priv.486
                0x0001861c                sa69955766f78372ecbd9ba75d61dc3ecd1212602b499ec291d504f6382c1d6da.lto_priv.485
                0x00018638                s5bd7fc0094645465a48876a6bb3d737a25dcef0a2fae361618a60d377273f2a9.lto_priv.483
                0x00018648                s489cc45e477392026d2b7e3ce559fd9c5b5600674f552d67b27eb768eeb71420.part.2.lto_priv.474
                0x00018678                s970b34b10c910c0f80a4fa9fc26e848e43fad4fb80880b45904ca99a98216e29.lto_priv.479
                0x0001868c                s8461f37184966dd9e134ff828eb356269de12a1d19ae191d03b3304b2c1ffc08.lto_priv.472
                0x000186a4                se2632604085a3cccccf8ffe31018216024f8bef695db7499d3c2333f7873176d.lto_priv.469
                0x000186e4                sbe495096f2db26c98af3eec82575eff5bc48a4bfda54536cc70012962e7810f1.lto_priv.473
                0x00018710                s6319678aa5bd717f42308ae6e708a96d712211dae9be9802697acc37926bf1de.lto_priv.478
                0x000187c4                sa0e709cd206419051b883298c25e6cb3ad596597ddc590ee6fa8eef6f92d5688
                0x000187f4                sa47352d654fe09080c21fb8c1de49345966ba8b026b9253de5c8f8ff5bab8138.lto_priv.470
                0x00018814                s931a59b64b47d3864eddbb43efa9a7b7cda1f0325d0c354e5d30edff56ac09d6.lto_priv.482
                0x0001885c                s8443096ca4d82da7d2ac8319b00d7fc633546656b72007b8365c5b9497ee22af.lto_priv.468
                0x00018878                s2ff6044af5259ab8f6d2bde0b5d8ef529886ab300131a30389ad8e55ac96543d.lto_priv.488
                0x00018ab8                s0a4b4c393976893c81cff6bde2e2683b15a58bf14f13039db10bb869aa6af8dd.lto_priv.601
                0x00018ad8                sf38ec184796d8892eeea210be6c553dd5c5a37a48fc668c9d0cc8085df1b630f.lto_priv.534
                0x00018b2c                s1137bc52329f341771933a286526e40f9c3528a73a3675dcd47aaadf5348fe0f
                0x00018b54                se5ab3fcfa8068d1a59e05e582a4a1d944f9668211282b7892c2065423f4c5f7f
                0x00018b70                sc8bcac38c05d97472593f5d0123d5b71918689eecfe172a0521397c331a41f4b
                0x00018b94                sd605f9b8a0d15aff07d935be73157f57e2066612cd76c2d9b9af44349bd5c6e1.lto_priv.610
                0x00018c5c                s0d4f15001cecf01d7a3298020be54bb99cb6c1f5c2a0c096dd643b6005dd61e8
                0x00018c90                sdd95b2dd1c2c3da0512add0327637f784afb060131facbcfb036898424e72335
                0x00018cec                sb0d1e38bc099e67b6b98bb58f507a0841c180a1ba7b821060db8850284c3dc21
                0x00018d12                s0d9d1f76664be79ba1abcce97fcba0730e367ac4879063606d19347e8e4ba7f3
                0x00018d34                sde23a69ce523c5822190f6f97ed8287decca88fa76c9a7ebba9d5e9be97a920e.part.0
                0x00018e3c                s27b345de3593e2e07c3ac1a4fd5542c0c94b7bcc39754536a223702164f00cb9
                0x00018e84                s6499df689077a11366c7e9d7f961a2a007cf99edf025c5dd63562dc219824797
                0x00018fe0                s2fb2ed474264015c59430d3514046cd88ac77d30448716aca80af0d1aed6440e
                0x00019030                sa102bf3ee23c43066cb3b66ce3aa54a319701cbc811de6725b1fa63cc8d2cba2
                0x00019048                scbaec31ddb5d13107208f0117b324ca50a584e926a059f4dfd20e589637814bd
                0x00019078                scfcf336de942625c1dc69a2180ef78bf0e53bd749897df74adc0a2e46614ea09
                0x000190a8                sccc56680471fe250f84449308bbd32474e021701ea624002d2be52ed2ce0543e
                0x00019124                s1578580c0eb764fef6b052bff1363da5c2af7728cc242c03b7bd8b73383765f6
                0x00019168                sde47def65c476ed5edbbf5d7a211ab8667e354daaaa0eea188c767a301f036c5
                0x000191a4                sc3c21926092b809147ac0e795b67b0db471ab0820961d84b2556ee9702295266
                0x000191e0                sd4e2e89a6d06adae5094b21aca093181a850c49f296e655ba59f7be2ea7c2fe1
                0x00019210                s90c84759621cefa52e71aa7d21e3d173e147aee079b783c749689a6759cd2cc7
                0x0001922c                sc1c8581158f8d54ccb651101605d39e5fa3f151ed30f2b05c08354eea1fc6af8.lto_priv.476
                0x0001925c                sd0af30e7c4384bb0d9ca4ab41c7e3e174d3cd5fd6768702cc73587f3a9bc1e50.lto_priv.477
                0x00019348                s8a3d080902d91a7fff048ff6398e1c7353cdc4434aca2ad298f6faf12c8c5949
                0x00019374                s118cde1233641081c5a5bdfe1f74ed900c28760b25271918349b65a6abfe4759
                0x0001939c                saf5a8ad5d06e4d135258360e380791baac2bf976b859ccabbc52c9edd421d120
                0x00019414                sc50bb134d61e263df618595fcf333e80c110accd730f57652064f57c40267dca
                0x00019488                sb51d0ed49c4fb7c87d32cb731da6371fe612a792f857b7658f0ac0f1fee1ca09
                0x000195f6                sd10f4c30a81441836a494eb673bb61a057b81a9730be8d7533511ed8ca137ad8
                0x00019670                s4708308c1860c342151c15307959d52bd3110396ba50f1b3ef7732f67f7c921e
                0x00019744                sba6e51f2126b71ce0b8d03dee72585d0b84b8491e62ebf2a433b210dd98bcbd9
                0x000197f0                sb2472d255e3762b53fb06043006e2e8dc97c115e823e8a5b6c7bda10d29e408e
                0x00019928                s3bca6196714eb9a6b0a747fc979d44c11b939bf2c32b31884fb22bda09f8a97b
                0x00019968                s9543d0d0c06e52a3801b95739eb33736c05090b34755023d0ca2c6686263dcb6.lto_priv.471
                0x00019a94                sb58242c17b67f77b932a8ab52b7a2118bd9ec219729d3da6eab72c04261e1598
                0x00019d1c                s3b8a5216a21b409b2af84a8b102c099761b9d39f59e35fa2563dd624294a63ca
                0x00019d68                sb546fd4627ded084e00827cd19c78651a24dad1bb85af71a7987d92c4c4d8a32
                0x00019dc4                s6e261926ec77bdda7866b3f6242d836d5609cb6c04164bea1326ff75d4b5b5ea
                0x00019e18                sb57dcb140a9739228c3e3d80af9cbc0ce31be8626f87416a28a7dec1bcd1a728
                0x00019e30                scc641f9636927c6efc2da1e7272a8b8372428138e306acbf76afbf49282a5b20
                0x0001a774                s1b5e0d66e35958bb09b77590caf03d791c49d2c841a2e0616238096f8edfc2c8
                0x0001aa24                s465558b8dc97aee94bcf2b1dc9a735c1a01afe68f9a389b90f25855f4b860068
                0x0001aab0                s815d2e653b39b9edf8d8248691e6fa2f8764bc535bfe291d9b17fda9bf764b9c
                0x0001ab1c                sa221b5f123ea6393b638cfaff07f1262d7c1cbcb74510b96115d843f4609e6e0.lto_priv.605
                0x0001acc0                s3a59ff4400674636b70ce2fd38f13edb1d523ce95735a00d20e74b1b4d2e741f
                0x0001aefc                sd3ca2fd91bf5a7176a312f3df1d5b47d4ec273275976eb9abcc8a2b2efc1e06e.lto_priv.487
                0x0001b094                se1adfd5fb5f0b29d457d086a2536fdc87f0a43a5a185ae343aca08532478c40e
                0x0001b13c                sace1e8f3cbf5bd6755973b40129a887ad8e36e093f5248329cf55cba9d23e8f3.lto_priv.409
                0x0001b1b8                s6166fb75fff0be28fe9fa0837e48de177e55f76f65954655c591fcdf98ccac3c
                0x0001b868                sbc16681b03f21d269738323b9d2a04547a282b2eb25c3943c6a1dab5bea5b7e6.lto_priv.579
                0x0001b9f0                s973ddd6c0ca2ee60ed7d60061c7865b6135e1583c879de78c2b44515426d212d
                0x0001ba20                s39db7ebd3e5ed573254afa2bc3386b07f7da85ff53c967b731b4807df502a35b.lto_priv.594
                0x0001bb18                s69aace4aa0cb043b5f6ee96cd6701b1567491e9b7477b193efaa725695fb747b.lto_priv.596
                0x0001bdd0                s82df7e6bb506393a66088a5a1c405770e21615bfb9cbb749d8c96e59adffc5eb.lto_priv.542
 .text.unlikely
                0x0001df70      0x364 C:\Users\huekh\AppData\Local\Temp\cc1H0hIg.ltrans2.ltrans.o
                0x0001dfd8                s6ef512d855cd8f96886e9d5d6e10c70edf4a3c6d5be679021f0fdb17b0c3409c.part.4.lto_priv.481
                0x0001e03c                s172e37252c8a9282762437e126db6695a7c20107fe803c17a5a816a7f8855a59.lto_priv.480
                0x0001e070                s89433602994c78984dc8abcabdc81d32e51211d447f734d51eadf3801a395059
                0x0001e12c                s4c39e9736c3187430b993ac21531e1965908c1b1e8302ef37664394a968ee4f0.lto_priv.475
 .text          0x0001e2d4     0x5d08 C:\Users\huekh\AppData\Local\Temp\cc1H0hIg.ltrans3.ltrans.o
                0x0001e2d4                s6801f12e37631de1284d53ef6f6e5ed4de89f69891f548b571fa3b8c3658cc72.lto_priv.345
                0x0001e384                s08f300a53679656f7a691f031653d5a079f699cd242c80ee7ee101d49884e7e2.lto_priv.553
                0x0001e414                s949c8a8bb33ee778dc9d86a593d789eacf0786118e408b947d4e4746be0635a3.lto_priv.552
                0x0001e4f8                sdc8ad32b852f2e30c1d45bdb6acfa01444808e0054485188e8b6b4576d9862c5.lto_priv.538
                0x0001e554                scd40c369c6d78fddc3678f3f8d35193fa73503a89727028d425eee9274f1e53d
                0x0001e608                s4c479b2eee7450534f3061860b9a070753f5aa8f80eddd4360e79ff93bbd4356
                0x0001e658                sd45e870e9993edb51c25ecd1c7d26e0892a3b33570c2877c2790663e66304613
                0x0001e6b0                sfb1bf8d0a01446c5b9819bbe0c18617ab9ab6cd707a67370f0dc6bba68aef73b
                0x0001e790                s64c6780e1763fcffaa0550ac1ab2020fa74234b18e97ec3a9fb155f96c2a3895.lto_priv.535
                0x0001eb2e                bg_message_remove_receivers
                0x0001eb60                bg_message_enqueue_free_callback.lto_priv.393
                0x0001ec20                bg_message_send
                0x0001ec64                bg_message_free
                0x0001ec9c                bg_message_cancel_matching
                0x0001ecf4                bg_malloc
                0x0001ed12                bg_message_add_receiver
                0x0001edfc                bg_event_allocate
                0x0001ee24                att_buf_send
                0x0001ee40                att_send_pdu
                0x0001ee4c                att_alloc_pdu_copy_data
                0x0001ee82                att_alloc_buf
                0x0001ee96                att_alloc_pdu
                0x0001eea6                att_send_execute_write_response
                0x0001eec0                att_send_error_response
                0x0001eee6                acl_find_by_index
                0x0001ef00                acl_find_by_hci_handle
                0x0001ef18                acl_release_
                0x0001efc4                s7546421cdb8aa8b69f9bd10cc459b77e86eda37de397ecc2ba052673a603a4a6.lto_priv.599
                0x0001f002                s52f559f119b2e272efa88a909348ec631e76f6e8fe9c01dfbbd506abe830f92f.lto_priv.598
                0x0001f02c                s846b6b1d954d062f67e4a0f0c19005936a1ae0decf3720cfc4ad2a0f22b53703
                0x0001f278                sdea0398d9279334432a021bdccde5c561f9172dd1929f4ea4b8fb3dae5e29b6c
                0x0001f2f8                sf90db44990eb445bfe8e6401f928575d7358006720683f80ba86c71d6205ce33
                0x0001f386                s44e2b304507c41f2a763c8ecb9a45233440daeeca3de3d3bf5501fc74668a839
                0x0001f3fc                se5104406c1906cc192f4a8656e43da3495d50fd4ae32e02ab896adf50e24a2b3
                0x0001f4d4                s10fab920edbca654661b02833f886ed4c05c1827aa6ed0c816a2988fadca3227.lto_priv.592
                0x0001f4fc                sdd7987253c08ef9460ff9ac3e8c4e2fb7a25b64d33a7d5311ebe4f9cce5b749a.lto_priv.589
                0x0001f52c                s3274609a54f012d5821ac36d6d473909243159a95c1132db4ab4b81681448767.lto_priv.588
                0x0001f560                s63308863141501af2cee2ad03cec503b7e47afb47dfdf2c816bb50fc8e1b4a79.lto_priv.439.lto_priv.509
                0x0001f560                s63308863141501af2cee2ad03cec503b7e47afb47dfdf2c816bb50fc8e1b4a79.lto_priv.433.lto_priv.521
                0x0001f560                s63308863141501af2cee2ad03cec503b7e47afb47dfdf2c816bb50fc8e1b4a79.lto_priv.404.lto_priv.405
                0x0001f560                s63308863141501af2cee2ad03cec503b7e47afb47dfdf2c816bb50fc8e1b4a79.lto_priv.434.lto_priv.515
                0x0001f560                s63308863141501af2cee2ad03cec503b7e47afb47dfdf2c816bb50fc8e1b4a79.lto_priv.435.lto_priv.513
                0x0001f560                s63308863141501af2cee2ad03cec503b7e47afb47dfdf2c816bb50fc8e1b4a79.lto_priv.437.lto_priv.508
                0x0001f560                s63308863141501af2cee2ad03cec503b7e47afb47dfdf2c816bb50fc8e1b4a79.lto_priv.403.lto_priv.427
                0x0001f560                s63308863141501af2cee2ad03cec503b7e47afb47dfdf2c816bb50fc8e1b4a79.lto_priv.436.lto_priv.510
                0x0001f5b8                s3ccb8c055bcc88e2fa4b8546e75745b97c344a121795cb2669c2d92671425dfc
                0x0001f6b4                sbe7c83c825b59a8cb689a6f3594de9dd163070c4e35c0e8dc32411eb2fd39b1e
                0x0001f7b4                s28ab48ec51276be757e397e630efcfad7baa1a6b9133e25e089772f3fa432901
                0x0001f7e8                s9f28a4120978f9c05d68497575e6466bf08a8ccb12bfc3b5676e2c7b61448dda.lto_priv.607
                0x0001f850                bgbuf_chain_links.lto_priv.447.lto_priv.606
                0x0001f850                bgbuf_chain_links.lto_priv.443.lto_priv.635
                0x0001f850                bgbuf_chain_links.lto_priv.444.lto_priv.651
                0x0001f860                sc96a7764545327165e016ab8e2b14377315eb74f11b17df857f661d5428b61e2
                0x0001f8cc                sdda762f7744f32643252943ebc07db784567cac72755e9b5eb35882ffcced39d
                0x0001f8ce                s4e4d7eb332c6b55cedf79971a07fa4ba5a5c82584c45138af89ede00d375cd95
                0x0001fa5c                sec73a9d38c5706d505310fb1e10c08a97fee5b763202229e2922d3a8aceafd6c
                0x0001fbe8                s55fb040aa08b291eaa549f779cc083e2d34768dbcf20b7bd68c8424e04476dc3.isra.12.lto_priv.406
                0x0001fbea                see038fd8a57f6b7c6943dbf678c6c4e3793c032c8e0d1365ed42f4ff9232e93c.isra.8.lto_priv.604
                0x0001fbec                s43e51157db489758167bdfc4aa1309ff5cce44da3f7e3a218b1bb9babeec65fb.isra.7.lto_priv.602
                0x0001fbee                sd798f764c4e07a091ad64c2d513f6c99befd3ecd2a4dd03018f4c59e12b3cb62.lto_priv.512
                0x0001fc58                seb560195611597f180888781c34b14d166a52baba42e9f3c2b5b7302d8569844.lto_priv.511
                0x0001fc78                s56469c5978a86441c52d9238e2e48b7dbfdf0ba918ca57437b12488e34b8b0d7
                0x0001fca8                s05a8b7ffac750c1feffda8a6c29b4a841a98988699c150abb3cf463bbc474cc5.lto_priv.408
                0x0001fcf8                sca7434e6bc3d4a097e73020db66800e23d1af7e4c6d0b9135906eeca6396733f.lto_priv.520
                0x0001fd30                sa3af9e91bad0d9fcff495db86ec8f6f70fbf9fb7264fb10bd6a0bac7e5b694d8.lto_priv.398.lto_priv.399
                0x0001fd30                sa3af9e91bad0d9fcff495db86ec8f6f70fbf9fb7264fb10bd6a0bac7e5b694d8.lto_priv.397.lto_priv.425
                0x0001fd3c                s9f0320dd93305954e434ad6f5fc16af422617a807dd69601bbeaf95dcf039d33.lto_priv.454.lto_priv.608
                0x0001fd3c                s9f0320dd93305954e434ad6f5fc16af422617a807dd69601bbeaf95dcf039d33.lto_priv.452.lto_priv.523
                0x0001fd3c                s9f0320dd93305954e434ad6f5fc16af422617a807dd69601bbeaf95dcf039d33.lto_priv.453.lto_priv.518
                0x0001fd4c                s866452f9fcf8a95fbb51e99fb351f7ac90bbb5e7a221322bc5d70e8620575f03.lto_priv.401.lto_priv.402
                0x0001fd4c                s866452f9fcf8a95fbb51e99fb351f7ac90bbb5e7a221322bc5d70e8620575f03.lto_priv.400.lto_priv.426
                0x0001fd5a                sb241d02f9cbb6308c14fe38687e8dd1d1f5f8f2a91412a0f2e320e711f9ab8c3.lto_priv.519
                0x0001fdc4                s33724cc52462d0268c706a4a6a7ff79fcd44e2538b280683628cf5400834a48d.lto_priv.457.lto_priv.527
                0x0001fdc4                s33724cc52462d0268c706a4a6a7ff79fcd44e2538b280683628cf5400834a48d.lto_priv.459.lto_priv.522
                0x0001fdce                s20f6f9f05b408c288729b40753f84bdda8ad9dd5dd00c8a8cf5e6241969ad91f.isra.22.lto_priv.603
                0x0001ff0c                mesh_trans_send_sdu
                0x00020298                sc6943775ea9926eff57d62ecd54e4fcfc0bb8e210f189d53fd6b6f4778514ebb
                0x000202fe                sb948b4333fe4a5edb53a6727e6ebb4b3c4bbe2da92e7b34a1e5241310c37ba57.lto_priv.410
                0x00020350                s588f0cc452bdb20a816bb1462443bcf5eb49f79ebd6448a43e16b5c8eb32e861
                0x0002039c                s4d5835ca036f7c45ffe44c3dd317029c27aa47a98765f42d970d435246ffdda4
                0x000206ac                sd66343d2671728b6ab57c9470420f4127c5170889ff9dd0bdc138cf9c7839f49
                0x0002071c                sde68398e67febec1931a8069383b6f8d09bdcd2172cf3a9603a5569ffc85768e.lto_priv.595
                0x0002084c                sa31a3cc7a82119f04720693772e4e5f91eee14ee2840572e8c847532e4100f69.lto_priv.460.lto_priv.613
                0x00020c24                s0336f54085a34ad31c957c5893fe919e6dde1abd4988794e044232e3986b9322.lto_priv.411
                0x00020c9c                se5e21b5b180ca3c25567280efaf98787d97c260009505f641239b1af83a915c6.lto_priv.340
                0x00020d04                s82b871aead03acf56d57f2e2f9218299409bdeb36e49d2bed52d6d2616dd53c4
                0x00020d40                s4b0b0bc3698f588a47a2752cdb8a6d6374d9a1937ae17b0e2227a6a6689cb8b8
                0x00020d84                s304e6b46b77c3fb2693e64cada2e9a4c50f4f2cfa823c0f08e512f66ba583d00
                0x00020dac                s0de2033cc70869f44f3b608433b68280048bee4a51f43ead06681c98bc6688f6.lto_priv.396
                0x00020dc8                s4d9ff0d2d722a13beed26089e46f05fd4bf99c3d300d9bf71d0dda2a9ed5e98f.lto_priv.609
                0x000210e4                s373490a6d42d43fab7e4b5c3afd95168a3caa161467e01a06eb68fc1a8db3c01.lto_priv.462.lto_priv.524
                0x000210e4                s373490a6d42d43fab7e4b5c3afd95168a3caa161467e01a06eb68fc1a8db3c01.lto_priv.463.lto_priv.516
                0x000210e4                s373490a6d42d43fab7e4b5c3afd95168a3caa161467e01a06eb68fc1a8db3c01.lto_priv.464.lto_priv.611
                0x000210ea                s7d80bef3951baa1e84bb810d1c50d3fff54ac6288cd0cd6481371b03aeb6cffa.lto_priv.593
                0x00021138                s67fbd12e2899f50a814201b537e071ecd43ef12141c17c8d503a97806d05dfb5
                0x00021324                s5c75606b08626b42af15b8ad1e08422b24b9707430786558f886e2106212d42c
                0x0002139c                s7514114587e469f166421282eab3abf2b2b5026b0aa766ae533c73aed082d6dc
                0x000213c8                sc32bd942c73d401ab11a103bda641797f43e3dfcbe45c249580b29e90334c34c
                0x00021494                s61d59556a7d1ed0f44be5a9935a173f4113205689c2546f9ede33b6957b8fdad
                0x000214a6                sa1cb5e23a5031f760dd776792721692457e390d3c8dee77fd829aa1245867095
                0x0002161c                s11da25d0c6a1b1664385caecaacf00715fee8e62eae94a7e2fecaf867af616ac
                0x0002167a                se51ab19f5bda2bf51d0f1520317514077c4ca6dbce96ce46bfc384a258ec3fcc.lto_priv.554
                0x00021770                sdefdef071267b906150ce1a5d8f18de3bab7cb1642559c518553018e0d13f837.lto_priv.539
                0x000217bc                s5c978a41eb7fa086718f3a0c3be455a73c42ba912adba8dc1cf62e470f7025da
                0x000217d8                sd429e6787924edae20c9d75a77fe22bad3fd35b5777ccb7eeda18e24643e5e80
                0x000218a0                s84782d9238cfb2284aa6cecbf7a2481a3d80d9247cea9cc23319692ff30b4671
                0x000218ee                s93648730a9090fb3f80241287de9a035e5127c8559de5e5740d763b5178bfc83
                0x00021950                sa834b71f15d26482783303ba2ed6d661b56d1d59c95b4f04031778f1ee417941
                0x00021968                s8d1a3c0d75c0375dcebe986bc3a5c9e54692c77cdef0a35642126340b0a6f233
                0x00021d10                sa3f32c3bb9a19e372ac8e2a3c0a055911db3d992f146e1076056b397ea7aeefc.lto_priv.597
                0x00021ec4                s96168397d6ca046bd04fdcb496072f8b43207c64916ff26037234a9cb534fae4
                0x00021f80                s2e7dc317f8c96f9edeac535fa6731b9f858cf8ee2a40d7950b8dd99fc9a4e08d.lto_priv.591
                0x00022000                s8c5210abc04863abe3913b65a4daa1270007a7d051540344b222af084027e005.lto_priv.590
                0x000221d0                s21ca876d2abe45e41156bde10314747ff7e3c5f3f9ab45e5c394435b429ce737
                0x000227ac                s27b586a344b939e721764e80750615cb28d585f222faec646e428757f04881e7.lto_priv.407
                0x000229dc                sa94f4db31908df26a302b7aa2c2ed417800a7d8564a626b358807d42b9d6647d.lto_priv.600
                0x00023a0c                s2b4f20553f5516d49e52be7dd8b338e79af2e36dc20b35ea8eb0a206e449264d.lto_priv.341
                0x00023cc4                sa16d047bc4bfe50f3eb09b08455f9718280dd7df867b506ea8b9e88a27adfcfa
                0x00023d56                sedf9700db641f277fec86a933b7324a42a26688e175f4901172a513d7578f020.lto_priv.537
                0x00023ef4                s718026dad46d9ff5fb8018461e4503fa9c3fd73a1b019e430fcfd7221621af01
 .text.unlikely
                0x00023fdc      0x224 C:\Users\huekh\AppData\Local\Temp\cc1H0hIg.ltrans3.ltrans.o
                0x00023fdc                sd0966d64f0d3e6b82d71702aaca1acf5a13b6fd7e8f9cb120ae51e50447cca81
                0x00024016                sd560fe4cd43270458ec69d8ccd9ee16e89c2d76ec55e454dce7c01e10bafca2f
                0x0002403c                s8558d02283b0f31c917f79321809070660d023208bfd8ef40ec8ad4f466f4594
                0x00024086                s0836cdc9d68313e1a231a5201246767d8e21005529f9e2ab36f1124fc54387b1
                0x00024130                sed01a6a64c0eaef1d699d2ef34c8eb5b0a77e724b24558efff2de2709409cefe
                0x000241a4                sfece315909b0830bc1b6dbe978863afded4a01c148eb636e248be2e75223d9c3
 .text          0x00024200     0x56d0 C:\Users\huekh\AppData\Local\Temp\cc1H0hIg.ltrans4.ltrans.o
                0x000242a8                ll_radioTimerExpired.lto_priv.564
                0x000242f6                ll_llcpCallbackLocalTerminate.lto_priv.574
                0x00024326                bg_pre_sleep
                0x00024328                bg_post_wakeup
                0x00024428                ll_bgbuf_callback.lto_priv.682
                0x00024598                ll_scanExtReportPacket
                0x0002460c                ll_scanExtScheduleAuxScan
                0x00024758                ll_scanSetParameters.part.4
                0x000247d0                ll_scanValidatePacket
                0x00024840                ll_scanBackoffProcedure
                0x000248b4                ll_scanNextChannelOrPhy.lto_priv.633
                0x000248fc                ll_radioGetMaxTxPower
                0x00024914                ll_radioLoadPacket
                0x00024960                ll_radioGetPacketTimeWithPhy
                0x00024984                ll_radioRandom
                0x000249a8                ll_randomInit
                0x000249c8                ll_radioReadRxPacketDetails
                0x00024a20                ll_radioReadRxPacket
                0x00024b2c                getSupportedPhys.lto_priv.626
                0x00024b44                ll_llcpSend
                0x00024b5e                ll_llcpSendReject
                0x00024ba2                ll_hciCall
                0x00024bc4                ll_hciSendHCIEvent
                0x00024be0                ll_hciSendEncryptionChange
                0x00024c18                ll_hciSetCommandStatusHeader
                0x00024c3a                ll_hciSetMetaEventHeader
                0x00024c54                ll_hciSendAdvSetTerminated.part.4
                0x00024c90                ll_hciSendLeConnectionComplete
                0x00024cf8                ll_scanCheckFailedConnection.lto_priv.629
                0x00024d58                ll_hciSetCommandCompleteHeader
                0x00024d7a                ll_hciCmdLeReadPhy
                0x00024dd8                ll_hciCmdSetAdvertisingSetRandomAddress
                0x00024e18                ll_hciCmdSetExtendedScanResponseData
                0x00024e54                ll_hciCmdSetExtendedAdvertisingData
                0x00024e90                ll_hciCmdSetExtendedAdvertisingParameters
                0x00025088                ll_hciSendGenericCommandComplete
                0x00025096                hci_command_shared_response
                0x000250a8                hci_command_init_shared
                0x000250d0                hci_command_alloc
                0x000250fe                hci_le_set_extended_advertising_enable
                0x0002513c                hci_state_listener
                0x0002516c                hci_increase_token
                0x0002517e                handle_bgapi_output.lto_priv.412
                0x000251f4                sli_bt_cmd_handler_delegate
                0x00025244                gatt_db_find_attribute_by_type
                0x0002527c                gatt_db_get_16bit_char_handle
                0x000252a2                gatt_db_get_char_properties
                0x000252e8                gatt_db_handle_active
                0x00025318                gatt_db_set_data
                0x000254fc                gatt_db_get_data
                0x000256e0                send_notification.lto_priv.423
                0x00025838                gatt_db_calculate_hash
                0x00025910                bgbuf_chain_append_byte.lto_priv.647.lto_priv.699
                0x00025926                gatt_get_next_connection
                0x00025a1c                handle_database_changed.part.4.lto_priv.394
                0x00025a98                gatt_listener.lto_priv.664
                0x00025c54                validate_scanning_phymask.lto_priv.701
                0x00025c84                gap_resolver_start
                0x00025e7c                gap_set_advertising_timeout.part.6
                0x00025ee8                gap_stop_advertising
                0x00025f14                gap_start_advertising.part.22
                0x000262d6                ll_scanCreateConnection
                0x000264e0                ll_radioSetMaxTxPower
                0x00026560                ll_radioSetRfPathCompensation
                0x00026584                ll_radioInit
                0x000266c0                ll_startOrQueueProcedure
                0x0002670e                ll_llcpFeatureExchange
                0x000268a8                ll_hciSendNumberOfCompletedPackets
                0x00026954                hci_send_acl
                0x00026a90                l2cap_message_handler
                0x00026acc                l2cap_send_fixed_channel
                0x00026b0e                hci_send_command
                0x00026b48                hci_le_set_ext_scan_enable
                0x00026b7c                hci_close_acl
                0x00028078                ll_randomAesCtrEncrypt.lto_priv.395
                0x000280f8                ll_llcpSendLengthReq
                0x0002816a                ll_llcpHandleFeatureReq.lto_priv.624
                0x00028218                ll_radioRxAfterTx
                0x00028278                ll_radioTxAfterRx
                0x00028294                ll_scanSendScanReq
                0x000282e8                ll_scanCheckConnectReq
                0x000283c8                ll_radioTxSchedule
                0x00028418                ll_radioTxStart
                0x0002844c                ll_radioStop
                0x000284d0                ll_scanCheckStop.lto_priv.630
                0x000285d8                ll_scanExtEnd
                0x00028618                ll_scanConnectionStart
                0x000286b4                ll_scanTaskTxHandle
                0x000286d8                ll_radioRxSchedule
                0x00028754                ll_radioRxStart
                0x000287c0                ll_radioConfigureChannel
                0x00028864                ll_scanTaskPrimaryHandler
                0x00028c6c                ll_connSetLlcpCallback
                0x00028cd0                ll_connClearLlcpCallback
                0x00028da8                ll_connAbortLlcp
                0x00028dd2                ll_llcpCallbackPhyUpdate
                0x00028e14                ll_llcpLtkReply.part.3
                0x00028ecc                ll_llcpCallbackEncryption.lto_priv.567
                0x000290c4                ll_llcpCallbackChannelMapUpdate.lto_priv.568
                0x00029112                ll_llcpLinkLost
                0x0002914c                ll_llcpUpdatePhyAtInstant.lto_priv.625
                0x00029194                ll_llcpMasterUpdatePhy.lto_priv.627
                0x0002927c                ll_llcpStartEncryption_sender.lto_priv.570
                0x000293e0                ll_llcpReadVersionInformation_sender.lto_priv.572
                0x00029480                ll_llcpUpdateChannelMap_sender.lto_priv.346
                0x000294e4                ll_llcpConnectionUpdate_sender.lto_priv.571
                0x0002959c                ll_llcpCallbackConnectionUpdatePreListen.lto_priv.569
                0x000295dc                ll_llcpHandlePacketCommon
 .text.unlikely
                0x000298d0      0x2f4 C:\Users\huekh\AppData\Local\Temp\cc1H0hIg.ltrans4.ltrans.o
 .text          0x00029bc4     0x5ac8 C:\Users\huekh\AppData\Local\Temp\cc1H0hIg.ltrans5.ltrans.o
                0x00029cf8                s3b589556edc6a267efe7b4376fbce04785ed80759da71d04a339c5ff222ef1cf.lto_priv.583
                0x00029d5c                s81faadf2240d32e0f0d10a504cc060509d59cdd6ba54e99cfb931b545528941a.lto_priv.582
                0x00029d8c                s11387e75193375e040f5a4b2573ea7da320de47f01b0335ec2ddc182cdb94006
                0x00029da4                sc958ded43eaaf4a3a9e0b0b46178999dfa8e06abe7c86c85da085c3654adbb25
                0x00029e28                s8b3512f9ccc786cca68b5df23cf0cb92ca349dfbe8c01ae4848c8a1715d14941
                0x0002a2e0                s0b1355cfd4b9add1a5ddc1db885078922d8f91c35d8049291812052837ffceb6
                0x0002a300                sb98c317e83862427c21911c889332b6671ccb3a943ba36e2ee6b5e9d794f3fae
                0x0002a31c                s868d0f1ac6c67bbe0e49b5b5f24ca083b289822b6147f8a6de807a235b4ad311.lto_priv.585
                0x0002a320                s11099a2a8099b33432298acbecd454db74b48c170ebaa4a91fa545af69071c63.lto_priv.580
                0x0002a4e0                sc953a6367c6256e3020b7afec84180819689fca8cff6568ca5753dd20446e831
                0x0002a588                bgapi_test_lib_msg_handler
                0x0002a648                s4857d65f4633e93043b3f2ca2b4c133009204f81d083a085fef0c54b96137113
                0x0002a690                s32895e2d81863832c2fd3096921295ad085b7ac38654368e3b3489cd111f897c
                0x0002a6d4                s5132fcb547516bb17ef6290ea96d29a6bb00ff4b545a9772998f7c8d650f89e3.lto_priv.678
                0x0002a6e6                sc4605ce1ec44172e02c1d703c61cbd40d66df20e508336eefa0f65b3b0bcf0c9
                0x0002aab0                sli_bt_cmd_gatt_server_send_characteristic_notification
                0x0002abbc                USART_InitSync.constprop.288
                0x0002ac80                mbedtls_mpi_write_binary.constprop.273
                0x0002acc6                mbedtls_ccm_setkey.constprop.266
                0x0002ad1c                mbedtls_ecp_group_load.constprop.251
                0x0002ad88                graphPrintCenter.constprop.242
                0x0002af3c                gecko_register_bgapi_library.constprop.238
                0x0002af78                bgbuf_alloc_size.constprop.233
                0x0002af8c                nvm3_readData.constprop.221
                0x0002afc0                bgbuf_alloc_copy_data.constprop.220
                0x0002afea                bg_pool_init_pool.constprop.214
                0x0002b068                gecko_cmd_system_set_tx_power.constprop.198
                0x0002b0a4                gecko_cmd_le_gap_bt5_set_adv_data.constprop.195
                0x0002b0f0                ccm_auth_crypt.constprop.194
                0x0002b3ac                s6c332994fe473d8c6d7287fdba27655babb8a34b76917cb56e491ea6c5c41e59.constprop.176
                0x0002b3dc                hci_command_init_shared_bgbuf.constprop.168
                0x0002b430                swap_endianess.constprop.165
                0x0002b44c                bondingdb_find_by_data.part.2.constprop.158
                0x0002b49c                ll_randomGetData.constprop.123
                0x0002b50c                s93baf23e1d3581910833384a0dc10bfd03e7d4a7e887b49dca1e3db7cb683065.constprop.99
                0x0002b51a                _mesh_foundation_send_byte_array_impl.constprop.91
                0x0002b5cc                s57105b6b67a5a1a57af2d2fa7124fa5b3af61d1e8649d44ca5c585f11d77b20d.constprop.90
                0x0002b698                s5bf33b4513e161d24959069ee87afdc55c29797ef4321b6da8869ae856800478.constprop.54
                0x0002b780                s5a4e287e1b4db84be60319078ff3918896758de951dbdaf86b6717d9c9da2ed1.constprop.50
                0x0002b840                s13ffcfe03672183607a508b9edf195305036f9f6269f9ac97d92b261677e1971
                0x0002b8ac                s035841cd0b09bec3661afc7a9d5acb9abb35cc334c73116c61f9074fc690507a
                0x0002b8e4                s8d3530dc39603e345396a2e796410f927692864ddb9873feff71d3b61ef307c3
                0x0002b8e4                bgbuf_copy_to
                0x0002b9ee                s8a5bef321cc3d9647dbff8dd66eb6ba40679510bed54d07be193b0d30c8ea3f5
                0x0002ba36                swapl.lto_priv.343.lto_priv.467
                0x0002ba3a                sf323aa71ec3db59fc5804d5465b26fd019cbade3b9e8abef9a9c4023798ac85d.constprop.47
                0x0002bbb8                s0230b1d8afaa2775510cb74740ad43103feaadac11dfd6c9442272eb757f63c1.lto_priv.484
                0x0002bbd4                sd178d478e36585d4b199798b8de5dba308f0f2d5e125c647136402c876068230
                0x0002bc1e                s574e042e7edc8182eadc6eca0efea1bcc85e0c56ecd66d89daca568539d1dfce
                0x0002bc32                s737faf453539424f2397f9cbc4a622a81ba0ce1268995fc8bd5f65f324c0fa2e.lto_priv.612
                0x0002bc4c                sf4d0076aa46b9c217b12fefc033f11f9f4254c09b5ba5382d97cc84db24a7508
                0x0002bc70                s97a5396703eb6ca51dfbe67b56bf9a5c419b55a9d5b388843dbed9f725cc1f9b
                0x0002bcc0                sc458a71ec5d79d9e96bc35dc9f4504f398908a7444d0099d85c28046f838ddfa
                0x0002bd1c                s7e70bd2e3c33ef4832233e8b7a8d20298b5843292d53128a92c9c067b8075960.constprop.177
                0x0002bd70                s14ecc8d9f88ba9f03cbd05ec00f6a2ca380c9a38610d273541d374752474e688.part.5
                0x0002bdc8                sccf905d264644590f10a3f24feb2f8f134a7a30cf162fd6884354074d0b73a27
                0x0002bdf0                s3f6a38eb1bfdacae3f0e68e44668dfdaf160c3583459004817a2692535ee2c62.constprop.8
                0x0002c01c                sa85afd833f7f23350d35f3c6496d54a5eea4e5a320657f4919667c2f85be8914.lto_priv.704
                0x0002c094                ll_linkGetWindowWidening
                0x0002c0f0                ll_connEncDataToBuffer
                0x0002c118                ll_connEncBufferToData
                0x0002c144                ll_connValidateParams
                0x0002c17e                ll_connUpdateMaxPacketLengths
                0x0002c1f0                ll_connGetHandleByConn
                0x0002c220                ll_connGetByHandle
                0x0002c24c                bg_bit_clr_exclusive.lto_priv.348.lto_priv.622
                0x0002c24c                bg_bit_clr_exclusive.lto_priv.350.lto_priv.623
                0x0002c24c                bg_bit_clr_exclusive.lto_priv.351.lto_priv.620
                0x0002c24c                bg_bit_clr_exclusive.lto_priv.349.lto_priv.634
                0x0002c24c                bg_bit_clr_exclusive.lto_priv.347.lto_priv.628
                0x0002c25e                bg_bit_set_exclusive.lto_priv.358.lto_priv.621
                0x0002c25e                bg_bit_set_exclusive.lto_priv.356.lto_priv.616
                0x0002c25e                bg_bit_set_exclusive.lto_priv.352.lto_priv.619
                0x0002c25e                bg_bit_set_exclusive.lto_priv.354.lto_priv.649
                0x0002c25e                bg_bit_set_exclusive.lto_priv.353.lto_priv.650
                0x0002c25e                bg_bit_set_exclusive.lto_priv.355.lto_priv.618
                0x0002c26e                ll_connEncryptionConnectionInit
                0x0002c2a4                ll_connRaiseEvents
                0x0002c4f4                bg_bit_clr_atomic.lto_priv.360.lto_priv.615
                0x0002c4f4                bg_bit_clr_atomic.lto_priv.361.lto_priv.703
                0x0002c4f4                bg_bit_clr_atomic.lto_priv.359.lto_priv.631
                0x0002c50c                bg_bit_set_atomic.lto_priv.365.lto_priv.617
                0x0002c50c                bg_bit_set_atomic.lto_priv.364.lto_priv.614
                0x0002c50c                bg_bit_set_atomic.lto_priv.363.lto_priv.632
                0x0002c9c8                ll_channelmapUpdate
                0x0002ca46                ll_connInitNew
                0x0002cc38                ll_channelmapUsedChannels
                0x0002cc60                ll_channelmapGetChannelMap
                0x0002cc78                ll_connUpdatedChannelClassification
                0x0002cce4                ll_advExtUpdateChannelMap
                0x0002cd04                ll_advGetByHandle
                0x0002cd50                set_change_awareness
                0x0002cd8c                set_client_features
                0x0002cdf0                mbedtls_zeroize.lto_priv.368.lto_priv.707
                0x0002cdf0                mbedtls_zeroize.lto_priv.367.lto_priv.490
                0x0002cdf0                mbedtls_zeroize.lto_priv.369.lto_priv.706
                0x0002cdf0                zeroize
                0x0002cdf0                mbedtls_zeroize.lto_priv.370.lto_priv.705
                0x0002cdf0                mbedtls_zeroize.lto_priv.371.lto_priv.700
                0x0002ce00                se804accd20a669736116a5118995909c30c964eb7ff52e585ae4c5d82659b884
                0x0002cfea                sb89eacf60e8a63411e636a6d5cb2f77b51d9163cd23ab901b044ac784c78344a.constprop.69
                0x0002d2ae                sf1698a540af62f2121c58cc977681babcabb135582d1b2417945a35da0c6f5ed.part.4.constprop.75
                0x0002d31c                s99dd0bc6b2959371a49dc7b77bd462f8768183f91a9460986b6ba187f6a2d9bc
                0x0002d358                mbedtls_cipher_cmac_starts.constprop.265
                0x0002d3a4                bg_random_get_data
                0x0002d448                se4871fd4159aced756c5d1e74a092c538de59273b96e45d4a673a1e04b2a5301
                0x0002d454                se185ffc91aeeb4a5aeb3b3ea8719f7da202c48669109586304c6073c2d8a5801.constprop.49
                0x0002d56c                s0c2b662bae0bdcfc01036c725e6863fb6c786a796321f679c37a9ceb9122e03e.lto_priv.584
                0x0002d5fc                s7f7323da7602612d7f812f15f1be00a6e63f5691f05c640dc23d0eaa61641d2b.lto_priv.586
                0x0002d688                sadef9eacdca53769fc67c73c5ff692f8bd7a3cb6a4103196e6c7afbcb47342cf.lto_priv.587
                0x0002d6f0                s6a62e765c5b6378a8836ba160e501c532995f57fca44fd9a840708ac28426953.lto_priv.581
                0x0002d746                bg_pool_free
                0x0002d768                bg_pool_alloc
                0x0002d78c                bg_message_run
                0x0002d820                bg_message_call
                0x0002d84e                nvm3_writeData.constprop.222
                0x0002dacc                s7a1d99921dd719eb99e34f994a371ba26495385612b2aeafb68c4d7581143085.constprop.184
                0x0002dd8c                s19a087910183f906f9c481b4f4b761e4d5d16b17c8f79e2d16fd446a1ecb3d00.part.5.constprop.77
                0x0002de10                sfb0cf5d8585993fe4b3f66f86597a294acbb616aa4cd313f03fed171dcc5a593
                0x0002df8c                s21391b019880d10eb12c2d6fe9c6358f4fa977f7abe2bfc7ac3a0cd10c34d697
                0x0002dfca                s7e10d94f1709404cee62ef67a8efb974c733f628768641709a32e1983b4aeeae
                0x0002dfe0                ll_connFree
                0x0002e03c                ll_advTaskStopHandle
                0x0002e4e8                ll_advExtTaskHandlerWaitTx
                0x0002e710                ll_advTaskHandlerWaitTx
                0x0002e83c                ll_connAlloc
                0x0002e89c                ll_advUpdateMaxEventLength
                0x0002e99c                ll_advSetData.constprop.125
                0x0002ea2c                mbedtls_ecp_mul.constprop.257
                0x0002ee58                s56c6f2598a4a6c0fdb4f70af33c9463af1ae50012b2479b6d11220e172cb6844.constprop.96
                0x0002eecc                s624b99905ea1c7499f5a4eeccdc73f98dbed46764f8ce71ffe7671dd0eb930d0.constprop.95
                0x0002f0d4                ll_connEncryptionSetSessionKey
                0x0002f48c                ll_connSendData
                0x0002f65c                ll_connEnableDataFlow
                0x0002f674                ll_connEncryptionFail
 .text.unlikely
                0x0002f68c       0xe8 C:\Users\huekh\AppData\Local\Temp\cc1H0hIg.ltrans5.ltrans.o
                0x0002f6f6                l2cap_send_command_reject.constprop.142
                0x0002f73e                s65193894a691d8a2be1f5d816dd0c7d085935218511aec3e595356424046a1f0.lto_priv.702
 .text.RAIL_InitTxPowerCurvesAlt
                0x0002f774       0x20 C:\Users\huekh\SimplicityStudio\v4_workspace\Mesh_Transfer_AES_AD\protocol\bluetooth\lib\EFR32XG13X\GCC\libbluetooth_mesh.a(pa_conversions_efr32.o)
                0x0002f774                RAIL_InitTxPowerCurvesAlt
 .text.RAIL_ConvertDbmToRaw
                0x0002f794       0xc0 C:\Users\huekh\SimplicityStudio\v4_workspace\Mesh_Transfer_AES_AD\protocol\bluetooth\lib\EFR32XG13X\GCC\libbluetooth_mesh.a(pa_conversions_efr32.o)
                0x0002f794                RAIL_ConvertDbmToRaw
 .text.RAIL_ConvertRawToDbm
                0x0002f854       0xb0 C:\Users\huekh\SimplicityStudio\v4_workspace\Mesh_Transfer_AES_AD\protocol\bluetooth\lib\EFR32XG13X\GCC\libbluetooth_mesh.a(pa_conversions_efr32.o)
                0x0002f854                RAIL_ConvertRawToDbm
 .text.RAILCore_BLE_Init
                0x0002f904       0x1c C:\Users\huekh\SimplicityStudio\v4_workspace\Mesh_Transfer_AES_AD\protocol\bluetooth\lib\EFR32XG13X\GCC\libbluetooth_mesh.a(rail_ble.o)
                0x0002f904                RAILINT_5068bbb2b6fcc434fb14cc631c1d5448
 .text.RAIL_BLE_Init
                0x0002f920        0x8 C:\Users\huekh\SimplicityStudio\v4_workspace\Mesh_Transfer_AES_AD\protocol\bluetooth\lib\EFR32XG13X\GCC\libbluetooth_mesh.a(rail_ble.o)
                0x0002f920                RAIL_BLE_Init
 .text.RAILCore_BLE_ConfigPhy1MbpsViterbi
                0x0002f928       0x28 C:\Users\huekh\SimplicityStudio\v4_workspace\Mesh_Transfer_AES_AD\protocol\bluetooth\lib\EFR32XG13X\GCC\libbluetooth_mesh.a(rail_ble.o)
                0x0002f928                RAILINT_e88543c9b596792889571c0f7b731dba
 .text.RAIL_BLE_ConfigPhy1MbpsViterbi
                0x0002f950        0x8 C:\Users\huekh\SimplicityStudio\v4_workspace\Mesh_Transfer_AES_AD\protocol\bluetooth\lib\EFR32XG13X\GCC\libbluetooth_mesh.a(rail_ble.o)
                0x0002f950                RAIL_BLE_ConfigPhy1MbpsViterbi
 .text.RAILCore_BLE_ConfigPhy2MbpsViterbi
                0x0002f958       0x28 C:\Users\huekh\SimplicityStudio\v4_workspace\Mesh_Transfer_AES_AD\protocol\bluetooth\lib\EFR32XG13X\GCC\libbluetooth_mesh.a(rail_ble.o)
                0x0002f958                RAILINT_1bbb34915939a1132d22091036a46419
 .text.RAIL_BLE_ConfigPhy2MbpsViterbi
                0x0002f980        0x8 C:\Users\huekh\SimplicityStudio\v4_workspace\Mesh_Transfer_AES_AD\protocol\bluetooth\lib\EFR32XG13X\GCC\libbluetooth_mesh.a(rail_ble.o)
                0x0002f980                RAIL_BLE_ConfigPhy2MbpsViterbi
 .text.RAILCore_BLE_ConfigPhyCoded
                0x0002f988       0x2c C:\Users\huekh\SimplicityStudio\v4_workspace\Mesh_Transfer_AES_AD\protocol\bluetooth\lib\EFR32XG13X\GCC\libbluetooth_mesh.a(rail_ble.o)
                0x0002f988                RAILINT_2ee23e3f7dca1747f4df921175595919
 .text.RAIL_BLE_ConfigPhyCoded
                0x0002f9b4        0x8 C:\Users\huekh\SimplicityStudio\v4_workspace\Mesh_Transfer_AES_AD\protocol\bluetooth\lib\EFR32XG13X\GCC\libbluetooth_mesh.a(rail_ble.o)
                0x0002f9b4                RAIL_BLE_ConfigPhyCoded
 .text.RAILCore_BLE_ConfigChannelRadioParams
                0x0002f9bc       0x52 C:\Users\huekh\SimplicityStudio\v4_workspace\Mesh_Transfer_AES_AD\protocol\bluetooth\lib\EFR32XG13X\GCC\libbluetooth_mesh.a(rail_ble.o)
                0x0002f9bc                RAILINT_301fd6966b03cc938549fcaff8ed0b8e
 .text.RAIL_BLE_ConfigChannelRadioParams
                0x0002fa0e       0x12 C:\Users\huekh\SimplicityStudio\v4_workspace\Mesh_Transfer_AES_AD\protocol\bluetooth\lib\EFR32XG13X\GCC\libbluetooth_mesh.a(rail_ble.o)
                0x0002fa0e                RAIL_BLE_ConfigChannelRadioParams
 .text.RAIL_BLE_PhySwitchToRx
                0x0002fa20       0x20 C:\Users\huekh\SimplicityStudio\v4_workspace\Mesh_Transfer_AES_AD\protocol\bluetooth\lib\EFR32XG13X\GCC\libbluetooth_mesh.a(rail_ble.o)
                0x0002fa20                RAIL_BLE_PhySwitchToRx
 .text.RFHAL_ConfigBle2MbpsViterbi
                0x0002fa40       0x1c C:\Users\huekh\SimplicityStudio\v4_workspace\Mesh_Transfer_AES_AD\protocol\bluetooth\lib\EFR32XG13X\GCC\libbluetooth_mesh.a(rail_ble_rf_hal.o)
                0x0002fa40                RAILINT_779afa263ed7c3c82ebba499c78a7403
 .text.RFHAL_ConfigBle1MbpsViterbi
                0x0002fa5c       0x1c C:\Users\huekh\SimplicityStudio\v4_workspace\Mesh_Transfer_AES_AD\protocol\bluetooth\lib\EFR32XG13X\GCC\libbluetooth_mesh.a(rail_ble_rf_hal.o)
                0x0002fa5c                RAILINT_66ff65441ee5a52a57deeb36588ce487
 .text.RFHAL_ConfigBleCoded
                0x0002fa78       0x38 C:\Users\huekh\SimplicityStudio\v4_workspace\Mesh_Transfer_AES_AD\protocol\bluetooth\lib\EFR32XG13X\GCC\libbluetooth_mesh.a(rail_ble_rf_hal.o)
                0x0002fa78                RAILINT_909b6a7ef307e72517ccf71f477853a4
 .text.RFHAL_BleReinit
                0x0002fab0       0x1c C:\Users\huekh\SimplicityStudio\v4_workspace\Mesh_Transfer_AES_AD\protocol\bluetooth\lib\EFR32XG13X\GCC\libbluetooth_mesh.a(rail_ble_rf_hal.o)
                0x0002fab0                RAILINT_04333b69a0dca60b3c740e5ea8c3aaab
 .text.RFHAL_BleInit
                0x0002facc       0x12 C:\Users\huekh\SimplicityStudio\v4_workspace\Mesh_Transfer_AES_AD\protocol\bluetooth\lib\EFR32XG13X\GCC\libbluetooth_mesh.a(rail_ble_rf_hal.o)
                0x0002facc                RAILINT_c9e391ec0aca95ac3fcb39c2a85bfbd7
 .text.RFHAL_IsBleLongRangeEnabled
                0x0002fade        0xe C:\Users\huekh\SimplicityStudio\v4_workspace\Mesh_Transfer_AES_AD\protocol\bluetooth\lib\EFR32XG13X\GCC\libbluetooth_mesh.a(rail_ble_rf_hal.o)
                0x0002fade                RAILINT_b1bc1368cb0ab6c3a512d68344391b7e
 .text.RFHAL_BLEPreambleSyncWordSet
                0x0002faec       0x44 C:\Users\huekh\SimplicityStudio\v4_workspace\Mesh_Transfer_AES_AD\protocol\bluetooth\lib\EFR32XG13X\GCC\libbluetooth_mesh.a(rail_ble_rf_hal.o)
                0x0002faec                RAILINT_ea38e09a46dca6f91d142e88e3db7e0e
 .text.RFHAL_BLEWhiteningSet
                0x0002fb30       0x68 C:\Users\huekh\SimplicityStudio\v4_workspace\Mesh_Transfer_AES_AD\protocol\bluetooth\lib\EFR32XG13X\GCC\libbluetooth_mesh.a(rail_ble_rf_hal.o)
                0x0002fb30                RAILINT_f866b70e0793b3932db6c314ddec02ae
 .text.RFHAL_BlePhySwitchToRx
                0x0002fb98       0xe0 C:\Users\huekh\SimplicityStudio\v4_workspace\Mesh_Transfer_AES_AD\protocol\bluetooth\lib\EFR32XG13X\GCC\libbluetooth_mesh.a(rail_ble_rf_hal.o)
                0x0002fb98                RAILINT_385c26eda9eb82a18dffc09180dc91d8
 .text.RAIL_WriteTxFifo
                0x0002fc78        0x8 C:\Users\huekh\SimplicityStudio\v4_workspace\Mesh_Transfer_AES_AD\protocol\bluetooth\lib\EFR32XG13X\GCC\libbluetooth_mesh.a(rail_data.o)
                0x0002fc78                RAIL_WriteTxFifo
 .text.RAIL_SetTxFifo
                0x0002fc80        0x8 C:\Users\huekh\SimplicityStudio\v4_workspace\Mesh_Transfer_AES_AD\protocol\bluetooth\lib\EFR32XG13X\GCC\libbluetooth_mesh.a(rail_data.o)
                0x0002fc80                RAIL_SetTxFifo
 .text.RAIL_SetRxFifo
                0x0002fc88        0x8 C:\Users\huekh\SimplicityStudio\v4_workspace\Mesh_Transfer_AES_AD\protocol\bluetooth\lib\EFR32XG13X\GCC\libbluetooth_mesh.a(rail_data.o)
                0x0002fc88                RAIL_SetRxFifo
 .text.RAILCb_SetupRxFifo
                0x0002fc90       0x30 C:\Users\huekh\SimplicityStudio\v4_workspace\Mesh_Transfer_AES_AD\protocol\bluetooth\lib\EFR32XG13X\GCC\libbluetooth_mesh.a(rail_data.o)
                0x0002fc90                RAILCb_SetupRxFifo
 .text.RAIL_GetRxPacketInfo
                0x0002fcc0        0x8 C:\Users\huekh\SimplicityStudio\v4_workspace\Mesh_Transfer_AES_AD\protocol\bluetooth\lib\EFR32XG13X\GCC\libbluetooth_mesh.a(rail_data.o)
                0x0002fcc0                RAIL_GetRxPacketInfo
 .text.RAIL_GetRxPacketDetailsAlt
                0x0002fcc8        0x8 C:\Users\huekh\SimplicityStudio\v4_workspace\Mesh_Transfer_AES_AD\protocol\bluetooth\lib\EFR32XG13X\GCC\libbluetooth_mesh.a(rail_data.o)
                0x0002fcc8                RAIL_GetRxPacketDetailsAlt
 .text.RAIL_GetRxTimePreambleStartAlt
                0x0002fcd0        0x8 C:\Users\huekh\SimplicityStudio\v4_workspace\Mesh_Transfer_AES_AD\protocol\bluetooth\lib\EFR32XG13X\GCC\libbluetooth_mesh.a(rail_data.o)
                0x0002fcd0                RAIL_GetRxTimePreambleStartAlt
 .text.RAIL_ResetFifo
                0x0002fcd8       0x24 C:\Users\huekh\SimplicityStudio\v4_workspace\Mesh_Transfer_AES_AD\protocol\bluetooth\lib\EFR32XG13X\GCC\libbluetooth_mesh.a(rail_data.o)
                0x0002fcd8                RAIL_ResetFifo
 .text.RAIL_ConfigPti
                0x0002fcfc        0x6 C:\Users\huekh\SimplicityStudio\v4_workspace\Mesh_Transfer_AES_AD\protocol\bluetooth\lib\EFR32XG13X\GCC\libbluetooth_mesh.a(rail_pti.o)
                0x0002fcfc                RAIL_ConfigPti
 .text.RAIL_EnablePti
                0x0002fd02        0x6 C:\Users\huekh\SimplicityStudio\v4_workspace\Mesh_Transfer_AES_AD\protocol\bluetooth\lib\EFR32XG13X\GCC\libbluetooth_mesh.a(rail_pti.o)
                0x0002fd02                RAIL_EnablePti
 .text.radioConfigChangedDefault
                0x0002fd08        0x2 C:\Users\huekh\SimplicityStudio\v4_workspace\Mesh_Transfer_AES_AD\protocol\bluetooth\lib\EFR32XG13X\GCC\libbluetooth_mesh.a(rail_rf.o)
 .text.isTransitionState
                0x0002fd0a       0x12 C:\Users\huekh\SimplicityStudio\v4_workspace\Mesh_Transfer_AES_AD\protocol\bluetooth\lib\EFR32XG13X\GCC\libbluetooth_mesh.a(rail_rf.o)
 .text.RAILCore_Idle.part.2
                0x0002fd1c        0xc C:\Users\huekh\SimplicityStudio\v4_workspace\Mesh_Transfer_AES_AD\protocol\bluetooth\lib\EFR32XG13X\GCC\libbluetooth_mesh.a(rail_rf.o)
 .text.RAIL_UnlockModule
                0x0002fd28        0x4 C:\Users\huekh\SimplicityStudio\v4_workspace\Mesh_Transfer_AES_AD\protocol\bluetooth\lib\EFR32XG13X\GCC\libbluetooth_mesh.a(rail_rf.o)
                0x0002fd28                RAIL_UnlockModule
 .text.RAILCore_Init
                0x0002fd2c       0x1e C:\Users\huekh\SimplicityStudio\v4_workspace\Mesh_Transfer_AES_AD\protocol\bluetooth\lib\EFR32XG13X\GCC\libbluetooth_mesh.a(rail_rf.o)
                0x0002fd2c                RAILINT_59121321a1358ecc506fdb12a688e30c
 *fill*         0x0002fd4a        0x2 
 .text.RAILInt_SetCallbackConfig
                0x0002fd4c       0x28 C:\Users\huekh\SimplicityStudio\v4_workspace\Mesh_Transfer_AES_AD\protocol\bluetooth\lib\EFR32XG13X\GCC\libbluetooth_mesh.a(rail_rf.o)
                0x0002fd4c                RAILINT_67b8f114888c610aba62f28a55421a70
 .text.RAILCore_Idle
                0x0002fd74       0x14 C:\Users\huekh\SimplicityStudio\v4_workspace\Mesh_Transfer_AES_AD\protocol\bluetooth\lib\EFR32XG13X\GCC\libbluetooth_mesh.a(rail_rf.o)
                0x0002fd74                RAILINT_c5804fbffcb4bb00ba2d55e8180afacd
 .text.RAILCb_CalcBitRate
                0x0002fd88        0x8 C:\Users\huekh\SimplicityStudio\v4_workspace\Mesh_Transfer_AES_AD\protocol\bluetooth\lib\EFR32XG13X\GCC\libbluetooth_mesh.a(rail_rf.o)
                0x0002fd88                RAILCb_CalcBitRate
 .text.RAIL_SetStateTiming
                0x0002fd90        0x8 C:\Users\huekh\SimplicityStudio\v4_workspace\Mesh_Transfer_AES_AD\protocol\bluetooth\lib\EFR32XG13X\GCC\libbluetooth_mesh.a(rail_rf.o)
                0x0002fd90                RAIL_SetStateTiming
 .text.RAILInt_ComputeSetChannel
                0x0002fd98       0xac C:\Users\huekh\SimplicityStudio\v4_workspace\Mesh_Transfer_AES_AD\protocol\bluetooth\lib\EFR32XG13X\GCC\libbluetooth_mesh.a(rail_rf.o)
                0x0002fd98                RAILINT_72eb364d7718334eae17f88a79f3de40
 .text.RAILInt_SetChannelRaw
                0x0002fe44      0x100 C:\Users\huekh\SimplicityStudio\v4_workspace\Mesh_Transfer_AES_AD\protocol\bluetooth\lib\EFR32XG13X\GCC\libbluetooth_mesh.a(rail_rf.o)
                0x0002fe44                RAILINT_a7edce70c9b1ddcd5d57d31ae701eb09
 .text.RAILInt_SetChannel
                0x0002ff44       0x1c C:\Users\huekh\SimplicityStudio\v4_workspace\Mesh_Transfer_AES_AD\protocol\bluetooth\lib\EFR32XG13X\GCC\libbluetooth_mesh.a(rail_rf.o)
                0x0002ff44                RAILINT_e0dfaecc04939a24e643c7a83fed51fa
 .text.RAILCore_ConfigChannels
                0x0002ff60       0x70 C:\Users\huekh\SimplicityStudio\v4_workspace\Mesh_Transfer_AES_AD\protocol\bluetooth\lib\EFR32XG13X\GCC\libbluetooth_mesh.a(rail_rf.o)
                0x0002ff60                RAILINT_4d8e913cc0a2a756e4017ab74ecff076
 .text.RAILInt_GetChannel
                0x0002ffd0        0x4 C:\Users\huekh\SimplicityStudio\v4_workspace\Mesh_Transfer_AES_AD\protocol\bluetooth\lib\EFR32XG13X\GCC\libbluetooth_mesh.a(rail_rf.o)
                0x0002ffd0                RAILINT_aa7b882f5023851e2f6a935b3993ee64
 .text.RAILCore_SetTxTransitions
                0x0002ffd4       0x3c C:\Users\huekh\SimplicityStudio\v4_workspace\Mesh_Transfer_AES_AD\protocol\bluetooth\lib\EFR32XG13X\GCC\libbluetooth_mesh.a(rail_rf.o)
                0x0002ffd4                RAILINT_60c29796d4368fee9b7d114bf204b331
 .text.RAIL_SetTxTransitions
                0x00030010        0x8 C:\Users\huekh\SimplicityStudio\v4_workspace\Mesh_Transfer_AES_AD\protocol\bluetooth\lib\EFR32XG13X\GCC\libbluetooth_mesh.a(rail_rf.o)
                0x00030010                RAIL_SetTxTransitions
 .text.RAILCore_SetRxTransitions
                0x00030018       0x38 C:\Users\huekh\SimplicityStudio\v4_workspace\Mesh_Transfer_AES_AD\protocol\bluetooth\lib\EFR32XG13X\GCC\libbluetooth_mesh.a(rail_rf.o)
                0x00030018                RAILINT_20405add256d5061bc482206e21c44d6
 .text.RAIL_SetRxTransitions
                0x00030050        0x8 C:\Users\huekh\SimplicityStudio\v4_workspace\Mesh_Transfer_AES_AD\protocol\bluetooth\lib\EFR32XG13X\GCC\libbluetooth_mesh.a(rail_rf.o)
                0x00030050                RAIL_SetRxTransitions
 .text.RAIL_ConfigEvents
                0x00030058       0x14 C:\Users\huekh\SimplicityStudio\v4_workspace\Mesh_Transfer_AES_AD\protocol\bluetooth\lib\EFR32XG13X\GCC\libbluetooth_mesh.a(rail_rf.o)
                0x00030058                RAIL_ConfigEvents
 .text.eventDefault
                0x0003006c        0x2 C:\Users\huekh\SimplicityStudio\v4_workspace\Mesh_Transfer_AES_AD\protocol\bluetooth\lib\EFR32XG13X\GCC\libbluetooth_mesh.a(rail_rf_hal.o)
 *fill*         0x0003006e        0x2 
 .text.RFHAL_NotifyUserOfIrCal
                0x00030070       0x74 C:\Users\huekh\SimplicityStudio\v4_workspace\Mesh_Transfer_AES_AD\protocol\bluetooth\lib\EFR32XG13X\GCC\libbluetooth_mesh.a(rail_rf_hal.o)
 .text.RFHAL_ConfigFrameTypeLength
                0x000300e4       0x70 C:\Users\huekh\SimplicityStudio\v4_workspace\Mesh_Transfer_AES_AD\protocol\bluetooth\lib\EFR32XG13X\GCC\libbluetooth_mesh.a(rail_rf_hal.o)
                0x000300e4                RAILINT_d47266c0db43f83e9de21bc91e34975e
 .text.RFHAL_IntEnable
                0x00030154       0x58 C:\Users\huekh\SimplicityStudio\v4_workspace\Mesh_Transfer_AES_AD\protocol\bluetooth\lib\EFR32XG13X\GCC\libbluetooth_mesh.a(rail_rf_hal.o)
                0x00030154                RAILINT_40412a06a73a58611332d278503bc3d6
 .text.RFHAL_SetEventCallback
                0x000301ac       0x18 C:\Users\huekh\SimplicityStudio\v4_workspace\Mesh_Transfer_AES_AD\protocol\bluetooth\lib\EFR32XG13X\GCC\libbluetooth_mesh.a(rail_rf_hal.o)
                0x000301ac                RAILINT_d85fb759c83f6e350ace663af6f33b19
 .text.RFHAL_SetPtiProtocol
                0x000301c4       0x20 C:\Users\huekh\SimplicityStudio\v4_workspace\Mesh_Transfer_AES_AD\protocol\bluetooth\lib\EFR32XG13X\GCC\libbluetooth_mesh.a(rail_rf_hal.o)
                0x000301c4                RAILINT_6d8fbe8d751afa545612026690abd42a
 .text.RFHAL_Idle
                0x000301e4       0x2a C:\Users\huekh\SimplicityStudio\v4_workspace\Mesh_Transfer_AES_AD\protocol\bluetooth\lib\EFR32XG13X\GCC\libbluetooth_mesh.a(rail_rf_hal.o)
                0x000301e4                RAILINT_3041ee68c2b41950b0bf839d27f5d049
 *fill*         0x0003020e        0x2 
 .text.RFHAL_GetRadioState
                0x00030210       0x48 C:\Users\huekh\SimplicityStudio\v4_workspace\Mesh_Transfer_AES_AD\protocol\bluetooth\lib\EFR32XG13X\GCC\libbluetooth_mesh.a(rail_rf_hal.o)
                0x00030210                RAILINT_f5d04763af9c9c69bca278c1fb1e9fea
 .text.RFHAL_OkToTransmit
                0x00030258       0x18 C:\Users\huekh\SimplicityStudio\v4_workspace\Mesh_Transfer_AES_AD\protocol\bluetooth\lib\EFR32XG13X\GCC\libbluetooth_mesh.a(rail_rf_hal.o)
                0x00030258                RAILINT_7eee3adfe8ccb91236a7b23c68c562ed
 .text.RFHAL_ScheduleRx
                0x00030270       0x5a C:\Users\huekh\SimplicityStudio\v4_workspace\Mesh_Transfer_AES_AD\protocol\bluetooth\lib\EFR32XG13X\GCC\libbluetooth_mesh.a(rail_rf_hal.o)
                0x00030270                RAILINT_97c19152ba85112fa42074bf04eafa43
 *fill*         0x000302ca        0x2 
 .text.RFHAL_EnableRxRawCapture
                0x000302cc       0x58 C:\Users\huekh\SimplicityStudio\v4_workspace\Mesh_Transfer_AES_AD\protocol\bluetooth\lib\EFR32XG13X\GCC\libbluetooth_mesh.a(rail_rf_hal.o)
                0x000302cc                RAILINT_b091481120c5b69b64d1795bd186a53a
 .text.RFHAL_DisableRxRawCapture
                0x00030324       0x64 C:\Users\huekh\SimplicityStudio\v4_workspace\Mesh_Transfer_AES_AD\protocol\bluetooth\lib\EFR32XG13X\GCC\libbluetooth_mesh.a(rail_rf_hal.o)
                0x00030324                RAILINT_a3eadf0d43c66c908fc6ca41226d2d7f
 .text.RFHAL_ConfigRxOptions
                0x00030388      0x154 C:\Users\huekh\SimplicityStudio\v4_workspace\Mesh_Transfer_AES_AD\protocol\bluetooth\lib\EFR32XG13X\GCC\libbluetooth_mesh.a(rail_rf_hal.o)
                0x00030388                RAILINT_2d49aecfcb6d27d54075c2234a55d5e7
 .text.RFHAL_GetTimer
                0x000304dc        0xc C:\Users\huekh\SimplicityStudio\v4_workspace\Mesh_Transfer_AES_AD\protocol\bluetooth\lib\EFR32XG13X\GCC\libbluetooth_mesh.a(rail_rf_hal.o)
                0x000304dc                RAILINT_4fd600df73ad738dc6134784e52dde98
 .text.RFHAL_CancelTimer
                0x000304e8       0x28 C:\Users\huekh\SimplicityStudio\v4_workspace\Mesh_Transfer_AES_AD\protocol\bluetooth\lib\EFR32XG13X\GCC\libbluetooth_mesh.a(rail_rf_hal.o)
                0x000304e8                RAILINT_e0897ab09399e1165ab8996ccbe6a963
 .text.RFHAL_SetTimer
                0x00030510       0x7c C:\Users\huekh\SimplicityStudio\v4_workspace\Mesh_Transfer_AES_AD\protocol\bluetooth\lib\EFR32XG13X\GCC\libbluetooth_mesh.a(rail_rf_hal.o)
                0x00030510                RAILINT_3212ddcec5ace9cb56e8f1cb3ca8d33c
 .text.RFHAL_IsTimerExpired
                0x0003058c       0x1c C:\Users\huekh\SimplicityStudio\v4_workspace\Mesh_Transfer_AES_AD\protocol\bluetooth\lib\EFR32XG13X\GCC\libbluetooth_mesh.a(rail_rf_hal.o)
                0x0003058c                RAILINT_7eae5faad95e83134e2b9bc718f32f6f
 .text.RFHAL_IsTimerRunning
                0x000305a8        0x6 C:\Users\huekh\SimplicityStudio\v4_workspace\Mesh_Transfer_AES_AD\protocol\bluetooth\lib\EFR32XG13X\GCC\libbluetooth_mesh.a(rail_rf_hal.o)
                0x000305a8                RAILINT_5191d19cdec3b4ae777036af4371e407
 *fill*         0x000305ae        0x2 
 .text.RFHAL_CalcBitRate
                0x000305b0        0xc C:\Users\huekh\SimplicityStudio\v4_workspace\Mesh_Transfer_AES_AD\protocol\bluetooth\lib\EFR32XG13X\GCC\libbluetooth_mesh.a(rail_rf_hal.o)
                0x000305b0                RAILINT_ac7481211d96e3b09748432fa25bc4fd
 .text.RFHAL_GetBitRate
                0x000305bc       0x26 C:\Users\huekh\SimplicityStudio\v4_workspace\Mesh_Transfer_AES_AD\protocol\bluetooth\lib\EFR32XG13X\GCC\libbluetooth_mesh.a(rail_rf_hal.o)
                0x000305bc                RAILINT_4023934c67ddd0d583f73647d279ff8c
 *fill*         0x000305e2        0x2 
 .text.RFHAL_GetRxBitRate.isra.5
                0x000305e4       0x28 C:\Users\huekh\SimplicityStudio\v4_workspace\Mesh_Transfer_AES_AD\protocol\bluetooth\lib\EFR32XG13X\GCC\libbluetooth_mesh.a(rail_rf_hal.o)
 .text.RFHAL_SetTxTransitions
                0x0003060c       0x1c C:\Users\huekh\SimplicityStudio\v4_workspace\Mesh_Transfer_AES_AD\protocol\bluetooth\lib\EFR32XG13X\GCC\libbluetooth_mesh.a(rail_rf_hal.o)
                0x0003060c                RAILINT_023f2cf2a2a5edcfa10ef64050265cd5
 .text.RFHAL_SetRxTransitions
                0x00030628       0x1c C:\Users\huekh\SimplicityStudio\v4_workspace\Mesh_Transfer_AES_AD\protocol\bluetooth\lib\EFR32XG13X\GCC\libbluetooth_mesh.a(rail_rf_hal.o)
                0x00030628                RAILINT_ce0cca6435b4e9db157575e99b6a93a5
 .text.RFHAL_SetCRCInitVal
                0x00030644        0x4 C:\Users\huekh\SimplicityStudio\v4_workspace\Mesh_Transfer_AES_AD\protocol\bluetooth\lib\EFR32XG13X\GCC\libbluetooth_mesh.a(rail_rf_hal.o)
                0x00030644                RAILINT_510fab046c1fe71631170f682429666d
 .text.RFHAL_ConfigTxPower
                0x00030648       0x3a C:\Users\huekh\SimplicityStudio\v4_workspace\Mesh_Transfer_AES_AD\protocol\bluetooth\lib\EFR32XG13X\GCC\libbluetooth_mesh.a(rail_rf_hal.o)
                0x00030648                RAILINT_833ef1b435e1d6dcacb5e19d3b6f023f
 .text.RFHAL_SetTxPowerUnchecked
                0x00030682       0x30 C:\Users\huekh\SimplicityStudio\v4_workspace\Mesh_Transfer_AES_AD\protocol\bluetooth\lib\EFR32XG13X\GCC\libbluetooth_mesh.a(rail_rf_hal.o)
                0x00030682                RAILINT_39d00ddcadbc93313393e1c6bb75297c
 .text.RFHAL_SetTxPower
                0x000306b2       0x3c C:\Users\huekh\SimplicityStudio\v4_workspace\Mesh_Transfer_AES_AD\protocol\bluetooth\lib\EFR32XG13X\GCC\libbluetooth_mesh.a(rail_rf_hal.o)
                0x000306b2                RAILINT_eaf571e90e0b4741516c9fbb7fed2bfb
 .text.RFHAL_GetTxPowerConfig
                0x000306ee        0xc C:\Users\huekh\SimplicityStudio\v4_workspace\Mesh_Transfer_AES_AD\protocol\bluetooth\lib\EFR32XG13X\GCC\libbluetooth_mesh.a(rail_rf_hal.o)
                0x000306ee                RAILINT_3a7f36375c49f19d1f9a6b6388464608
 .text.RFHAL_GetTxPower
                0x000306fa        0xe C:\Users\huekh\SimplicityStudio\v4_workspace\Mesh_Transfer_AES_AD\protocol\bluetooth\lib\EFR32XG13X\GCC\libbluetooth_mesh.a(rail_rf_hal.o)
                0x000306fa                RAILINT_89ee9cd3eee65b37bee8eed7a9b631b6
 .text.RFHAL_CalculateSynthParams
                0x00030708       0x7a C:\Users\huekh\SimplicityStudio\v4_workspace\Mesh_Transfer_AES_AD\protocol\bluetooth\lib\EFR32XG13X\GCC\libbluetooth_mesh.a(rail_rf_hal.o)
                0x00030708                RAILINT_074d00355e69f06bd5d99672a2e044d2
 .text.RFHAL_SetChannel
                0x00030782       0x76 C:\Users\huekh\SimplicityStudio\v4_workspace\Mesh_Transfer_AES_AD\protocol\bluetooth\lib\EFR32XG13X\GCC\libbluetooth_mesh.a(rail_rf_hal.o)
                0x00030782                RAILINT_82cb69b0972fa2512c3bdb5f16e24fca
 .text.RFHAL_IsAutoAckEnabled
                0x000307f8        0x8 C:\Users\huekh\SimplicityStudio\v4_workspace\Mesh_Transfer_AES_AD\protocol\bluetooth\lib\EFR32XG13X\GCC\libbluetooth_mesh.a(rail_rf_hal.o)
                0x000307f8                RAILINT_ce02a739082f36580275d98771e2a8d3
 .text.RFHAL_AutoAckWaitForAck
                0x00030800       0x18 C:\Users\huekh\SimplicityStudio\v4_workspace\Mesh_Transfer_AES_AD\protocol\bluetooth\lib\EFR32XG13X\GCC\libbluetooth_mesh.a(rail_rf_hal.o)
                0x00030800                RAILINT_0a7d1d9a24308e68c2362d7ddca762b2
 .text.RFHAL_GetRxPacketInfo
                0x00030818       0x48 C:\Users\huekh\SimplicityStudio\v4_workspace\Mesh_Transfer_AES_AD\protocol\bluetooth\lib\EFR32XG13X\GCC\libbluetooth_mesh.a(rail_rf_hal.o)
                0x00030818                RAILINT_39475387e0cb29596ec425b4cfae76fb
 .text.RFHAL_GetRxPacketDetailsAlt
                0x00030860      0x150 C:\Users\huekh\SimplicityStudio\v4_workspace\Mesh_Transfer_AES_AD\protocol\bluetooth\lib\EFR32XG13X\GCC\libbluetooth_mesh.a(rail_rf_hal.o)
                0x00030860                RAILINT_7340662f8076c6df26ddd5f2b9cd6a27
 .text.RFHAL_GetRxTimePreambleStart
                0x000309b0       0x2c C:\Users\huekh\SimplicityStudio\v4_workspace\Mesh_Transfer_AES_AD\protocol\bluetooth\lib\EFR32XG13X\GCC\libbluetooth_mesh.a(rail_rf_hal.o)
                0x000309b0                RAILINT_5e0dff499d47d29af54b31d243bd9f2d
 .text.RFHAL_SetTxBuffer
                0x000309dc       0x34 C:\Users\huekh\SimplicityStudio\v4_workspace\Mesh_Transfer_AES_AD\protocol\bluetooth\lib\EFR32XG13X\GCC\libbluetooth_mesh.a(rail_rf_hal.o)
                0x000309dc                RAILINT_22f7df12e4a1d0a9505ecc05b8267876
 .text.RFHAL_SetRxBuffer
                0x00030a10       0x2e C:\Users\huekh\SimplicityStudio\v4_workspace\Mesh_Transfer_AES_AD\protocol\bluetooth\lib\EFR32XG13X\GCC\libbluetooth_mesh.a(rail_rf_hal.o)
                0x00030a10                RAILINT_c74a32ce9d9046472fb95f04500b8771
 *fill*         0x00030a3e        0x2 
 .text.RFHAL_ResetTxFifo
                0x00030a40       0x2c C:\Users\huekh\SimplicityStudio\v4_workspace\Mesh_Transfer_AES_AD\protocol\bluetooth\lib\EFR32XG13X\GCC\libbluetooth_mesh.a(rail_rf_hal.o)
                0x00030a40                RAILINT_0030aaf1be11a73e163f8aa48fb001e6
 .text.RFHAL_WriteTxFifo
                0x00030a6c       0x58 C:\Users\huekh\SimplicityStudio\v4_workspace\Mesh_Transfer_AES_AD\protocol\bluetooth\lib\EFR32XG13X\GCC\libbluetooth_mesh.a(rail_rf_hal.o)
                0x00030a6c                RAILINT_f6fe6f8bc6346ccaf1570b57732bf259
 .text.RFHAL_ConfigData
                0x00030ac4       0x68 C:\Users\huekh\SimplicityStudio\v4_workspace\Mesh_Transfer_AES_AD\protocol\bluetooth\lib\EFR32XG13X\GCC\libbluetooth_mesh.a(rail_rf_hal.o)
                0x00030ac4                RAILINT_3249bafee0e18f9151d82aad8ddf3cdc
 .text.RFHAL_ResetRxFifo
                0x00030b2c       0x40 C:\Users\huekh\SimplicityStudio\v4_workspace\Mesh_Transfer_AES_AD\protocol\bluetooth\lib\EFR32XG13X\GCC\libbluetooth_mesh.a(rail_rf_hal.o)
                0x00030b2c                RAILINT_19f750ed6d201d6d1fe49531e310f9cd
 .text.RFHAL_SetAbortScheduledTxDuringRx
                0x00030b6c       0x18 C:\Users\huekh\SimplicityStudio\v4_workspace\Mesh_Transfer_AES_AD\protocol\bluetooth\lib\EFR32XG13X\GCC\libbluetooth_mesh.a(rail_rf_hal.o)
                0x00030b6c                RAILINT_61d79c5892bbcb8907b45e60e17b4a31
 .text.RFHAL_ConfigRadio
                0x00030b84       0x14 C:\Users\huekh\SimplicityStudio\v4_workspace\Mesh_Transfer_AES_AD\protocol\bluetooth\lib\EFR32XG13X\GCC\libbluetooth_mesh.a(rail_rf_hal.o)
                0x00030b84                RAILINT_6d729d30865a1181274e70bba293b37d
 .text.RFHAL_PostRadioConfig
                0x00030b98      0x138 C:\Users\huekh\SimplicityStudio\v4_workspace\Mesh_Transfer_AES_AD\protocol\bluetooth\lib\EFR32XG13X\GCC\libbluetooth_mesh.a(rail_rf_hal.o)
                0x00030b98                RAILINT_6b5630b34036f93858d808a0dec3cb6b
 .text.RFHAL_GetTime
                0x00030cd0        0x4 C:\Users\huekh\SimplicityStudio\v4_workspace\Mesh_Transfer_AES_AD\protocol\bluetooth\lib\EFR32XG13X\GCC\libbluetooth_mesh.a(rail_rf_hal.o)
                0x00030cd0                RAILINT_a6606cea071a8aecad4fccf2fa5c2f69
 .text.RFHAL_ResetAddressFilter
                0x00030cd4       0x10 C:\Users\huekh\SimplicityStudio\v4_workspace\Mesh_Transfer_AES_AD\protocol\bluetooth\lib\EFR32XG13X\GCC\libbluetooth_mesh.a(rail_rf_hal.o)
                0x00030cd4                RAILINT_ab69c12a8bdde689baa3a5f9181b6b10
 .text.RFHAL_Init
                0x00030ce4       0xc0 C:\Users\huekh\SimplicityStudio\v4_workspace\Mesh_Transfer_AES_AD\protocol\bluetooth\lib\EFR32XG13X\GCC\libbluetooth_mesh.a(rail_rf_hal.o)
                0x00030ce4                RAILINT_20043ff5b8e6ab39c3068dab7403a8c6
 .text.RFHAL_GetRadioEntropy
                0x00030da4        0x4 C:\Users\huekh\SimplicityStudio\v4_workspace\Mesh_Transfer_AES_AD\protocol\bluetooth\lib\EFR32XG13X\GCC\libbluetooth_mesh.a(rail_rf_hal.o)
                0x00030da4                RAILINT_e25ebd0345d4056b33f0f4fac6b1c90e
 .text.RFHAL_SetStateTiming
                0x00030da8       0x56 C:\Users\huekh\SimplicityStudio\v4_workspace\Mesh_Transfer_AES_AD\protocol\bluetooth\lib\EFR32XG13X\GCC\libbluetooth_mesh.a(rail_rf_hal.o)
                0x00030da8                RAILINT_378f9ba2bb60cd348bf1a73dc64fc6af
 .text.RFHAL_ConfigPti
                0x00030dfe        0x4 C:\Users\huekh\SimplicityStudio\v4_workspace\Mesh_Transfer_AES_AD\protocol\bluetooth\lib\EFR32XG13X\GCC\libbluetooth_mesh.a(rail_rf_hal.o)
                0x00030dfe                RAILINT_d2275ce494141a43924ec452d3ba7576
 .text.RFHAL_EnablePti
                0x00030e02        0x4 C:\Users\huekh\SimplicityStudio\v4_workspace\Mesh_Transfer_AES_AD\protocol\bluetooth\lib\EFR32XG13X\GCC\libbluetooth_mesh.a(rail_rf_hal.o)
                0x00030e02                RAILINT_6933b33bcba9ce817d4fee78f878e935
 *fill*         0x00030e06        0x2 
 .text.RFHAL_InitTimerSync
                0x00030e08       0x1c C:\Users\huekh\SimplicityStudio\v4_workspace\Mesh_Transfer_AES_AD\protocol\bluetooth\lib\EFR32XG13X\GCC\libbluetooth_mesh.a(rail_rf_hal.o)
                0x00030e08                RAILINT_8fe0b2621bc00896438b9e80a7134a2b
 .text.RFHAL_Wake
                0x00030e24       0x34 C:\Users\huekh\SimplicityStudio\v4_workspace\Mesh_Transfer_AES_AD\protocol\bluetooth\lib\EFR32XG13X\GCC\libbluetooth_mesh.a(rail_rf_hal.o)
                0x00030e24                RAILINT_953d61bf1e40e19c3894ff80d3afdc31
 .text.RFHAL_Sleep
                0x00030e58       0x68 C:\Users\huekh\SimplicityStudio\v4_workspace\Mesh_Transfer_AES_AD\protocol\bluetooth\lib\EFR32XG13X\GCC\libbluetooth_mesh.a(rail_rf_hal.o)
                0x00030e58                RAILINT_c86649c0fdcc1b99c60d099982324aa4
 .text.RFHAL_SetupRxChannelHoppingHardware
                0x00030ec0       0x3c C:\Users\huekh\SimplicityStudio\v4_workspace\Mesh_Transfer_AES_AD\protocol\bluetooth\lib\EFR32XG13X\GCC\libbluetooth_mesh.a(rail_rf_hal.o)
                0x00030ec0                RAILINT_766a50f4d62b8145bfeba05efaf84c8b
 .text.RFHAL_StartRx